Archive member included because of file (symbol)

c:/rapidittyde0/plugins/com.ttesystems.tte32.tools.win32_2.4.0/files/bin/../lib/gcc/mipsel-elf/4.4.5/soft-float\libsyscalls.a(syscalls.o)
                              Source\main.o (Device_Add)
c:/rapidittyde0/plugins/com.ttesystems.tte32.tools.win32_2.4.0/files/bin/../lib/gcc/mipsel-elf/4.4.5/../../../../mipsel-elf/lib/soft-float\libc.a(lib_a-errno.o)
                              c:/rapidittyde0/plugins/com.ttesystems.tte32.tools.win32_2.4.0/files/bin/../lib/gcc/mipsel-elf/4.4.5/soft-float\libsyscalls.a(syscalls.o) (__errno)
c:/rapidittyde0/plugins/com.ttesystems.tte32.tools.win32_2.4.0/files/bin/../lib/gcc/mipsel-elf/4.4.5/../../../../mipsel-elf/lib/soft-float\libc.a(lib_a-impure.o)
                              c:/rapidittyde0/plugins/com.ttesystems.tte32.tools.win32_2.4.0/files/bin/../lib/gcc/mipsel-elf/4.4.5/../../../../mipsel-elf/lib/soft-float\libc.a(lib_a-errno.o) (_impure_ptr)
c:/rapidittyde0/plugins/com.ttesystems.tte32.tools.win32_2.4.0/files/bin/../lib/gcc/mipsel-elf/4.4.5/../../../../mipsel-elf/lib/soft-float\libc.a(lib_a-memcpy.o)
                              Source\Tasks\PathFinder\pathfinder.o (memcpy)
c:/rapidittyde0/plugins/com.ttesystems.tte32.tools.win32_2.4.0/files/bin/../lib/gcc/mipsel-elf/4.4.5/../../../../mipsel-elf/lib/soft-float\libc.a(lib_a-strcmp.o)
                              c:/rapidittyde0/plugins/com.ttesystems.tte32.tools.win32_2.4.0/files/bin/../lib/gcc/mipsel-elf/4.4.5/soft-float\libsyscalls.a(syscalls.o) (strcmp)
c:/rapidittyde0/plugins/com.ttesystems.tte32.tools.win32_2.4.0/files/bin/../lib/gcc/mipsel-elf/4.4.5/soft-float\libgcc.a(_fixunsdfsi.o)
                              Source\Tasks\Script_Keeper\script_keeper.o (__fixunsdfsi)
c:/rapidittyde0/plugins/com.ttesystems.tte32.tools.win32_2.4.0/files/bin/../lib/gcc/mipsel-elf/4.4.5/soft-float\libgcc.a(_addsub_df.o)
                              c:/rapidittyde0/plugins/com.ttesystems.tte32.tools.win32_2.4.0/files/bin/../lib/gcc/mipsel-elf/4.4.5/soft-float\libgcc.a(_fixunsdfsi.o) (__subdf3)
c:/rapidittyde0/plugins/com.ttesystems.tte32.tools.win32_2.4.0/files/bin/../lib/gcc/mipsel-elf/4.4.5/soft-float\libgcc.a(_mul_df.o)
                              Source\Tasks\Motor_Right\motor_right.o (__muldf3)
c:/rapidittyde0/plugins/com.ttesystems.tte32.tools.win32_2.4.0/files/bin/../lib/gcc/mipsel-elf/4.4.5/soft-float\libgcc.a(_ge_df.o)
                              c:/rapidittyde0/plugins/com.ttesystems.tte32.tools.win32_2.4.0/files/bin/../lib/gcc/mipsel-elf/4.4.5/soft-float\libgcc.a(_fixunsdfsi.o) (__gedf2)
c:/rapidittyde0/plugins/com.ttesystems.tte32.tools.win32_2.4.0/files/bin/../lib/gcc/mipsel-elf/4.4.5/soft-float\libgcc.a(_si_to_df.o)
                              Source\Tasks\Script_Keeper\script_keeper.o (__floatsidf)
c:/rapidittyde0/plugins/com.ttesystems.tte32.tools.win32_2.4.0/files/bin/../lib/gcc/mipsel-elf/4.4.5/soft-float\libgcc.a(_df_to_si.o)
                              Source\Tasks\Motor_Right\motor_right.o (__fixdfsi)
c:/rapidittyde0/plugins/com.ttesystems.tte32.tools.win32_2.4.0/files/bin/../lib/gcc/mipsel-elf/4.4.5/soft-float\libgcc.a(_thenan_df.o)
                              c:/rapidittyde0/plugins/com.ttesystems.tte32.tools.win32_2.4.0/files/bin/../lib/gcc/mipsel-elf/4.4.5/soft-float\libgcc.a(_addsub_df.o) (__thenan_df)
c:/rapidittyde0/plugins/com.ttesystems.tte32.tools.win32_2.4.0/files/bin/../lib/gcc/mipsel-elf/4.4.5/soft-float\libgcc.a(_ucmpdi2.o)
                              c:/rapidittyde0/plugins/com.ttesystems.tte32.tools.win32_2.4.0/files/bin/../lib/gcc/mipsel-elf/4.4.5/soft-float\libgcc.a(_addsub_df.o) (__ucmpdi2)
c:/rapidittyde0/plugins/com.ttesystems.tte32.tools.win32_2.4.0/files/bin/../lib/gcc/mipsel-elf/4.4.5/soft-float\libgcc.a(_clzsi2.o)
                              c:/rapidittyde0/plugins/com.ttesystems.tte32.tools.win32_2.4.0/files/bin/../lib/gcc/mipsel-elf/4.4.5/soft-float\libgcc.a(_si_to_df.o) (__clzsi2)
c:/rapidittyde0/plugins/com.ttesystems.tte32.tools.win32_2.4.0/files/bin/../lib/gcc/mipsel-elf/4.4.5/soft-float\libgcc.a(_pack_df.o)
                              c:/rapidittyde0/plugins/com.ttesystems.tte32.tools.win32_2.4.0/files/bin/../lib/gcc/mipsel-elf/4.4.5/soft-float\libgcc.a(_addsub_df.o) (__pack_d)
c:/rapidittyde0/plugins/com.ttesystems.tte32.tools.win32_2.4.0/files/bin/../lib/gcc/mipsel-elf/4.4.5/soft-float\libgcc.a(_unpack_df.o)
                              c:/rapidittyde0/plugins/com.ttesystems.tte32.tools.win32_2.4.0/files/bin/../lib/gcc/mipsel-elf/4.4.5/soft-float\libgcc.a(_addsub_df.o) (__unpack_d)
c:/rapidittyde0/plugins/com.ttesystems.tte32.tools.win32_2.4.0/files/bin/../lib/gcc/mipsel-elf/4.4.5/soft-float\libgcc.a(_fpcmp_parts_df.o)
                              c:/rapidittyde0/plugins/com.ttesystems.tte32.tools.win32_2.4.0/files/bin/../lib/gcc/mipsel-elf/4.4.5/soft-float\libgcc.a(_ge_df.o) (__fpcmp_parts_d)
[...]
Memory Configuration

Name             Origin             Length             Attributes
Flash            0x0000000000000000 0x0000000000400000 xr
Code             0x0000000020000000 0x0000000000008000 rw
Data             0x0000000040000000 0x0000000000004000 rw
*default*        0x0000000000000000 0xffffffffffffffff

Linker script and memory map

LOAD Source\main.o
LOAD Source\config.o
LOAD Source\Tasks\tasks.o
LOAD Source\Tasks\System_timer\system_timer.o
LOAD Source\Tasks\System_Control\system_control.o
LOAD Source\Tasks\Script_Keeper\script_keeper.o
LOAD Source\Tasks\Read_Enc\read_enc.o
LOAD Source\Tasks\PathFinder\pathfinder.o
LOAD Source\Tasks\Opponent_Tracker\opponent_tracker.o
LOAD Source\Tasks\Motor_Right\motor_right.o
LOAD Source\Tasks\Motor_Left\motor_left.o
LOAD Source\Tasks\Message_Sender\message_sender.o
LOAD Source\Tasks\Flashing_LED\flashing_led.o
LOAD Source\Tasks\Course_Corrector\course_corrector.o
LOAD Source\Tasks\CAN_relay\can_relay.o
LOAD Source\System\startup.o
LOAD Source\Scheduler\Internal\scheduler.o
LOAD Source\Scheduler\Internal\log.o
LOAD Source\Scheduler\Internal\interrupt.o
LOAD Source\Drivers\Internal\uart.o
LOAD Source\Drivers\Internal\timer.o
LOAD Source\Drivers\Internal\text_lcd.o
LOAD Source\Drivers\Internal\spi.o
LOAD Source\Drivers\Internal\segment.o
LOAD Source\Drivers\Internal\pwm.o
LOAD c:/rapidittyde0/plugins/com.ttesystems.tte32.tools.win32_2.4.0/files/bin/../lib/gcc/mipsel-elf/4.4.5/soft-float\libsyscalls.a
LOAD c:/rapidittyde0/plugins/com.ttesystems.tte32.tools.win32_2.4.0/files/bin/../lib/gcc/mipsel-elf/4.4.5/../../../../mipsel-elf/lib/soft-float\libc.a
LOAD c:/rapidittyde0/plugins/com.ttesystems.tte32.tools.win32_2.4.0/files/bin/../lib/gcc/mipsel-elf/4.4.5/../../../../mipsel-elf/lib/soft-float\libm.a
                0x0000000000000000                _stext = .
                0x0000000000000000                PROVIDE (stext, .)

.text           0x0000000020000000     0x2e5c load address 0x0000000000000000
                0x0000000020000000                _text = .
 *(.startup)
 .startup       0x0000000020000000      0x158 Source\System\startup.o
                0x0000000020000154                _exit
 *(.text .text.* .gnu.linkonce.t.*)
 .text.DEBUG_Assert_Failed
                0x0000000020000158        0x8 Source\main.o
                0x0000000020000158                DEBUG_Assert_Failed
 .text.main     0x0000000020000160       0x38 Source\main.o
                0x0000000020000160                main
 .text.Tasks_Init
                0x0000000020000198       0x6c Source\Tasks\tasks.o
                0x0000000020000198                Tasks_Init
 .text.System_timer_Init
                0x0000000020000204       0x18 Source\Tasks\System_timer\system_timer.o
                0x0000000020000204                System_timer_Init
 .text.System_Control_Init
                0x000000002000021c      0x144 Source\Tasks\System_Control\system_control.o
                0x000000002000021c                System_Control_Init
 .text.System_Control_Update
                0x0000000020000360      0x328 Source\Tasks\System_Control\system_control.o
                0x0000000020000360                System_Control_Update
 .text.Script_Keeper_Init
                0x0000000020000688       0x34 Source\Tasks\Script_Keeper\script_keeper.o
                0x0000000020000688                Script_Keeper_Init
 .text.Read_Enc_Init
                0x00000000200006bc       0xa8 Source\Tasks\Read_Enc\read_enc.o
                0x00000000200006bc                Read_Enc_Init
 .text.Read_Enc_Update
                0x0000000020000764      0x18c Source\Tasks\Read_Enc\read_enc.o
                0x0000000020000764                Read_Enc_Update
 .text.PathFinder_Init
                0x00000000200008f0      0x104 Source\Tasks\PathFinder\pathfinder.o
                0x00000000200008f0                PathFinder_Init
 .text.Opponent_Tracker_Init
                0x00000000200009f4        0xc Source\Tasks\Opponent_Tracker\opponent_tracker.o
                0x00000000200009f4                Opponent_Tracker_Init
 .text.speedControlRight
                0x0000000020000a00       0x8c Source\Tasks\Motor_Right\motor_right.o
                0x0000000020000a00                speedControlRight
 .text.visualsRt
                0x0000000020000a8c      0x154 Source\Tasks\Motor_Right\motor_right.o
                0x0000000020000a8c                visualsRt
 .text.Motor_Right_Update
                0x0000000020000be0       0x74 Source\Tasks\Motor_Right\motor_right.o
                0x0000000020000be0                Motor_Right_Update
 .text.Motor_Right_Init
                0x0000000020000c54       0xf0 Source\Tasks\Motor_Right\motor_right.o
                0x0000000020000c54                Motor_Right_Init
 .text.visualsLf
                0x0000000020000d44      0x148 Source\Tasks\Motor_Left\motor_left.o
                0x0000000020000d44                visualsLf
 .text.Motor_Left_Update
                0x0000000020000e8c       0x64 Source\Tasks\Motor_Left\motor_left.o
                0x0000000020000e8c                Motor_Left_Update
 .text.Motor_Left_Init
                0x0000000020000ef0       0xec Source\Tasks\Motor_Left\motor_left.o
                0x0000000020000ef0                Motor_Left_Init
 .text.spi_receive_CAN
                0x0000000020000fdc       0xe0 Source\Tasks\Message_Sender\message_sender.o
                0x0000000020000fdc                spi_receive_CAN
 .text.spi_buffer_CAN
                0x00000000200010bc       0xc8 Source\Tasks\Message_Sender\message_sender.o
                0x00000000200010bc                spi_buffer_CAN
 .text.Message_Sender_Update
                0x0000000020001184      0x6bc Source\Tasks\Message_Sender\message_sender.o
                0x0000000020001184                Message_Sender_Update
 .text.Message_Sender_Init
                0x0000000020001840       0xcc Source\Tasks\Message_Sender\message_sender.o
                0x0000000020001840                Message_Sender_Init
 .text.Flashing_LED_Init
                0x000000002000190c       0x58 Source\Tasks\Flashing_LED\flashing_led.o
                0x000000002000190c                Flashing_LED_Init
 .text.Flashing_LED_Toggle
                0x0000000020001964       0x8c Source\Tasks\Flashing_LED\flashing_led.o
                0x0000000020001964                Flashing_LED_Toggle
 .text.Course_Corrector_Init
                0x00000000200019f0        0xc Source\Tasks\Course_Corrector\course_corrector.o
                0x00000000200019f0                Course_Corrector_Init
 .text.Course_Corrector_Update
                0x00000000200019fc       0x5c Source\Tasks\Course_Corrector\course_corrector.o
                0x00000000200019fc                Course_Corrector_Update
 .text.CAN_relay_Init
                0x0000000020001a58       0x5c Source\Tasks\CAN_relay\can_relay.o
                0x0000000020001a58                CAN_relay_Init
 .text.readCAN  0x0000000020001ab4       0x68 Source\Tasks\CAN_relay\can_relay.o
                0x0000000020001ab4                readCAN
 .text.CAN_relay_Update
                0x0000000020001b1c       0xe0 Source\Tasks\CAN_relay\can_relay.o
                0x0000000020001b1c                CAN_relay_Update
 .text.Handler  0x0000000020001bfc       0x7c Source\System\startup.o
                0x0000000020001bfc                Handler
                0x0000000020001c24                End_Handler
                0x0000000020001c34                Excpt_Unused
                0x0000000020001c3c                Excpt_IAbort
                0x0000000020001c48                Excpt_DAbort
                0x0000000020001c50                Excpt_Syscall
                0x0000000020001c58                Excpt_UndefInst
                0x0000000020001c60                Excpt_Overflow
                0x0000000020001c68                Excpt_CoPro
                0x0000000020001c70                Excpt_Break
 .text.InterruptHandler
                0x0000000020001c78      0x134 Source\System\startup.o
                0x0000000020001c78                InterruptHandler
                0x0000000020001da8                End_IRQ_Ptr
 .text.Enable_Interrupts
                0x0000000020001dac       0x30 Source\System\startup.o
                0x0000000020001dac                Enable_Interrupts
 .text.Disable_Interrupts
                0x0000000020001ddc       0x38 Source\System\startup.o
                0x0000000020001ddc                Disable_Interrupts
 .text.Enter_Sleep_Mode
                0x0000000020001e14       0x28 Source\System\startup.o
                0x0000000020001e14                Enter_Sleep_Mode
                0x0000000020001e24                Sleep_Ptr
 .text.LOG_Trigger_Breakpoint
                0x0000000020001e3c        0x8 Source\System\startup.o
                0x0000000020001e3c                LOG_Trigger_Breakpoint
 .text.Scheduler_Tick
                0x0000000020001e44      0x128 Source\Scheduler\Internal\scheduler.o
                0x0000000020001e44                Scheduler_Tick
                0x0000000020001f18                Hybrid_End_Label
 .text.Scheduler_Dispatch
                0x0000000020001f6c      0x15c Source\Scheduler\Internal\scheduler.o
                0x0000000020001f6c                Scheduler_Dispatch
                0x000000002000202c                Task_End_Label
 .text.Shutdown_System
                0x00000000200020c8       0x1c Source\Scheduler\Internal\scheduler.o
                0x00000000200020c8                Shutdown_System
 .text.Scheduler_Start
                0x00000000200020e4       0x28 Source\Scheduler\Internal\scheduler.o
                0x00000000200020e4                Scheduler_Start
 .text.Scheduler_Init
                0x000000002000210c       0x84 Source\Scheduler\Internal\scheduler.o
                0x000000002000210c                Scheduler_Init
 .text.Write_32
                0x0000000020002190       0x78 Source\Scheduler\Internal\log.o
                0x0000000020002190                Write_32
 .text.Set_Watch
                0x0000000020002208       0x98 Source\Scheduler\Internal\log.o
                0x0000000020002208                Set_Watch
 .text.Get_Watch
                0x00000000200022a0       0xa8 Source\Scheduler\Internal\log.o
                0x00000000200022a0                Get_Watch
 .text.Log_Reset_Addresses
                0x0000000020002348       0x40 Source\Scheduler\Internal\log.o
                0x0000000020002348                Log_Reset_Addresses
 .text.Log_Idle
                0x0000000020002388       0x28 Source\Scheduler\Internal\log.o
                0x0000000020002388                Log_Idle
 .text.Log_Set_Address
                0x00000000200023b0       0x80 Source\Scheduler\Internal\log.o
                0x00000000200023b0                Log_Set_Address
 .text.Check_Buffer
                0x0000000020002430       0x54 Source\Scheduler\Internal\log.o
                0x0000000020002430                Check_Buffer
 .text.Log_Task_Address
                0x0000000020002484       0x98 Source\Scheduler\Internal\log.o
                0x0000000020002484                Log_Task_Address
 .text.Log_ISR_Time
                0x000000002000251c       0xe8 Source\Scheduler\Internal\log.o
                0x000000002000251c                Log_ISR_Time
 .text.Log_Tick_Start
                0x0000000020002604       0x78 Source\Scheduler\Internal\log.o
                0x0000000020002604                Log_Tick_Start
 .text.Log_Hybrid_End
                0x000000002000267c       0x30 Source\Scheduler\Internal\log.o
                0x000000002000267c                Log_Hybrid_End
 .text.Log_Hybrid_Start
                0x00000000200026ac       0x30 Source\Scheduler\Internal\log.o
                0x00000000200026ac                Log_Hybrid_Start
 .text.Log_Time
                0x00000000200026dc       0xc0 Source\Scheduler\Internal\log.o
                0x00000000200026dc                Log_Time
 .text.Log_Task_End
                0x000000002000279c       0x30 Source\Scheduler\Internal\log.o
                0x000000002000279c                Log_Task_End
 .text.Log_Task_Start
                0x00000000200027cc       0x30 Source\Scheduler\Internal\log.o
                0x00000000200027cc                Log_Task_Start
 .text.Log_Init
                0x00000000200027fc       0xf4 Source\Scheduler\Internal\log.o
                0x00000000200027fc                Log_Init
 .text.Log_Tick_End
                0x00000000200028f0       0x7c Source\Scheduler\Internal\log.o
                0x00000000200028f0                Log_Tick_End
 .text.Init_Interrupt
                0x000000002000296c       0x24 Source\Scheduler\Internal\interrupt.o
                0x000000002000296c                Init_Interrupt
 .text.Handle_Interrupts
                0x0000000020002990        0x8 Source\Scheduler\Internal\interrupt.o
                0x0000000020002990                Handle_Interrupts
 .text.Enable_Interrupt
                0x0000000020002998       0x38 Source\Scheduler\Internal\interrupt.o
                0x0000000020002998                Enable_Interrupt
 .text.Disable_Interrupt
                0x00000000200029d0       0x28 Source\Scheduler\Internal\interrupt.o
                0x00000000200029d0                Disable_Interrupt
 .text.Timer_Init
                0x00000000200029f8       0xc0 Source\Drivers\Internal\timer.o
                0x00000000200029f8                Timer_Init
 .text.Timer_Start
                0x0000000020002ab8       0x28 Source\Drivers\Internal\timer.o
                0x0000000020002ab8                Timer_Start
 .text.SPI_Init
                0x0000000020002ae0       0x34 Source\Drivers\Internal\spi.o
                0x0000000020002ae0                SPI_Init
 .text.SPI_Swap
                0x0000000020002b14       0x50 Source\Drivers\Internal\spi.o
                0x0000000020002b14                SPI_Swap
 .text.Segment_Clear_Decimal
                0x0000000020002b64       0x98 Source\Drivers\Internal\segment.o
                0x0000000020002b64                Segment_Clear_Decimal
 .text.Segment_Set_Decimal
                0x0000000020002bfc       0x94 Source\Drivers\Internal\segment.o
                0x0000000020002bfc                Segment_Set_Decimal
 .text.Segment_Write
                0x0000000020002c90       0xb4 Source\Drivers\Internal\segment.o
                0x0000000020002c90                Segment_Write
 .text.Segment_Enable
                0x0000000020002d44       0x94 Source\Drivers\Internal\segment.o
                0x0000000020002d44                Segment_Enable
 .text.Device_Add
                0x0000000020002dd8       0x84 c:/rapidittyde0/plugins/com.ttesystems.tte32.tools.win32_2.4.0/files/bin/../lib/gcc/mipsel-elf/4.4.5/soft-float\libsyscalls.a(syscalls.o)
                0x0000000020002dd8                Device_Add
 *(.init .init.*)
 *(.fini .fini.*)

.rel.dyn        0x0000000020002e5c        0x0 load address 0x0000000000002e5c
 .rel.dyn       0x0000000000000000        0x0 Source\config.o
                0x0000000020002e5c                . = ALIGN (0x4)
                0x0000000020002e5c                _etext = .
                0x0000000020002e5c                PROVIDE (etext, .)

.data           0x0000000040000000      0x180 load address 0x0000000000002e5c
                0x0000000040000000                _data = .
                0x0000000040000000                PROVIDE (data, .)
 *(.sdata.config* .data.config*)
 *(.rodata .rodata.*)
 .rodata.str1.4
                0x0000000040000000       0x28 Source\Drivers\Internal\segment.o
 .rodata.segment_decimal
                0x0000000040000028       0x10 Source\Drivers\Internal\segment.o
 .rodata.segment_value
                0x0000000040000038       0x10 Source\Drivers\Internal\segment.o
 .rodata.segment_enabled
                0x0000000040000048       0x10 Source\Drivers\Internal\segment.o
 *(.data .data.* .gnu.linkonce.d.*)
 .data.Tasks    0x0000000040000058       0xc0 Source\config.o
                0x0000000040000058                Tasks
 .data.USR_Stk_Val
                0x0000000040000118        0x4 Source\System\startup.o
                0x0000000040000118                USR_Stk_Val
 .data.INT_Stk_Val
                0x000000004000011c        0x4 Source\System\startup.o
                0x000000004000011c                INT_Stk_Val
 .data.TableBase
                0x0000000040000120       0x40 Source\System\startup.o
                0x0000000040000120                TableBase
 *(.eh_frame .eh_frame.*)
 *(.rdata .rdata.*)
 *(.jcr .jcr.*)
 *(.sdata .sdata.*)
 .sdata.Config_Num_Tasks
                0x0000000040000160        0x4 Source\config.o
                0x0000000040000160                Config_Num_Tasks
 .sdata.displayA
                0x0000000040000164        0x4 Source\Tasks\Motor_Right\motor_right.o
 .sdata.displayB
                0x0000000040000168        0x4 Source\Tasks\Motor_Right\motor_right.o
 .sdata.displayC
                0x000000004000016c        0x4 Source\Tasks\Motor_Left\motor_left.o
 .sdata.displayD
                0x0000000040000170        0x4 Source\Tasks\Motor_Left\motor_left.o
 .sdata.idle_index
                0x0000000040000174        0x4 Source\Scheduler\Internal\log.o
 .sdata.log_char
                0x0000000040000178        0x8 Source\Scheduler\Internal\log.o
                0x0000000040000180                . = ALIGN (0x4)
                0x0000000040000180                _edata = .
                0x0000000040000180                PROVIDE (edata, .)
                0x0000000040000180                _gp = ABSOLUTE (.)

.bss            0x0000000040000180      0x838 load address 0x0000000000002fdc
                0x0000000040000180                _bss = .
                0x0000000040000180                PROVIDE (bss, .)
 *(.sbss .sbss.*)
 .sbss.led_state
                0x0000000040000180        0x4 Source\Tasks\Flashing_LED\flashing_led.o
 .sbss.current_task
                0x0000000040000184        0x4 Source\Scheduler\Internal\scheduler.o
 .sbss.system_time
                0x0000000040000188        0x4 Source\Scheduler\Internal\scheduler.o
 .sbss.single_tick_time
                0x000000004000018c        0x4 Source\Scheduler\Internal\scheduler.o
 .sbss.last_index
                0x0000000040000190        0x4 Source\Scheduler\Internal\log.o
 .sbss.previous_time
                0x0000000040000194        0x4 Source\Scheduler\Internal\log.o
 .sbss.previous_isr_time
                0x0000000040000198        0x4 Source\Scheduler\Internal\log.o
 .sbss.current_tick
                0x000000004000019c        0x4 Source\Scheduler\Internal\log.o
 .sbss.buffer_index
                0x00000000400001a0        0x4 Source\Scheduler\Internal\log.o
 .sbss.nesting_level
                0x00000000400001a4        0x4 Source\Scheduler\Internal\interrupt.o
 *(.bss .bss.* .gnu.linkonce.b.*)
 .bss.device_list
                0x00000000400001a8       0x10 c:/rapidittyde0/plugins/com.ttesystems.tte32.tools.win32_2.4.0/files/bin/../lib/gcc/mipsel-elf/4.4.5/soft-float\libsyscalls.a(syscalls.o)
 *(.scommon .scommon.*)
 .scommon       0x00000000400001b8       0xb5 Source\config.o
                0x00000000400001b8                Target_counts_Left_G
                0x00000000400001bc                Motor_Lf_Enc_Track
                0x00000000400001c0                Opponent_detected
                0x00000000400001c4                next_x_map_pos_G
                0x00000000400001c8                robot_x_map_pos_G
                0x00000000400001cc                next_y_map_pos_G
                0x00000000400001d0                Orientation_G
                0x00000000400001d4                next_distance_G
                0x00000000400001d8                next_x_coord_G
                0x00000000400001dc                robot_x_coord_G
                0x00000000400001e0                Course_correction_Rt
                0x00000000400001e4                canIDRt
                0x00000000400001e8                End_Of_MoveLf
                0x00000000400001ec                candataLf
                0x00000000400001f4                Course_correction_Lf
                0x00000000400001f8                canIDSensors
                0x00000000400001fc                robot_y_map_pos_G
                0x0000000040000200                delta_x
                0x0000000040000204                Right_motor_direction_G
                0x0000000040000208                WheelCounts_Left_G
                0x000000004000020c                robot_y_coord_G
                0x0000000040000210                opp_x_coord_G
                0x0000000040000214                Left_motor_direction_G
                0x0000000040000218                candataRt
                0x0000000040000220                heading_radians_G
                0x0000000040000224                Pathdriver_Control_G
                0x0000000040000228                servo
                0x0000000040000230                Left_motor_speed_G
                0x0000000040000232                Right_motor_speed_G
                0x0000000040000234                next_wheel_counts_G
                0x0000000040000238                next_y_coord_G
                0x000000004000023c                delta_y
                0x0000000040000240                Team_Colour
                0x0000000040000244                Target_counts_Right_G
                0x0000000040000248                WheelCounts_Right_G
                0x000000004000024c                Pathfinder_Control_G
                0x0000000040000250                Strategy_G
                0x0000000040000254                opp_y_coord_G
                0x0000000040000258                Motor_Rt_Enc_Track
                0x000000004000025c                Script_update
                0x0000000040000260                Script_no_G
                0x0000000040000264                End_Of_MoveRt
                0x0000000040000268                canIDLf
                0x000000004000026c                Path_no_G
 .scommon       0x000000004000026d        0x0 Source\Tasks\tasks.o
 *fill*         0x000000004000026d        0x3 00
 .scommon       0x0000000040000270        0x8 Source\Tasks\System_timer\system_timer.o
                0x0000000040000270                Timer_Status
                0x0000000040000274                Init_period_reload
 .scommon       0x0000000040000278        0x5 Source\Tasks\System_Control\system_control.o
                0x0000000040000278                System_Mode_G
                0x000000004000027c                debounce
 .scommon       0x000000004000027d        0x1 Source\Tasks\Script_Keeper\script_keeper.o
                0x000000004000027d                Script_count
 *fill*         0x000000004000027e        0x2 00
 .scommon       0x0000000040000280       0x44 Source\Tasks\Read_Enc\read_enc.o
                0x0000000040000280                WheelCount
                0x0000000040000288                EncSignal_A
                0x0000000040000290                RevCount
                0x0000000040000298                EncSignal_B
                0x00000000400002a0                EncoderCount
                0x00000000400002a8                bufferTime
                0x00000000400002ac                WheelDirection
                0x00000000400002b4                Pulse_Flag
                0x00000000400002bc                CountError_Flag
 .scommon       0x00000000400002c4        0x0 Source\Tasks\PathFinder\pathfinder.o
 .scommon       0x00000000400002c4        0x1 Source\Tasks\Opponent_Tracker\opponent_tracker.o
                0x00000000400002c4                sensorDebounce
 *fill*         0x00000000400002c5        0x3 00
 .scommon       0x00000000400002c8       0x10 Source\Tasks\Motor_Right\motor_right.o
                0x00000000400002c8                Enc_Rt_Old
                0x00000000400002cc                scriptTimeoutRt
                0x00000000400002d0                Enc_Rt_Diff
                0x00000000400002d4                Script_no_check_Rt
                0x00000000400002d6                bottleTimeoutRt
 .scommon       0x00000000400002d8        0xd Source\Tasks\Motor_Left\motor_left.o
                0x00000000400002d8                Enc_Lf_Diff
                0x00000000400002dc                Enc_Lf_Old
                0x00000000400002e0                bottleTimeoutLf
                0x00000000400002e2                scriptTimeoutLf
                0x00000000400002e4                Script_no_check_Lf
 *fill*         0x00000000400002e5        0x3 00
 .scommon       0x00000000400002e8       0x32 Source\Tasks\Message_Sender\message_sender.o
                0x00000000400002e8                RX0_ID_Bytes
                0x00000000400002f0                EXT_ID_Bytes
                0x00000000400002f5                speedPin
                0x00000000400002f8                init
                0x00000000400002fc                RX1_ID_Bytes
                0x0000000040000304                RX_Buffer_ID_Bytes
                0x000000004000030c                PAD_ID
                0x0000000040000310                RX_Buffer_Data_array
                0x0000000040000318                ticked
 .scommon       0x000000004000031a        0x0 Source\Tasks\Flashing_LED\flashing_led.o
 .scommon       0x000000004000031a        0x0 Source\Tasks\Course_Corrector\course_corrector.o
 .scommon       0x000000004000031a        0x7 Source\Tasks\CAN_relay\can_relay.o
                0x000000004000031a                motor_direction_Rt
                0x000000004000031c                motor_speed_Rt
                0x000000004000031e                motor_speed_Lf
                0x0000000040000320                motor_direction_Lf
 *(COMMON)
 *fill*         0x0000000040000321        0x3 00
 COMMON         0x0000000040000324      0x2ac Source\config.o
                0x0000000040000324                Path_G
                0x00000000400003a4                bufferRX0
                0x00000000400003b4                bufferRX1
                0x00000000400003c4                sensorReadings
                0x00000000400003d0                Script_G
 COMMON         0x00000000400005d0      0x3e8 Source\Scheduler\Internal\log.o
                0x00000000400005d0                Log_Buffer
                0x00000000400009b8                _ebss = .
                0x00000000400009b8                PROVIDE (ebss, .)

.log
 *(.log)
                0x00000000400009b8                _end = .
                0x00000000400009b8                PROVIDE (end, .)
                0x00000000400009b8                PROVIDE (_heap_start, .)

.stack          0x0000000040003600      0xa00
                0x0000000040003600                PROVIDE (_heap_end, .)
 *(.stack .stack.*)
 .stack.Stack_G
                0x0000000040003600      0xa00 Source\System\startup.o
                0x0000000040003600                Stack_G
LOAD c:/rapidittyde0/plugins/com.ttesystems.tte32.tools.win32_2.4.0/files/bin/../lib/gcc/mipsel-elf/4.4.5/soft-float\libgcc.a
LOAD c:/rapidittyde0/plugins/com.ttesystems.tte32.tools.win32_2.4.0/files/bin/../lib/gcc/mipsel-elf/4.4.5/soft-float\libgcc.a
OUTPUT(Eurobot2012.elf elf32-littlemips)

.reginfo        0x0000000000000000       0x18
 .reginfo       0x0000000000000000       0x18 Source\main.o

.mdebug.abi32   0x0000000000000000        0x0
 .mdebug.abi32  0x0000000000000000        0x0 Source\main.o
 .mdebug.abi32  0x0000000000000000        0x0 Source\config.o
 .mdebug.abi32  0x0000000000000000        0x0 Source\Tasks\tasks.o
 .mdebug.abi32  0x0000000000000000        0x0 Source\Tasks\System_timer\system_timer.o
 .mdebug.abi32  0x0000000000000000        0x0 Source\Tasks\System_Control\system_control.o
 .mdebug.abi32  0x0000000000000000        0x0 Source\Tasks\Script_Keeper\script_keeper.o
 .mdebug.abi32  0x0000000000000000        0x0 Source\Tasks\Read_Enc\read_enc.o
 .mdebug.abi32  0x0000000000000000        0x0 Source\Tasks\PathFinder\pathfinder.o
 .mdebug.abi32  0x0000000000000000        0x0 Source\Tasks\Opponent_Tracker\opponent_tracker.o
 .mdebug.abi32  0x0000000000000000        0x0 Source\Tasks\Motor_Right\motor_right.o
 .mdebug.abi32  0x0000000000000000        0x0 Source\Tasks\Motor_Left\motor_left.o
 .mdebug.abi32  0x0000000000000000        0x0 Source\Tasks\Message_Sender\message_sender.o
 .mdebug.abi32  0x0000000000000000        0x0 Source\Tasks\Flashing_LED\flashing_led.o
 .mdebug.abi32  0x0000000000000000        0x0 Source\Tasks\Course_Corrector\course_corrector.o
 .mdebug.abi32  0x0000000000000000        0x0 Source\Tasks\CAN_relay\can_relay.o
 .mdebug.abi32  0x0000000000000000        0x0 Source\Scheduler\Internal\scheduler.o
 .mdebug.abi32  0x0000000000000000        0x0 Source\Scheduler\Internal\log.o
 .mdebug.abi32  0x0000000000000000        0x0 Source\Scheduler\Internal\interrupt.o
 .mdebug.abi32  0x0000000000000000        0x0 Source\Drivers\Internal\uart.o
 .mdebug.abi32  0x0000000000000000        0x0 Source\Drivers\Internal\timer.o
 .mdebug.abi32  0x0000000000000000        0x0 Source\Drivers\Internal\text_lcd.o
 .mdebug.abi32  0x0000000000000000        0x0 Source\Drivers\Internal\spi.o
 .mdebug.abi32  0x0000000000000000        0x0 Source\Drivers\Internal\segment.o
 .mdebug.abi32  0x0000000000000000        0x0 Source\Drivers\Internal\pwm.o
 .mdebug.abi32  0x0000000000000000        0x0 c:/rapidittyde0/plugins/com.ttesystems.tte32.tools.win32_2.4.0/files/bin/../lib/gcc/mipsel-elf/4.4.5/soft-float\libsyscalls.a(syscalls.o)
 .mdebug.abi32  0x0000000000000000        0x0 c:/rapidittyde0/plugins/com.ttesystems.tte32.tools.win32_2.4.0/files/bin/../lib/gcc/mipsel-elf/4.4.5/../../../../mipsel-elf/lib/soft-float\libc.a(lib_a-errno.o)
 .mdebug.abi32  0x0000000000000000        0x0 c:/rapidittyde0/plugins/com.ttesystems.tte32.tools.win32_2.4.0/files/bin/../lib/gcc/mipsel-elf/4.4.5/../../../../mipsel-elf/lib/soft-float\libc.a(lib_a-impure.o)
 .mdebug.abi32  0x0000000000000000        0x0 c:/rapidittyde0/plugins/com.ttesystems.tte32.tools.win32_2.4.0/files/bin/../lib/gcc/mipsel-elf/4.4.5/../../../../mipsel-elf/lib/soft-float\libc.a(lib_a-memcpy.o)
 .mdebug.abi32  0x0000000000000000        0x0 c:/rapidittyde0/plugins/com.ttesystems.tte32.tools.win32_2.4.0/files/bin/../lib/gcc/mipsel-elf/4.4.5/../../../../mipsel-elf/lib/soft-float\libc.a(lib_a-strcmp.o)
 .mdebug.abi32  0x0000000000000000        0x0 c:/rapidittyde0/plugins/com.ttesystems.tte32.tools.win32_2.4.0/files/bin/../lib/gcc/mipsel-elf/4.4.5/soft-float\libgcc.a(_fixunsdfsi.o)
 .mdebug.abi32  0x0000000000000000        0x0 c:/rapidittyde0/plugins/com.ttesystems.tte32.tools.win32_2.4.0/files/bin/../lib/gcc/mipsel-elf/4.4.5/soft-float\libgcc.a(_addsub_df.o)
 .mdebug.abi32  0x0000000000000000        0x0 c:/rapidittyde0/plugins/com.ttesystems.tte32.tools.win32_2.4.0/files/bin/../lib/gcc/mipsel-elf/4.4.5/soft-float\libgcc.a(_mul_df.o)
 .mdebug.abi32  0x0000000000000000        0x0 c:/rapidittyde0/plugins/com.ttesystems.tte32.tools.win32_2.4.0/files/bin/../lib/gcc/mipsel-elf/4.4.5/soft-float\libgcc.a(_ge_df.o)
 .mdebug.abi32  0x0000000000000000        0x0 c:/rapidittyde0/plugins/com.ttesystems.tte32.tools.win32_2.4.0/files/bin/../lib/gcc/mipsel-elf/4.4.5/soft-float\libgcc.a(_si_to_df.o)
 .mdebug.abi32  0x0000000000000000        0x0 c:/rapidittyde0/plugins/com.ttesystems.tte32.tools.win32_2.4.0/files/bin/../lib/gcc/mipsel-elf/4.4.5/soft-float\libgcc.a(_df_to_si.o)
 .mdebug.abi32  0x0000000000000000        0x0 c:/rapidittyde0/plugins/com.ttesystems.tte32.tools.win32_2.4.0/files/bin/../lib/gcc/mipsel-elf/4.4.5/soft-float\libgcc.a(_thenan_df.o)
 .mdebug.abi32  0x0000000000000000        0x0 c:/rapidittyde0/plugins/com.ttesystems.tte32.tools.win32_2.4.0/files/bin/../lib/gcc/mipsel-elf/4.4.5/soft-float\libgcc.a(_ucmpdi2.o)
 .mdebug.abi32  0x0000000000000000        0x0 c:/rapidittyde0/plugins/com.ttesystems.tte32.tools.win32_2.4.0/files/bin/../lib/gcc/mipsel-elf/4.4.5/soft-float\libgcc.a(_clzsi2.o)
 .mdebug.abi32  0x0000000000000000        0x0 c:/rapidittyde0/plugins/com.ttesystems.tte32.tools.win32_2.4.0/files/bin/../lib/gcc/mipsel-elf/4.4.5/soft-float\libgcc.a(_pack_df.o)
 .mdebug.abi32  0x0000000000000000        0x0 c:/rapidittyde0/plugins/com.ttesystems.tte32.tools.win32_2.4.0/files/bin/../lib/gcc/mipsel-elf/4.4.5/soft-float\libgcc.a(_unpack_df.o)
 .mdebug.abi32  0x0000000000000000        0x0 c:/rapidittyde0/plugins/com.ttesystems.tte32.tools.win32_2.4.0/files/bin/../lib/gcc/mipsel-elf/4.4.5/soft-float\libgcc.a(_fpcmp_parts_df.o)
 .mdebug.abi32  0x0000000000000000        0x0 c:/rapidittyde0/plugins/com.ttesystems.tte32.tools.win32_2.4.0/files/bin/../lib/gcc/mipsel-elf/4.4.5/soft-float\libgcc.a(_lshrdi3.o)
 .mdebug.abi32  0x0000000000000000        0x0 c:/rapidittyde0/plugins/com.ttesystems.tte32.tools.win32_2.4.0/files/bin/../lib/gcc/mipsel-elf/4.4.5/soft-float\libgcc.a(_ashldi3.o)
 .mdebug.abi32  0x0000000000000000        0x0 c:/rapidittyde0/plugins/com.ttesystems.tte32.tools.win32_2.4.0/files/bin/../lib/gcc/mipsel-elf/4.4.5/soft-float\libgcc.a(_clz.o)

.comment        0x0000000000000000       0x23
 .comment       0x0000000000000000       0x11 Source\main.o
                                         0x12 (size before relaxing)
 .comment       0x0000000000000000       0x12 Source\config.o
 .comment       0x0000000000000000       0x12 Source\Tasks\tasks.o
 .comment       0x0000000000000000       0x12 Source\Tasks\System_timer\system_timer.o
 .comment       0x0000000000000000       0x12 Source\Tasks\System_Control\system_control.o
 .comment       0x0000000000000000       0x12 Source\Tasks\Script_Keeper\script_keeper.o
 .comment       0x0000000000000000       0x12 Source\Tasks\Read_Enc\read_enc.o
 .comment       0x0000000000000000       0x12 Source\Tasks\PathFinder\pathfinder.o
 .comment       0x0000000000000000       0x12 Source\Tasks\Opponent_Tracker\opponent_tracker.o
 .comment       0x0000000000000000       0x12 Source\Tasks\Motor_Right\motor_right.o
 .comment       0x0000000000000000       0x12 Source\Tasks\Motor_Left\motor_left.o
 .comment       0x0000000000000000       0x12 Source\Tasks\Message_Sender\message_sender.o
 .comment       0x0000000000000000       0x12 Source\Tasks\Flashing_LED\flashing_led.o
 .comment       0x0000000000000000       0x12 Source\Tasks\Course_Corrector\course_corrector.o
 .comment       0x0000000000000000       0x12 Source\Tasks\CAN_relay\can_relay.o
 .comment       0x0000000000000000       0x12 Source\Scheduler\Internal\scheduler.o
 .comment       0x0000000000000000       0x12 Source\Scheduler\Internal\log.o
 .comment       0x0000000000000000       0x12 Source\Scheduler\Internal\interrupt.o
 .comment       0x0000000000000000       0x12 Source\Drivers\Internal\uart.o
 .comment       0x0000000000000000       0x12 Source\Drivers\Internal\timer.o
 .comment       0x0000000000000000       0x12 Source\Drivers\Internal\text_lcd.o
 .comment       0x0000000000000000       0x12 Source\Drivers\Internal\spi.o
 .comment       0x0000000000000000       0x12 Source\Drivers\Internal\segment.o
 .comment       0x0000000000000000       0x12 Source\Drivers\Internal\pwm.o
 .comment       0x0000000000000011       0x12 c:/rapidittyde0/plugins/com.ttesystems.tte32.tools.win32_2.4.0/files/bin/../lib/gcc/mipsel-elf/4.4.5/soft-float\libsyscalls.a(syscalls.o)
 .comment       0x0000000000000000       0x12 c:/rapidittyde0/plugins/com.ttesystems.tte32.tools.win32_2.4.0/files/bin/../lib/gcc/mipsel-elf/4.4.5/../../../../mipsel-elf/lib/soft-float\libc.a(lib_a-errno.o)
 .comment       0x0000000000000000       0x12 c:/rapidittyde0/plugins/com.ttesystems.tte32.tools.win32_2.4.0/files/bin/../lib/gcc/mipsel-elf/4.4.5/../../../../mipsel-elf/lib/soft-float\libc.a(lib_a-impure.o)
 .comment       0x0000000000000000       0x12 c:/rapidittyde0/plugins/com.ttesystems.tte32.tools.win32_2.4.0/files/bin/../lib/gcc/mipsel-elf/4.4.5/../../../../mipsel-elf/lib/soft-float\libc.a(lib_a-memcpy.o)
 .comment       0x0000000000000000       0x12 c:/rapidittyde0/plugins/com.ttesystems.tte32.tools.win32_2.4.0/files/bin/../lib/gcc/mipsel-elf/4.4.5/../../../../mipsel-elf/lib/soft-float\libc.a(lib_a-strcmp.o)
 .comment       0x0000000000000000       0x12 c:/rapidittyde0/plugins/com.ttesystems.tte32.tools.win32_2.4.0/files/bin/../lib/gcc/mipsel-elf/4.4.5/soft-float\libgcc.a(_fixunsdfsi.o)
 .comment       0x0000000000000000       0x12 c:/rapidittyde0/plugins/com.ttesystems.tte32.tools.win32_2.4.0/files/bin/../lib/gcc/mipsel-elf/4.4.5/soft-float\libgcc.a(_addsub_df.o)
 .comment       0x0000000000000000       0x12 c:/rapidittyde0/plugins/com.ttesystems.tte32.tools.win32_2.4.0/files/bin/../lib/gcc/mipsel-elf/4.4.5/soft-float\libgcc.a(_mul_df.o)
 .comment       0x0000000000000000       0x12 c:/rapidittyde0/plugins/com.ttesystems.tte32.tools.win32_2.4.0/files/bin/../lib/gcc/mipsel-elf/4.4.5/soft-float\libgcc.a(_ge_df.o)
 .comment       0x0000000000000000       0x12 c:/rapidittyde0/plugins/com.ttesystems.tte32.tools.win32_2.4.0/files/bin/../lib/gcc/mipsel-elf/4.4.5/soft-float\libgcc.a(_si_to_df.o)
 .comment       0x0000000000000000       0x12 c:/rapidittyde0/plugins/com.ttesystems.tte32.tools.win32_2.4.0/files/bin/../lib/gcc/mipsel-elf/4.4.5/soft-float\libgcc.a(_df_to_si.o)
 .comment       0x0000000000000000       0x12 c:/rapidittyde0/plugins/com.ttesystems.tte32.tools.win32_2.4.0/files/bin/../lib/gcc/mipsel-elf/4.4.5/soft-float\libgcc.a(_thenan_df.o)
 .comment       0x0000000000000000       0x12 c:/rapidittyde0/plugins/com.ttesystems.tte32.tools.win32_2.4.0/files/bin/../lib/gcc/mipsel-elf/4.4.5/soft-float\libgcc.a(_ucmpdi2.o)
 .comment       0x0000000000000000       0x12 c:/rapidittyde0/plugins/com.ttesystems.tte32.tools.win32_2.4.0/files/bin/../lib/gcc/mipsel-elf/4.4.5/soft-float\libgcc.a(_clzsi2.o)
 .comment       0x0000000000000000       0x12 c:/rapidittyde0/plugins/com.ttesystems.tte32.tools.win32_2.4.0/files/bin/../lib/gcc/mipsel-elf/4.4.5/soft-float\libgcc.a(_pack_df.o)
 .comment       0x0000000000000000       0x12 c:/rapidittyde0/plugins/com.ttesystems.tte32.tools.win32_2.4.0/files/bin/../lib/gcc/mipsel-elf/4.4.5/soft-float\libgcc.a(_unpack_df.o)
 .comment       0x0000000000000000       0x12 c:/rapidittyde0/plugins/com.ttesystems.tte32.tools.win32_2.4.0/files/bin/../lib/gcc/mipsel-elf/4.4.5/soft-float\libgcc.a(_fpcmp_parts_df.o)
 .comment       0x0000000000000000       0x12 c:/rapidittyde0/plugins/com.ttesystems.tte32.tools.win32_2.4.0/files/bin/../lib/gcc/mipsel-elf/4.4.5/soft-float\libgcc.a(_lshrdi3.o)
 .comment       0x0000000000000000       0x12 c:/rapidittyde0/plugins/com.ttesystems.tte32.tools.win32_2.4.0/files/bin/../lib/gcc/mipsel-elf/4.4.5/soft-float\libgcc.a(_ashldi3.o)
 .comment       0x0000000000000000       0x12 c:/rapidittyde0/plugins/com.ttesystems.tte32.tools.win32_2.4.0/files/bin/../lib/gcc/mipsel-elf/4.4.5/soft-float\libgcc.a(_clz.o)

.gnu.attributes
                0x0000000000000000       0x10
 .gnu.attributes
                0x0000000000000000       0x10 Source\main.o
 .gnu.attributes
                0x0000000000000010       0x10 Source\config.o
 .gnu.attributes
                0x0000000000000020       0x10 Source\Tasks\tasks.o
 .gnu.attributes
                0x0000000000000030       0x10 Source\Tasks\System_timer\system_timer.o
 .gnu.attributes
                0x0000000000000040       0x10 Source\Tasks\System_Control\system_control.o
 .gnu.attributes
                0x0000000000000050       0x10 Source\Tasks\Script_Keeper\script_keeper.o
 .gnu.attributes
                0x0000000000000060       0x10 Source\Tasks\Read_Enc\read_enc.o
 .gnu.attributes
                0x0000000000000070       0x10 Source\Tasks\PathFinder\pathfinder.o
 .gnu.attributes
                0x0000000000000080       0x10 Source\Tasks\Opponent_Tracker\opponent_tracker.o
 .gnu.attributes
                0x0000000000000090       0x10 Source\Tasks\Motor_Right\motor_right.o
 .gnu.attributes
                0x00000000000000a0       0x10 Source\Tasks\Motor_Left\motor_left.o
 .gnu.attributes
                0x00000000000000b0       0x10 Source\Tasks\Message_Sender\message_sender.o
 .gnu.attributes
                0x00000000000000c0       0x10 Source\Tasks\Flashing_LED\flashing_led.o
 .gnu.attributes
                0x00000000000000d0       0x10 Source\Tasks\Course_Corrector\course_corrector.o
 .gnu.attributes
                0x00000000000000e0       0x10 Source\Tasks\CAN_relay\can_relay.o
 .gnu.attributes
                0x00000000000000f0       0x10 Source\Scheduler\Internal\scheduler.o
 .gnu.attributes
                0x0000000000000100       0x10 Source\Scheduler\Internal\log.o
 .gnu.attributes
                0x0000000000000110       0x10 Source\Scheduler\Internal\interrupt.o
 .gnu.attributes
                0x0000000000000120       0x10 Source\Drivers\Internal\uart.o
 .gnu.attributes
                0x0000000000000130       0x10 Source\Drivers\Internal\timer.o
 .gnu.attributes
                0x0000000000000140       0x10 Source\Drivers\Internal\text_lcd.o
 .gnu.attributes
                0x0000000000000150       0x10 Source\Drivers\Internal\spi.o
 .gnu.attributes
                0x0000000000000160       0x10 Source\Drivers\Internal\segment.o
 .gnu.attributes
                0x0000000000000170       0x10 Source\Drivers\Internal\pwm.o
 .gnu.attributes
                0x0000000000000180       0x10 c:/rapidittyde0/plugins/com.ttesystems.tte32.tools.win32_2.4.0/files/bin/../lib/gcc/mipsel-elf/4.4.5/soft-float\libsyscalls.a(syscalls.o)
 .gnu.attributes
                0x0000000000000190       0x10 c:/rapidittyde0/plugins/com.ttesystems.tte32.tools.win32_2.4.0/files/bin/../lib/gcc/mipsel-elf/4.4.5/../../../../mipsel-elf/lib/soft-float\libc.a(lib_a-errno.o)
 .gnu.attributes
                0x00000000000001a0       0x10 c:/rapidittyde0/plugins/com.ttesystems.tte32.tools.win32_2.4.0/files/bin/../lib/gcc/mipsel-elf/4.4.5/../../../../mipsel-elf/lib/soft-float\libc.a(lib_a-impure.o)
 .gnu.attributes
                0x00000000000001b0       0x10 c:/rapidittyde0/plugins/com.ttesystems.tte32.tools.win32_2.4.0/files/bin/../lib/gcc/mipsel-elf/4.4.5/../../../../mipsel-elf/lib/soft-float\libc.a(lib_a-memcpy.o)
 .gnu.attributes
                0x00000000000001c0       0x10 c:/rapidittyde0/plugins/com.ttesystems.tte32.tools.win32_2.4.0/files/bin/../lib/gcc/mipsel-elf/4.4.5/../../../../mipsel-elf/lib/soft-float\libc.a(lib_a-strcmp.o)
 .gnu.attributes
                0x00000000000001d0       0x10 c:/rapidittyde0/plugins/com.ttesystems.tte32.tools.win32_2.4.0/files/bin/../lib/gcc/mipsel-elf/4.4.5/soft-float\libgcc.a(_fixunsdfsi.o)
 .gnu.attributes
                0x00000000000001e0       0x10 c:/rapidittyde0/plugins/com.ttesystems.tte32.tools.win32_2.4.0/files/bin/../lib/gcc/mipsel-elf/4.4.5/soft-float\libgcc.a(_addsub_df.o)
 .gnu.attributes
                0x00000000000001f0       0x10 c:/rapidittyde0/plugins/com.ttesystems.tte32.tools.win32_2.4.0/files/bin/../lib/gcc/mipsel-elf/4.4.5/soft-float\libgcc.a(_mul_df.o)
 .gnu.attributes
                0x0000000000000200       0x10 c:/rapidittyde0/plugins/com.ttesystems.tte32.tools.win32_2.4.0/files/bin/../lib/gcc/mipsel-elf/4.4.5/soft-float\libgcc.a(_ge_df.o)
 .gnu.attributes
                0x0000000000000210       0x10 c:/rapidittyde0/plugins/com.ttesystems.tte32.tools.win32_2.4.0/files/bin/../lib/gcc/mipsel-elf/4.4.5/soft-float\libgcc.a(_si_to_df.o)
 .gnu.attributes
                0x0000000000000220       0x10 c:/rapidittyde0/plugins/com.ttesystems.tte32.tools.win32_2.4.0/files/bin/../lib/gcc/mipsel-elf/4.4.5/soft-float\libgcc.a(_df_to_si.o)
 .gnu.attributes
                0x0000000000000230       0x10 c:/rapidittyde0/plugins/com.ttesystems.tte32.tools.win32_2.4.0/files/bin/../lib/gcc/mipsel-elf/4.4.5/soft-float\libgcc.a(_thenan_df.o)
 .gnu.attributes
                0x0000000000000240       0x10 c:/rapidittyde0/plugins/com.ttesystems.tte32.tools.win32_2.4.0/files/bin/../lib/gcc/mipsel-elf/4.4.5/soft-float\libgcc.a(_ucmpdi2.o)
 .gnu.attributes
                0x0000000000000250       0x10 c:/rapidittyde0/plugins/com.ttesystems.tte32.tools.win32_2.4.0/files/bin/../lib/gcc/mipsel-elf/4.4.5/soft-float\libgcc.a(_clzsi2.o)
 .gnu.attributes
                0x0000000000000260       0x10 c:/rapidittyde0/plugins/com.ttesystems.tte32.tools.win32_2.4.0/files/bin/../lib/gcc/mipsel-elf/4.4.5/soft-float\libgcc.a(_pack_df.o)
 .gnu.attributes
                0x0000000000000270       0x10 c:/rapidittyde0/plugins/com.ttesystems.tte32.tools.win32_2.4.0/files/bin/../lib/gcc/mipsel-elf/4.4.5/soft-float\libgcc.a(_unpack_df.o)
 .gnu.attributes
                0x0000000000000280       0x10 c:/rapidittyde0/plugins/com.ttesystems.tte32.tools.win32_2.4.0/files/bin/../lib/gcc/mipsel-elf/4.4.5/soft-float\libgcc.a(_fpcmp_parts_df.o)
 .gnu.attributes
                0x0000000000000290       0x10 c:/rapidittyde0/plugins/com.ttesystems.tte32.tools.win32_2.4.0/files/bin/../lib/gcc/mipsel-elf/4.4.5/soft-float\libgcc.a(_lshrdi3.o)
 .gnu.attributes
                0x00000000000002a0       0x10 c:/rapidittyde0/plugins/com.ttesystems.tte32.tools.win32_2.4.0/files/bin/../lib/gcc/mipsel-elf/4.4.5/soft-float\libgcc.a(_ashldi3.o)
 .gnu.attributes
                0x00000000000002b0       0x10 c:/rapidittyde0/plugins/com.ttesystems.tte32.tools.win32_2.4.0/files/bin/../lib/gcc/mipsel-elf/4.4.5/soft-float\libgcc.a(_clz.o)

.pdr            0x0000000000000000        0x0
 .pdr           0x0000000000000000        0x0 Source\config.o
 .pdr           0x0000000000000000        0x0 c:/rapidittyde0/plugins/com.ttesystems.tte32.tools.win32_2.4.0/files/bin/../lib/gcc/mipsel-elf/4.4.5/../../../../mipsel-elf/lib/soft-float\libc.a(lib_a-impure.o)
 .pdr           0x0000000000000000        0x0 c:/rapidittyde0/plugins/com.ttesystems.tte32.tools.win32_2.4.0/files/bin/../lib/gcc/mipsel-elf/4.4.5/soft-float\libgcc.a(_thenan_df.o)
 .pdr           0x0000000000000000        0x0 c:/rapidittyde0/plugins/com.ttesystems.tte32.tools.win32_2.4.0/files/bin/../lib/gcc/mipsel-elf/4.4.5/soft-float\libgcc.a(_clz.o)

.debug_abbrev   0x0000000000000000     0x3d01
 .debug_abbrev  0x0000000000000000       0xd5 Source\main.o
 .debug_abbrev  0x00000000000000d5      0x107 Source\config.o
 .debug_abbrev  0x00000000000001dc       0xe9 Source\Tasks\tasks.o
 .debug_abbrev  0x00000000000002c5      0x152 Source\Tasks\System_timer\system_timer.o
 .debug_abbrev  0x0000000000000417      0x14a Source\Tasks\System_Control\system_control.o
 .debug_abbrev  0x0000000000000561      0x264 Source\Tasks\Script_Keeper\script_keeper.o
 .debug_abbrev  0x00000000000007c5      0x155 Source\Tasks\Read_Enc\read_enc.o
 .debug_abbrev  0x000000000000091a      0x176 Source\Tasks\PathFinder\pathfinder.o
 .debug_abbrev  0x0000000000000a90      0x14a Source\Tasks\Opponent_Tracker\opponent_tracker.o
 .debug_abbrev  0x0000000000000bda      0x1e4 Source\Tasks\Motor_Right\motor_right.o
 .debug_abbrev  0x0000000000000dbe      0x1d3 Source\Tasks\Motor_Left\motor_left.o
 .debug_abbrev  0x0000000000000f91      0x247 Source\Tasks\Message_Sender\message_sender.o
 .debug_abbrev  0x00000000000011d8      0x170 Source\Tasks\Flashing_LED\flashing_led.o
 .debug_abbrev  0x0000000000001348      0x128 Source\Tasks\Course_Corrector\course_corrector.o
 .debug_abbrev  0x0000000000001470      0x188 Source\Tasks\CAN_relay\can_relay.o
 .debug_abbrev  0x00000000000015f8       0x12 Source\System\startup.o
 .debug_abbrev  0x000000000000160a      0x1a4 Source\Scheduler\Internal\scheduler.o
 .debug_abbrev  0x00000000000017ae      0x292 Source\Scheduler\Internal\log.o
 .debug_abbrev  0x0000000000001a40      0x19b Source\Scheduler\Internal\interrupt.o
 .debug_abbrev  0x0000000000001bdb      0x23e Source\Drivers\Internal\uart.o
 .debug_abbrev  0x0000000000001e19      0x1a7 Source\Drivers\Internal\timer.o
 .debug_abbrev  0x0000000000001fc0      0x20c Source\Drivers\Internal\text_lcd.o
 .debug_abbrev  0x00000000000021cc      0x165 Source\Drivers\Internal\spi.o
 .debug_abbrev  0x0000000000002331       0xf8 Source\Drivers\Internal\segment.o
 .debug_abbrev  0x0000000000002429      0x10a Source\Drivers\Internal\pwm.o
 .debug_abbrev  0x0000000000002533      0x24b c:/rapidittyde0/plugins/com.ttesystems.tte32.tools.win32_2.4.0/files/bin/../lib/gcc/mipsel-elf/4.4.5/soft-float\libsyscalls.a(syscalls.o)
 .debug_abbrev  0x000000000000277e      0x16c c:/rapidittyde0/plugins/com.ttesystems.tte32.tools.win32_2.4.0/files/bin/../lib/gcc/mipsel-elf/4.4.5/../../../../mipsel-elf/lib/soft-float\libc.a(lib_a-errno.o)
 .debug_abbrev  0x00000000000028ea      0x162 c:/rapidittyde0/plugins/com.ttesystems.tte32.tools.win32_2.4.0/files/bin/../lib/gcc/mipsel-elf/4.4.5/../../../../mipsel-elf/lib/soft-float\libc.a(lib_a-impure.o)
 .debug_abbrev  0x0000000000002a4c       0xa1 c:/rapidittyde0/plugins/com.ttesystems.tte32.tools.win32_2.4.0/files/bin/../lib/gcc/mipsel-elf/4.4.5/../../../../mipsel-elf/lib/soft-float\libc.a(lib_a-memcpy.o)
 .debug_abbrev  0x0000000000002aed       0xa7 c:/rapidittyde0/plugins/com.ttesystems.tte32.tools.win32_2.4.0/files/bin/../lib/gcc/mipsel-elf/4.4.5/../../../../mipsel-elf/lib/soft-float\libc.a(lib_a-strcmp.o)
 .debug_abbrev  0x0000000000002b94       0x66 c:/rapidittyde0/plugins/com.ttesystems.tte32.tools.win32_2.4.0/files/bin/../lib/gcc/mipsel-elf/4.4.5/soft-float\libgcc.a(_fixunsdfsi.o)
 .debug_abbrev  0x0000000000002bfa      0x1d9 c:/rapidittyde0/plugins/com.ttesystems.tte32.tools.win32_2.4.0/files/bin/../lib/gcc/mipsel-elf/4.4.5/soft-float\libgcc.a(_addsub_df.o)
 .debug_abbrev  0x0000000000002dd3      0x1f7 c:/rapidittyde0/plugins/com.ttesystems.tte32.tools.win32_2.4.0/files/bin/../lib/gcc/mipsel-elf/4.4.5/soft-float\libgcc.a(_mul_df.o)
 .debug_abbrev  0x0000000000002fca      0x15a c:/rapidittyde0/plugins/com.ttesystems.tte32.tools.win32_2.4.0/files/bin/../lib/gcc/mipsel-elf/4.4.5/soft-float\libgcc.a(_ge_df.o)
 .debug_abbrev  0x0000000000003124      0x148 c:/rapidittyde0/plugins/com.ttesystems.tte32.tools.win32_2.4.0/files/bin/../lib/gcc/mipsel-elf/4.4.5/soft-float\libgcc.a(_si_to_df.o)
 .debug_abbrev  0x000000000000326c      0x17f c:/rapidittyde0/plugins/com.ttesystems.tte32.tools.win32_2.4.0/files/bin/../lib/gcc/mipsel-elf/4.4.5/soft-float\libgcc.a(_df_to_si.o)
 .debug_abbrev  0x00000000000033eb       0xc3 c:/rapidittyde0/plugins/com.ttesystems.tte32.tools.win32_2.4.0/files/bin/../lib/gcc/mipsel-elf/4.4.5/soft-float\libgcc.a(_thenan_df.o)
 .debug_abbrev  0x00000000000034ae       0xd0 c:/rapidittyde0/plugins/com.ttesystems.tte32.tools.win32_2.4.0/files/bin/../lib/gcc/mipsel-elf/4.4.5/soft-float\libgcc.a(_ucmpdi2.o)
 .debug_abbrev  0x000000000000357e       0xb3 c:/rapidittyde0/plugins/com.ttesystems.tte32.tools.win32_2.4.0/files/bin/../lib/gcc/mipsel-elf/4.4.5/soft-float\libgcc.a(_clzsi2.o)
 .debug_abbrev  0x0000000000003631      0x1c0 c:/rapidittyde0/plugins/com.ttesystems.tte32.tools.win32_2.4.0/files/bin/../lib/gcc/mipsel-elf/4.4.5/soft-float\libgcc.a(_pack_df.o)
 .debug_abbrev  0x00000000000037f1      0x163 c:/rapidittyde0/plugins/com.ttesystems.tte32.tools.win32_2.4.0/files/bin/../lib/gcc/mipsel-elf/4.4.5/soft-float\libgcc.a(_unpack_df.o)
 .debug_abbrev  0x0000000000003954      0x13b c:/rapidittyde0/plugins/com.ttesystems.tte32.tools.win32_2.4.0/files/bin/../lib/gcc/mipsel-elf/4.4.5/soft-float\libgcc.a(_fpcmp_parts_df.o)
 .debug_abbrev  0x0000000000003a8f      0x104 c:/rapidittyde0/plugins/com.ttesystems.tte32.tools.win32_2.4.0/files/bin/../lib/gcc/mipsel-elf/4.4.5/soft-float\libgcc.a(_lshrdi3.o)
 .debug_abbrev  0x0000000000003b93      0x104 c:/rapidittyde0/plugins/com.ttesystems.tte32.tools.win32_2.4.0/files/bin/../lib/gcc/mipsel-elf/4.4.5/soft-float\libgcc.a(_ashldi3.o)
 .debug_abbrev  0x0000000000003c97       0x6a c:/rapidittyde0/plugins/com.ttesystems.tte32.tools.win32_2.4.0/files/bin/../lib/gcc/mipsel-elf/4.4.5/soft-float\libgcc.a(_clz.o)

.debug_info     0x0000000000000000    0x11482
 .debug_info    0x0000000000000000      0x150 Source\main.o
 .debug_info    0x0000000000000150      0x7ee Source\config.o
 .debug_info    0x000000000000093e      0x71b Source\Tasks\tasks.o
 .debug_info    0x0000000000001059      0xb01 Source\Tasks\System_timer\system_timer.o
 .debug_info    0x0000000000001b5a      0xb95 Source\Tasks\System_Control\system_control.o
 .debug_info    0x00000000000026ef      0xd7f Source\Tasks\Script_Keeper\script_keeper.o
 .debug_info    0x000000000000346e      0xb16 Source\Tasks\Read_Enc\read_enc.o
 .debug_info    0x0000000000003f84      0xb45 Source\Tasks\PathFinder\pathfinder.o
 .debug_info    0x0000000000004ac9      0x9d9 Source\Tasks\Opponent_Tracker\opponent_tracker.o
 .debug_info    0x00000000000054a2      0xc07 Source\Tasks\Motor_Right\motor_right.o
 .debug_info    0x00000000000060a9      0xbbf Source\Tasks\Motor_Left\motor_left.o
 .debug_info    0x0000000000006c68     0x1047 Source\Tasks\Message_Sender\message_sender.o
 .debug_info    0x0000000000007caf      0xa94 Source\Tasks\Flashing_LED\flashing_led.o
 .debug_info    0x0000000000008743      0x9e7 Source\Tasks\Course_Corrector\course_corrector.o
 .debug_info    0x000000000000912a      0xa86 Source\Tasks\CAN_relay\can_relay.o
 .debug_info    0x0000000000009bb0       0x5a Source\System\startup.o
 .debug_info    0x0000000000009c0a      0x375 Source\Scheduler\Internal\scheduler.o
 .debug_info    0x0000000000009f7f      0x7ce Source\Scheduler\Internal\log.o
 .debug_info    0x000000000000a74d      0x3ad Source\Scheduler\Internal\interrupt.o
 .debug_info    0x000000000000aafa      0xee5 Source\Drivers\Internal\uart.o
 .debug_info    0x000000000000b9df      0x5b8 Source\Drivers\Internal\timer.o
 .debug_info    0x000000000000bf97      0x6ff Source\Drivers\Internal\text_lcd.o
 .debug_info    0x000000000000c696      0x24d Source\Drivers\Internal\spi.o
 .debug_info    0x000000000000c8e3      0x293 Source\Drivers\Internal\segment.o
 .debug_info    0x000000000000cb76      0x1f3 Source\Drivers\Internal\pwm.o
 .debug_info    0x000000000000cd69     0x11b3 c:/rapidittyde0/plugins/com.ttesystems.tte32.tools.win32_2.4.0/files/bin/../lib/gcc/mipsel-elf/4.4.5/soft-float\libsyscalls.a(syscalls.o)
 .debug_info    0x000000000000df1c      0x95f c:/rapidittyde0/plugins/com.ttesystems.tte32.tools.win32_2.4.0/files/bin/../lib/gcc/mipsel-elf/4.4.5/../../../../mipsel-elf/lib/soft-float\libc.a(lib_a-errno.o)
 .debug_info    0x000000000000e87b      0x96c c:/rapidittyde0/plugins/com.ttesystems.tte32.tools.win32_2.4.0/files/bin/../lib/gcc/mipsel-elf/4.4.5/../../../../mipsel-elf/lib/soft-float\libc.a(lib_a-impure.o)
 .debug_info    0x000000000000f1e7       0xc3 c:/rapidittyde0/plugins/com.ttesystems.tte32.tools.win32_2.4.0/files/bin/../lib/gcc/mipsel-elf/4.4.5/../../../../mipsel-elf/lib/soft-float\libc.a(lib_a-memcpy.o)
 .debug_info    0x000000000000f2aa      0x12b c:/rapidittyde0/plugins/com.ttesystems.tte32.tools.win32_2.4.0/files/bin/../lib/gcc/mipsel-elf/4.4.5/../../../../mipsel-elf/lib/soft-float\libc.a(lib_a-strcmp.o)
 .debug_info    0x000000000000f3d5       0xd1 c:/rapidittyde0/plugins/com.ttesystems.tte32.tools.win32_2.4.0/files/bin/../lib/gcc/mipsel-elf/4.4.5/soft-float\libgcc.a(_fixunsdfsi.o)
 .debug_info    0x000000000000f4a6      0x48d c:/rapidittyde0/plugins/com.ttesystems.tte32.tools.win32_2.4.0/files/bin/../lib/gcc/mipsel-elf/4.4.5/soft-float\libgcc.a(_addsub_df.o)
 .debug_info    0x000000000000f933      0x47a c:/rapidittyde0/plugins/com.ttesystems.tte32.tools.win32_2.4.0/files/bin/../lib/gcc/mipsel-elf/4.4.5/soft-float\libgcc.a(_mul_df.o)
 .debug_info    0x000000000000fdad      0x29a c:/rapidittyde0/plugins/com.ttesystems.tte32.tools.win32_2.4.0/files/bin/../lib/gcc/mipsel-elf/4.4.5/soft-float\libgcc.a(_ge_df.o)
 .debug_info    0x0000000000010047      0x214 c:/rapidittyde0/plugins/com.ttesystems.tte32.tools.win32_2.4.0/files/bin/../lib/gcc/mipsel-elf/4.4.5/soft-float\libgcc.a(_si_to_df.o)
 .debug_info    0x000000000001025b      0x2c9 c:/rapidittyde0/plugins/com.ttesystems.tte32.tools.win32_2.4.0/files/bin/../lib/gcc/mipsel-elf/4.4.5/soft-float\libgcc.a(_df_to_si.o)
 .debug_info    0x0000000000010524      0x160 c:/rapidittyde0/plugins/com.ttesystems.tte32.tools.win32_2.4.0/files/bin/../lib/gcc/mipsel-elf/4.4.5/soft-float\libgcc.a(_thenan_df.o)
 .debug_info    0x0000000000010684      0x15e c:/rapidittyde0/plugins/com.ttesystems.tte32.tools.win32_2.4.0/files/bin/../lib/gcc/mipsel-elf/4.4.5/soft-float\libgcc.a(_ucmpdi2.o)
 .debug_info    0x00000000000107e2      0x12a c:/rapidittyde0/plugins/com.ttesystems.tte32.tools.win32_2.4.0/files/bin/../lib/gcc/mipsel-elf/4.4.5/soft-float\libgcc.a(_clzsi2.o)
 .debug_info    0x000000000001090c      0x2f8 c:/rapidittyde0/plugins/com.ttesystems.tte32.tools.win32_2.4.0/files/bin/../lib/gcc/mipsel-elf/4.4.5/soft-float\libgcc.a(_pack_df.o)
 .debug_info    0x0000000000010c04      0x266 c:/rapidittyde0/plugins/com.ttesystems.tte32.tools.win32_2.4.0/files/bin/../lib/gcc/mipsel-elf/4.4.5/soft-float\libgcc.a(_unpack_df.o)
 .debug_info    0x0000000000010e6a      0x221 c:/rapidittyde0/plugins/com.ttesystems.tte32.tools.win32_2.4.0/files/bin/../lib/gcc/mipsel-elf/4.4.5/soft-float\libgcc.a(_fpcmp_parts_df.o)
 .debug_info    0x000000000001108b      0x199 c:/rapidittyde0/plugins/com.ttesystems.tte32.tools.win32_2.4.0/files/bin/../lib/gcc/mipsel-elf/4.4.5/soft-float\libgcc.a(_lshrdi3.o)
 .debug_info    0x0000000000011224      0x199 c:/rapidittyde0/plugins/com.ttesystems.tte32.tools.win32_2.4.0/files/bin/../lib/gcc/mipsel-elf/4.4.5/soft-float\libgcc.a(_ashldi3.o)
 .debug_info    0x00000000000113bd       0xc5 c:/rapidittyde0/plugins/com.ttesystems.tte32.tools.win32_2.4.0/files/bin/../lib/gcc/mipsel-elf/4.4.5/soft-float\libgcc.a(_clz.o)

.debug_line     0x0000000000000000     0x7fb1
 .debug_line    0x0000000000000000      0x36a Source\main.o
 .debug_line    0x000000000000036a      0x51c Source\config.o
 .debug_line    0x0000000000000886      0x457 Source\Tasks\tasks.o
 .debug_line    0x0000000000000cdd      0x584 Source\Tasks\System_timer\system_timer.o
 .debug_line    0x0000000000001261      0x4b3 Source\Tasks\System_Control\system_control.o
 .debug_line    0x0000000000001714      0x6c5 Source\Tasks\Script_Keeper\script_keeper.o
 .debug_line    0x0000000000001dd9      0x2aa Source\Tasks\Read_Enc\read_enc.o
 .debug_line    0x0000000000002083      0x455 Source\Tasks\PathFinder\pathfinder.o
 .debug_line    0x00000000000024d8      0x2b0 Source\Tasks\Opponent_Tracker\opponent_tracker.o
 .debug_line    0x0000000000002788      0x4f1 Source\Tasks\Motor_Right\motor_right.o
 .debug_line    0x0000000000002c79      0x4c8 Source\Tasks\Motor_Left\motor_left.o
 .debug_line    0x0000000000003141      0x706 Source\Tasks\Message_Sender\message_sender.o
 .debug_line    0x0000000000003847      0x2c9 Source\Tasks\Flashing_LED\flashing_led.o
 .debug_line    0x0000000000003b10      0x49c Source\Tasks\Course_Corrector\course_corrector.o
 .debug_line    0x0000000000003fac      0x313 Source\Tasks\CAN_relay\can_relay.o
 .debug_line    0x00000000000042bf      0x182 Source\System\startup.o
 .debug_line    0x0000000000004441      0x444 Source\Scheduler\Internal\scheduler.o
 .debug_line    0x0000000000004885      0x597 Source\Scheduler\Internal\log.o
 .debug_line    0x0000000000004e1c      0x411 Source\Scheduler\Internal\interrupt.o
 .debug_line    0x000000000000522d      0x573 Source\Drivers\Internal\uart.o
 .debug_line    0x00000000000057a0      0x2ca Source\Drivers\Internal\timer.o
 .debug_line    0x0000000000005a6a      0x2e8 Source\Drivers\Internal\text_lcd.o
 .debug_line    0x0000000000005d52      0x1eb Source\Drivers\Internal\spi.o
 .debug_line    0x0000000000005f3d      0x233 Source\Drivers\Internal\segment.o
 .debug_line    0x0000000000006170      0x207 Source\Drivers\Internal\pwm.o
 .debug_line    0x0000000000006377      0x65d c:/rapidittyde0/plugins/com.ttesystems.tte32.tools.win32_2.4.0/files/bin/../lib/gcc/mipsel-elf/4.4.5/soft-float\libsyscalls.a(syscalls.o)
 .debug_line    0x00000000000069d4      0x2d4 c:/rapidittyde0/plugins/com.ttesystems.tte32.tools.win32_2.4.0/files/bin/../lib/gcc/mipsel-elf/4.4.5/../../../../mipsel-elf/lib/soft-float\libc.a(lib_a-errno.o)
 .debug_line    0x0000000000006ca8      0x2af c:/rapidittyde0/plugins/com.ttesystems.tte32.tools.win32_2.4.0/files/bin/../lib/gcc/mipsel-elf/4.4.5/../../../../mipsel-elf/lib/soft-float\libc.a(lib_a-impure.o)
 .debug_line    0x0000000000006f57      0x2e5 c:/rapidittyde0/plugins/com.ttesystems.tte32.tools.win32_2.4.0/files/bin/../lib/gcc/mipsel-elf/4.4.5/../../../../mipsel-elf/lib/soft-float\libc.a(lib_a-memcpy.o)
 .debug_line    0x000000000000723c      0x304 c:/rapidittyde0/plugins/com.ttesystems.tte32.tools.win32_2.4.0/files/bin/../lib/gcc/mipsel-elf/4.4.5/../../../../mipsel-elf/lib/soft-float\libc.a(lib_a-strcmp.o)
 .debug_line    0x0000000000007540       0x81 c:/rapidittyde0/plugins/com.ttesystems.tte32.tools.win32_2.4.0/files/bin/../lib/gcc/mipsel-elf/4.4.5/soft-float\libgcc.a(_fixunsdfsi.o)
 .debug_line    0x00000000000075c1      0x168 c:/rapidittyde0/plugins/com.ttesystems.tte32.tools.win32_2.4.0/files/bin/../lib/gcc/mipsel-elf/4.4.5/soft-float\libgcc.a(_addsub_df.o)
 .debug_line    0x0000000000007729      0x125 c:/rapidittyde0/plugins/com.ttesystems.tte32.tools.win32_2.4.0/files/bin/../lib/gcc/mipsel-elf/4.4.5/soft-float\libgcc.a(_mul_df.o)
 .debug_line    0x000000000000784e       0x9d c:/rapidittyde0/plugins/com.ttesystems.tte32.tools.win32_2.4.0/files/bin/../lib/gcc/mipsel-elf/4.4.5/soft-float\libgcc.a(_ge_df.o)
 .debug_line    0x00000000000078eb       0xbf c:/rapidittyde0/plugins/com.ttesystems.tte32.tools.win32_2.4.0/files/bin/../lib/gcc/mipsel-elf/4.4.5/soft-float\libgcc.a(_si_to_df.o)
 .debug_line    0x00000000000079aa       0xad c:/rapidittyde0/plugins/com.ttesystems.tte32.tools.win32_2.4.0/files/bin/../lib/gcc/mipsel-elf/4.4.5/soft-float\libgcc.a(_df_to_si.o)
 .debug_line    0x0000000000007a57       0x79 c:/rapidittyde0/plugins/com.ttesystems.tte32.tools.win32_2.4.0/files/bin/../lib/gcc/mipsel-elf/4.4.5/soft-float\libgcc.a(_thenan_df.o)
 .debug_line    0x0000000000007ad0       0x7b c:/rapidittyde0/plugins/com.ttesystems.tte32.tools.win32_2.4.0/files/bin/../lib/gcc/mipsel-elf/4.4.5/soft-float\libgcc.a(_ucmpdi2.o)
 .debug_line    0x0000000000007b4b       0x91 c:/rapidittyde0/plugins/com.ttesystems.tte32.tools.win32_2.4.0/files/bin/../lib/gcc/mipsel-elf/4.4.5/soft-float\libgcc.a(_clzsi2.o)
 .debug_line    0x0000000000007bdc       0xde c:/rapidittyde0/plugins/com.ttesystems.tte32.tools.win32_2.4.0/files/bin/../lib/gcc/mipsel-elf/4.4.5/soft-float\libgcc.a(_pack_df.o)
 .debug_line    0x0000000000007cba       0xc6 c:/rapidittyde0/plugins/com.ttesystems.tte32.tools.win32_2.4.0/files/bin/../lib/gcc/mipsel-elf/4.4.5/soft-float\libgcc.a(_unpack_df.o)
 .debug_line    0x0000000000007d80       0xc4 c:/rapidittyde0/plugins/com.ttesystems.tte32.tools.win32_2.4.0/files/bin/../lib/gcc/mipsel-elf/4.4.5/soft-float\libgcc.a(_fpcmp_parts_df.o)
 .debug_line    0x0000000000007e44       0x84 c:/rapidittyde0/plugins/com.ttesystems.tte32.tools.win32_2.4.0/files/bin/../lib/gcc/mipsel-elf/4.4.5/soft-float\libgcc.a(_lshrdi3.o)
 .debug_line    0x0000000000007ec8       0x84 c:/rapidittyde0/plugins/com.ttesystems.tte32.tools.win32_2.4.0/files/bin/../lib/gcc/mipsel-elf/4.4.5/soft-float\libgcc.a(_ashldi3.o)
 .debug_line    0x0000000000007f4c       0x65 c:/rapidittyde0/plugins/com.ttesystems.tte32.tools.win32_2.4.0/files/bin/../lib/gcc/mipsel-elf/4.4.5/soft-float\libgcc.a(_clz.o)

.debug_macinfo  0x0000000000000000    0x6350b
 .debug_macinfo
                0x0000000000000000     0x28ce Source\main.o
 .debug_macinfo
                0x00000000000028ce     0x2d68 Source\config.o
 .debug_macinfo
                0x0000000000005636     0x2bce Source\Tasks\tasks.o
 .debug_macinfo
                0x0000000000008204     0x49f3 Source\Tasks\System_timer\system_timer.o
 .debug_macinfo
                0x000000000000cbf7     0x4833 Source\Tasks\System_Control\system_control.o
 .debug_macinfo
                0x000000000001142a     0x4832 Source\Tasks\Script_Keeper\script_keeper.o
 .debug_macinfo
                0x0000000000015c5c     0x2bf8 Source\Tasks\Read_Enc\read_enc.o
 .debug_macinfo
                0x0000000000018854     0x488e Source\Tasks\PathFinder\pathfinder.o
 .debug_macinfo
                0x000000000001d0e2     0x2bfc Source\Tasks\Opponent_Tracker\opponent_tracker.o
 .debug_macinfo
                0x000000000001fcde     0x4740 Source\Tasks\Motor_Right\motor_right.o
 .debug_macinfo
                0x000000000002441e     0x473f Source\Tasks\Motor_Left\motor_left.o
 .debug_macinfo
                0x0000000000028b5d     0x5700 Source\Tasks\Message_Sender\message_sender.o
 .debug_macinfo
                0x000000000002e25d     0x2bf7 Source\Tasks\Flashing_LED\flashing_led.o
 .debug_macinfo
                0x0000000000030e54     0x4834 Source\Tasks\Course_Corrector\course_corrector.o
 .debug_macinfo
                0x0000000000035688     0x2bf1 Source\Tasks\CAN_relay\can_relay.o
 .debug_macinfo
                0x0000000000038279     0x28f6 Source\Scheduler\Internal\scheduler.o
 .debug_macinfo
                0x000000000003ab6f     0x28da Source\Scheduler\Internal\log.o
 .debug_macinfo
                0x000000000003d449     0x28c8 Source\Scheduler\Internal\interrupt.o
 .debug_macinfo
                0x000000000003fd11     0x4eee Source\Drivers\Internal\uart.o
 .debug_macinfo
                0x0000000000044bff     0x2710 Source\Drivers\Internal\timer.o
 .debug_macinfo
                0x000000000004730f     0x29a3 Source\Drivers\Internal\text_lcd.o
 .debug_macinfo
                0x0000000000049cb2     0x270e Source\Drivers\Internal\spi.o
 .debug_macinfo
                0x000000000004c3c0     0x2716 Source\Drivers\Internal\segment.o
 .debug_macinfo
                0x000000000004ead6     0x2712 Source\Drivers\Internal\pwm.o
 .debug_macinfo
                0x00000000000511e8     0x4fdd c:/rapidittyde0/plugins/com.ttesystems.tte32.tools.win32_2.4.0/files/bin/../lib/gcc/mipsel-elf/4.4.5/soft-float\libsyscalls.a(syscalls.o)
 .debug_macinfo
                0x00000000000561c5     0x3bf5 c:/rapidittyde0/plugins/com.ttesystems.tte32.tools.win32_2.4.0/files/bin/../lib/gcc/mipsel-elf/4.4.5/../../../../mipsel-elf/lib/soft-float\libc.a(lib_a-errno.o)
 .debug_macinfo
                0x0000000000059dba     0x36c8 c:/rapidittyde0/plugins/com.ttesystems.tte32.tools.win32_2.4.0/files/bin/../lib/gcc/mipsel-elf/4.4.5/../../../../mipsel-elf/lib/soft-float\libc.a(lib_a-impure.o)
 .debug_macinfo
                0x000000000005d482     0x257c c:/rapidittyde0/plugins/com.ttesystems.tte32.tools.win32_2.4.0/files/bin/../lib/gcc/mipsel-elf/4.4.5/../../../../mipsel-elf/lib/soft-float\libc.a(lib_a-memcpy.o)
 .debug_macinfo
                0x000000000005f9fe     0x3b0d c:/rapidittyde0/plugins/com.ttesystems.tte32.tools.win32_2.4.0/files/bin/../lib/gcc/mipsel-elf/4.4.5/../../../../mipsel-elf/lib/soft-float\libc.a(lib_a-strcmp.o)

.debug_frame    0x0000000000000000     0x10f8
 .debug_frame   0x0000000000000000       0x38 Source\main.o
 .debug_frame   0x0000000000000038       0x28 Source\Tasks\tasks.o
 .debug_frame   0x0000000000000060       0x30 Source\Tasks\System_timer\system_timer.o
 .debug_frame   0x0000000000000090       0x30 Source\Tasks\System_Control\system_control.o
 .debug_frame   0x00000000000000c0      0x134 Source\Tasks\Script_Keeper\script_keeper.o
 .debug_frame   0x00000000000001f4       0x30 Source\Tasks\Read_Enc\read_enc.o
 .debug_frame   0x0000000000000224       0x3c Source\Tasks\PathFinder\pathfinder.o
 .debug_frame   0x0000000000000260       0x3c Source\Tasks\Opponent_Tracker\opponent_tracker.o
 .debug_frame   0x000000000000029c       0x80 Source\Tasks\Motor_Right\motor_right.o
 .debug_frame   0x000000000000031c       0x68 Source\Tasks\Motor_Left\motor_left.o
 .debug_frame   0x0000000000000384       0xa4 Source\Tasks\Message_Sender\message_sender.o
 .debug_frame   0x0000000000000428       0x30 Source\Tasks\Flashing_LED\flashing_led.o
 .debug_frame   0x0000000000000458       0x30 Source\Tasks\Course_Corrector\course_corrector.o
 .debug_frame   0x0000000000000488       0x78 Source\Tasks\CAN_relay\can_relay.o
 .debug_frame   0x0000000000000500       0xb4 Source\Scheduler\Internal\scheduler.o
 .debug_frame   0x00000000000005b4      0x1e8 Source\Scheduler\Internal\log.o
 .debug_frame   0x000000000000079c       0xc8 Source\Scheduler\Internal\interrupt.o
 .debug_frame   0x0000000000000864      0x168 Source\Drivers\Internal\uart.o
 .debug_frame   0x00000000000009cc       0xcc Source\Drivers\Internal\timer.o
 .debug_frame   0x0000000000000a98       0xc0 Source\Drivers\Internal\text_lcd.o
 .debug_frame   0x0000000000000b58       0x40 Source\Drivers\Internal\spi.o
 .debug_frame   0x0000000000000b98       0xb4 Source\Drivers\Internal\segment.o
 .debug_frame   0x0000000000000c4c       0x70 Source\Drivers\Internal\pwm.o
 .debug_frame   0x0000000000000cbc      0x174 c:/rapidittyde0/plugins/com.ttesystems.tte32.tools.win32_2.4.0/files/bin/../lib/gcc/mipsel-elf/4.4.5/soft-float\libsyscalls.a(syscalls.o)
 .debug_frame   0x0000000000000e30       0x20 c:/rapidittyde0/plugins/com.ttesystems.tte32.tools.win32_2.4.0/files/bin/../lib/gcc/mipsel-elf/4.4.5/../../../../mipsel-elf/lib/soft-float\libc.a(lib_a-errno.o)
 .debug_frame   0x0000000000000e50       0x20 c:/rapidittyde0/plugins/com.ttesystems.tte32.tools.win32_2.4.0/files/bin/../lib/gcc/mipsel-elf/4.4.5/../../../../mipsel-elf/lib/soft-float\libc.a(lib_a-memcpy.o)
 .debug_frame   0x0000000000000e70       0x20 c:/rapidittyde0/plugins/com.ttesystems.tte32.tools.win32_2.4.0/files/bin/../lib/gcc/mipsel-elf/4.4.5/../../../../mipsel-elf/lib/soft-float\libc.a(lib_a-strcmp.o)
 .debug_frame   0x0000000000000e90       0x34 c:/rapidittyde0/plugins/com.ttesystems.tte32.tools.win32_2.4.0/files/bin/../lib/gcc/mipsel-elf/4.4.5/soft-float\libgcc.a(_fixunsdfsi.o)
 .debug_frame   0x0000000000000ec4       0x84 c:/rapidittyde0/plugins/com.ttesystems.tte32.tools.win32_2.4.0/files/bin/../lib/gcc/mipsel-elf/4.4.5/soft-float\libgcc.a(_addsub_df.o)
 .debug_frame   0x0000000000000f48       0x30 c:/rapidittyde0/plugins/com.ttesystems.tte32.tools.win32_2.4.0/files/bin/../lib/gcc/mipsel-elf/4.4.5/soft-float\libgcc.a(_mul_df.o)
 .debug_frame   0x0000000000000f78       0x30 c:/rapidittyde0/plugins/com.ttesystems.tte32.tools.win32_2.4.0/files/bin/../lib/gcc/mipsel-elf/4.4.5/soft-float\libgcc.a(_ge_df.o)
 .debug_frame   0x0000000000000fa8       0x2c c:/rapidittyde0/plugins/com.ttesystems.tte32.tools.win32_2.4.0/files/bin/../lib/gcc/mipsel-elf/4.4.5/soft-float\libgcc.a(_si_to_df.o)
 .debug_frame   0x0000000000000fd4       0x28 c:/rapidittyde0/plugins/com.ttesystems.tte32.tools.win32_2.4.0/files/bin/../lib/gcc/mipsel-elf/4.4.5/soft-float\libgcc.a(_df_to_si.o)
 .debug_frame   0x0000000000000ffc       0x20 c:/rapidittyde0/plugins/com.ttesystems.tte32.tools.win32_2.4.0/files/bin/../lib/gcc/mipsel-elf/4.4.5/soft-float\libgcc.a(_ucmpdi2.o)
 .debug_frame   0x000000000000101c       0x20 c:/rapidittyde0/plugins/com.ttesystems.tte32.tools.win32_2.4.0/files/bin/../lib/gcc/mipsel-elf/4.4.5/soft-float\libgcc.a(_clzsi2.o)
 .debug_frame   0x000000000000103c       0x3c c:/rapidittyde0/plugins/com.ttesystems.tte32.tools.win32_2.4.0/files/bin/../lib/gcc/mipsel-elf/4.4.5/soft-float\libgcc.a(_pack_df.o)
 .debug_frame   0x0000000000001078       0x20 c:/rapidittyde0/plugins/com.ttesystems.tte32.tools.win32_2.4.0/files/bin/../lib/gcc/mipsel-elf/4.4.5/soft-float\libgcc.a(_unpack_df.o)
 .debug_frame   0x0000000000001098       0x20 c:/rapidittyde0/plugins/com.ttesystems.tte32.tools.win32_2.4.0/files/bin/../lib/gcc/mipsel-elf/4.4.5/soft-float\libgcc.a(_fpcmp_parts_df.o)
 .debug_frame   0x00000000000010b8       0x20 c:/rapidittyde0/plugins/com.ttesystems.tte32.tools.win32_2.4.0/files/bin/../lib/gcc/mipsel-elf/4.4.5/soft-float\libgcc.a(_lshrdi3.o)
 .debug_frame   0x00000000000010d8       0x20 c:/rapidittyde0/plugins/com.ttesystems.tte32.tools.win32_2.4.0/files/bin/../lib/gcc/mipsel-elf/4.4.5/soft-float\libgcc.a(_ashldi3.o)

.debug_loc      0x0000000000000000     0x2bd9
 .debug_loc     0x0000000000000000       0x1f Source\main.o
 .debug_loc     0x000000000000001f       0x1f Source\Tasks\tasks.o
 .debug_loc     0x000000000000003e      0x3f6 Source\Tasks\Script_Keeper\script_keeper.o
 .debug_loc     0x0000000000000434       0x1f Source\Tasks\PathFinder\pathfinder.o
 .debug_loc     0x0000000000000453       0x1f Source\Tasks\Opponent_Tracker\opponent_tracker.o
 .debug_loc     0x0000000000000472      0x111 Source\Tasks\Motor_Right\motor_right.o
 .debug_loc     0x0000000000000583       0xf2 Source\Tasks\Motor_Left\motor_left.o
 .debug_loc     0x0000000000000675      0x1c0 Source\Tasks\Message_Sender\message_sender.o
 .debug_loc     0x0000000000000835       0x26 Source\Tasks\Flashing_LED\flashing_led.o
 .debug_loc     0x000000000000085b       0x1f Source\Tasks\CAN_relay\can_relay.o
 .debug_loc     0x000000000000087a       0xf2 Source\Scheduler\Internal\scheduler.o
 .debug_loc     0x000000000000096c      0x4c1 Source\Scheduler\Internal\log.o
 .debug_loc     0x0000000000000e2d       0xa4 Source\Scheduler\Internal\interrupt.o
 .debug_loc     0x0000000000000ed1      0x447 Source\Drivers\Internal\uart.o
 .debug_loc     0x0000000000001318      0x1b9 Source\Drivers\Internal\timer.o
 .debug_loc     0x00000000000014d1      0x569 Source\Drivers\Internal\text_lcd.o
 .debug_loc     0x0000000000001a3a       0x4c Source\Drivers\Internal\spi.o
 .debug_loc     0x0000000000001a86       0xb9 Source\Drivers\Internal\segment.o
 .debug_loc     0x0000000000001b3f       0x5b Source\Drivers\Internal\pwm.o
 .debug_loc     0x0000000000001b9a      0x2a0 c:/rapidittyde0/plugins/com.ttesystems.tte32.tools.win32_2.4.0/files/bin/../lib/gcc/mipsel-elf/4.4.5/soft-float\libsyscalls.a(syscalls.o)
 .debug_loc     0x0000000000001e3a       0x1e c:/rapidittyde0/plugins/com.ttesystems.tte32.tools.win32_2.4.0/files/bin/../lib/gcc/mipsel-elf/4.4.5/../../../../mipsel-elf/lib/soft-float\libc.a(lib_a-memcpy.o)
 .debug_loc     0x0000000000001e58       0xbf c:/rapidittyde0/plugins/com.ttesystems.tte32.tools.win32_2.4.0/files/bin/../lib/gcc/mipsel-elf/4.4.5/../../../../mipsel-elf/lib/soft-float\libc.a(lib_a-strcmp.o)
 .debug_loc     0x0000000000001f17       0x67 c:/rapidittyde0/plugins/com.ttesystems.tte32.tools.win32_2.4.0/files/bin/../lib/gcc/mipsel-elf/4.4.5/soft-float\libgcc.a(_fixunsdfsi.o)
 .debug_loc     0x0000000000001f7e      0x3cc c:/rapidittyde0/plugins/com.ttesystems.tte32.tools.win32_2.4.0/files/bin/../lib/gcc/mipsel-elf/4.4.5/soft-float\libgcc.a(_addsub_df.o)
 .debug_loc     0x000000000000234a      0x2b7 c:/rapidittyde0/plugins/com.ttesystems.tte32.tools.win32_2.4.0/files/bin/../lib/gcc/mipsel-elf/4.4.5/soft-float\libgcc.a(_mul_df.o)
 .debug_loc     0x0000000000002601       0x50 c:/rapidittyde0/plugins/com.ttesystems.tte32.tools.win32_2.4.0/files/bin/../lib/gcc/mipsel-elf/4.4.5/soft-float\libgcc.a(_ge_df.o)
 .debug_loc     0x0000000000002651       0xa5 c:/rapidittyde0/plugins/com.ttesystems.tte32.tools.win32_2.4.0/files/bin/../lib/gcc/mipsel-elf/4.4.5/soft-float\libgcc.a(_si_to_df.o)
 .debug_loc     0x00000000000026f6       0x6b c:/rapidittyde0/plugins/com.ttesystems.tte32.tools.win32_2.4.0/files/bin/../lib/gcc/mipsel-elf/4.4.5/soft-float\libgcc.a(_df_to_si.o)
 .debug_loc     0x0000000000002761       0x50 c:/rapidittyde0/plugins/com.ttesystems.tte32.tools.win32_2.4.0/files/bin/../lib/gcc/mipsel-elf/4.4.5/soft-float\libgcc.a(_ucmpdi2.o)
 .debug_loc     0x00000000000027b1       0x34 c:/rapidittyde0/plugins/com.ttesystems.tte32.tools.win32_2.4.0/files/bin/../lib/gcc/mipsel-elf/4.4.5/soft-float\libgcc.a(_clzsi2.o)
 .debug_loc     0x00000000000027e5      0x1a8 c:/rapidittyde0/plugins/com.ttesystems.tte32.tools.win32_2.4.0/files/bin/../lib/gcc/mipsel-elf/4.4.5/soft-float\libgcc.a(_pack_df.o)
 .debug_loc     0x000000000000298d       0xf4 c:/rapidittyde0/plugins/com.ttesystems.tte32.tools.win32_2.4.0/files/bin/../lib/gcc/mipsel-elf/4.4.5/soft-float\libgcc.a(_unpack_df.o)
 .debug_loc     0x0000000000002a81       0x3c c:/rapidittyde0/plugins/com.ttesystems.tte32.tools.win32_2.4.0/files/bin/../lib/gcc/mipsel-elf/4.4.5/soft-float\libgcc.a(_fpcmp_parts_df.o)
 .debug_loc     0x0000000000002abd       0x8e c:/rapidittyde0/plugins/com.ttesystems.tte32.tools.win32_2.4.0/files/bin/../lib/gcc/mipsel-elf/4.4.5/soft-float\libgcc.a(_lshrdi3.o)
 .debug_loc     0x0000000000002b4b       0x8e c:/rapidittyde0/plugins/com.ttesystems.tte32.tools.win32_2.4.0/files/bin/../lib/gcc/mipsel-elf/4.4.5/soft-float\libgcc.a(_ashldi3.o)

.debug_pubnames
                0x0000000000000000     0x458e
 .debug_pubnames
                0x0000000000000000       0x33 Source\main.o
 .debug_pubnames
                0x0000000000000033      0x3de Source\config.o
 .debug_pubnames
                0x0000000000000411      0x3ce Source\Tasks\tasks.o
 .debug_pubnames
                0x00000000000007df      0x415 Source\Tasks\System_timer\system_timer.o
 .debug_pubnames
                0x0000000000000bf4      0x410 Source\Tasks\System_Control\system_control.o
 .debug_pubnames
                0x0000000000001004      0x47c Source\Tasks\Script_Keeper\script_keeper.o
 .debug_pubnames
                0x0000000000001480      0x477 Source\Tasks\Read_Enc\read_enc.o
 .debug_pubnames
                0x00000000000018f7      0x460 Source\Tasks\PathFinder\pathfinder.o
 .debug_pubnames
                0x0000000000001d57      0x408 Source\Tasks\Opponent_Tracker\opponent_tracker.o
 .debug_pubnames
                0x000000000000215f      0x47f Source\Tasks\Motor_Right\motor_right.o
 .debug_pubnames
                0x00000000000025de      0x466 Source\Tasks\Motor_Left\motor_left.o
 .debug_pubnames
                0x0000000000002a44      0x4c7 Source\Tasks\Message_Sender\message_sender.o
 .debug_pubnames
                0x0000000000002f0b      0x3ed Source\Tasks\Flashing_LED\flashing_led.o
 .debug_pubnames
                0x00000000000032f8      0x3f5 Source\Tasks\Course_Corrector\course_corrector.o
 .debug_pubnames
                0x00000000000036ed      0x482 Source\Tasks\CAN_relay\can_relay.o
 .debug_pubnames
                0x0000000000003b6f       0x77 Source\Scheduler\Internal\scheduler.o
 .debug_pubnames
                0x0000000000003be6      0x166 Source\Scheduler\Internal\log.o
 .debug_pubnames
                0x0000000000003d4c      0x103 Source\Scheduler\Internal\interrupt.o
 .debug_pubnames
                0x0000000000003e4f       0xf7 Source\Drivers\Internal\uart.o
 .debug_pubnames
                0x0000000000003f46       0xdd Source\Drivers\Internal\timer.o
 .debug_pubnames
                0x0000000000004023       0x96 Source\Drivers\Internal\text_lcd.o
 .debug_pubnames
                0x00000000000040b9       0x3a Source\Drivers\Internal\spi.o
 .debug_pubnames
                0x00000000000040f3       0x7d Source\Drivers\Internal\segment.o
 .debug_pubnames
                0x0000000000004170       0x70 Source\Drivers\Internal\pwm.o
 .debug_pubnames
                0x00000000000041e0      0x128 c:/rapidittyde0/plugins/com.ttesystems.tte32.tools.win32_2.4.0/files/bin/../lib/gcc/mipsel-elf/4.4.5/soft-float\libsyscalls.a(syscalls.o)
 .debug_pubnames
                0x0000000000004308       0x1e c:/rapidittyde0/plugins/com.ttesystems.tte32.tools.win32_2.4.0/files/bin/../lib/gcc/mipsel-elf/4.4.5/../../../../mipsel-elf/lib/soft-float\libc.a(lib_a-errno.o)
 .debug_pubnames
                0x0000000000004326       0x39 c:/rapidittyde0/plugins/com.ttesystems.tte32.tools.win32_2.4.0/files/bin/../lib/gcc/mipsel-elf/4.4.5/../../../../mipsel-elf/lib/soft-float\libc.a(lib_a-impure.o)
 .debug_pubnames
                0x000000000000435f       0x1d c:/rapidittyde0/plugins/com.ttesystems.tte32.tools.win32_2.4.0/files/bin/../lib/gcc/mipsel-elf/4.4.5/../../../../mipsel-elf/lib/soft-float\libc.a(lib_a-memcpy.o)
 .debug_pubnames
                0x000000000000437c       0x1d c:/rapidittyde0/plugins/com.ttesystems.tte32.tools.win32_2.4.0/files/bin/../lib/gcc/mipsel-elf/4.4.5/../../../../mipsel-elf/lib/soft-float\libc.a(lib_a-strcmp.o)
 .debug_pubnames
                0x0000000000004399       0x23 c:/rapidittyde0/plugins/com.ttesystems.tte32.tools.win32_2.4.0/files/bin/../lib/gcc/mipsel-elf/4.4.5/soft-float\libgcc.a(_fixunsdfsi.o)
 .debug_pubnames
                0x00000000000043bc       0x2c c:/rapidittyde0/plugins/com.ttesystems.tte32.tools.win32_2.4.0/files/bin/../lib/gcc/mipsel-elf/4.4.5/soft-float\libgcc.a(_addsub_df.o)
 .debug_pubnames
                0x00000000000043e8       0x1f c:/rapidittyde0/plugins/com.ttesystems.tte32.tools.win32_2.4.0/files/bin/../lib/gcc/mipsel-elf/4.4.5/soft-float\libgcc.a(_mul_df.o)
 .debug_pubnames
                0x0000000000004407       0x1e c:/rapidittyde0/plugins/com.ttesystems.tte32.tools.win32_2.4.0/files/bin/../lib/gcc/mipsel-elf/4.4.5/soft-float\libgcc.a(_ge_df.o)
 .debug_pubnames
                0x0000000000004425       0x22 c:/rapidittyde0/plugins/com.ttesystems.tte32.tools.win32_2.4.0/files/bin/../lib/gcc/mipsel-elf/4.4.5/soft-float\libgcc.a(_si_to_df.o)
 .debug_pubnames
                0x0000000000004447       0x20 c:/rapidittyde0/plugins/com.ttesystems.tte32.tools.win32_2.4.0/files/bin/../lib/gcc/mipsel-elf/4.4.5/soft-float\libgcc.a(_df_to_si.o)
 .debug_pubnames
                0x0000000000004467       0x22 c:/rapidittyde0/plugins/com.ttesystems.tte32.tools.win32_2.4.0/files/bin/../lib/gcc/mipsel-elf/4.4.5/soft-float\libgcc.a(_thenan_df.o)
 .debug_pubnames
                0x0000000000004489       0x20 c:/rapidittyde0/plugins/com.ttesystems.tte32.tools.win32_2.4.0/files/bin/../lib/gcc/mipsel-elf/4.4.5/soft-float\libgcc.a(_ucmpdi2.o)
 .debug_pubnames
                0x00000000000044a9       0x1f c:/rapidittyde0/plugins/com.ttesystems.tte32.tools.win32_2.4.0/files/bin/../lib/gcc/mipsel-elf/4.4.5/soft-float\libgcc.a(_clzsi2.o)
 .debug_pubnames
                0x00000000000044c8       0x1f c:/rapidittyde0/plugins/com.ttesystems.tte32.tools.win32_2.4.0/files/bin/../lib/gcc/mipsel-elf/4.4.5/soft-float\libgcc.a(_pack_df.o)
 .debug_pubnames
                0x00000000000044e7       0x21 c:/rapidittyde0/plugins/com.ttesystems.tte32.tools.win32_2.4.0/files/bin/../lib/gcc/mipsel-elf/4.4.5/soft-float\libgcc.a(_unpack_df.o)
 .debug_pubnames
                0x0000000000004508       0x26 c:/rapidittyde0/plugins/com.ttesystems.tte32.tools.win32_2.4.0/files/bin/../lib/gcc/mipsel-elf/4.4.5/soft-float\libgcc.a(_fpcmp_parts_df.o)
 .debug_pubnames
                0x000000000000452e       0x20 c:/rapidittyde0/plugins/com.ttesystems.tte32.tools.win32_2.4.0/files/bin/../lib/gcc/mipsel-elf/4.4.5/soft-float\libgcc.a(_lshrdi3.o)
 .debug_pubnames
                0x000000000000454e       0x20 c:/rapidittyde0/plugins/com.ttesystems.tte32.tools.win32_2.4.0/files/bin/../lib/gcc/mipsel-elf/4.4.5/soft-float\libgcc.a(_ashldi3.o)
 .debug_pubnames
                0x000000000000456e       0x20 c:/rapidittyde0/plugins/com.ttesystems.tte32.tools.win32_2.4.0/files/bin/../lib/gcc/mipsel-elf/4.4.5/soft-float\libgcc.a(_clz.o)

.debug_aranges  0x0000000000000000      0x920
 .debug_aranges
                0x0000000000000000       0x28 Source\main.o
 .debug_aranges
                0x0000000000000028       0x20 Source\Tasks\tasks.o
 .debug_aranges
                0x0000000000000048       0x28 Source\Tasks\System_timer\system_timer.o
 .debug_aranges
                0x0000000000000070       0x28 Source\Tasks\System_Control\system_control.o
 .debug_aranges
                0x0000000000000098       0x70 Source\Tasks\Script_Keeper\script_keeper.o
 .debug_aranges
                0x0000000000000108       0x28 Source\Tasks\Read_Enc\read_enc.o
 .debug_aranges
                0x0000000000000130       0x28 Source\Tasks\PathFinder\pathfinder.o
 .debug_aranges
                0x0000000000000158       0x28 Source\Tasks\Opponent_Tracker\opponent_tracker.o
 .debug_aranges
                0x0000000000000180       0x40 Source\Tasks\Motor_Right\motor_right.o
 .debug_aranges
                0x00000000000001c0       0x38 Source\Tasks\Motor_Left\motor_left.o
 .debug_aranges
                0x00000000000001f8       0x40 Source\Tasks\Message_Sender\message_sender.o
 .debug_aranges
                0x0000000000000238       0x28 Source\Tasks\Flashing_LED\flashing_led.o
 .debug_aranges
                0x0000000000000260       0x28 Source\Tasks\Course_Corrector\course_corrector.o
 .debug_aranges
                0x0000000000000288       0x48 Source\Tasks\CAN_relay\can_relay.o
 .debug_aranges
                0x00000000000002d0       0x50 Source\System\startup.o
 .debug_aranges
                0x0000000000000320       0x40 Source\Scheduler\Internal\scheduler.o
 .debug_aranges
                0x0000000000000360       0xb0 Source\Scheduler\Internal\log.o
 .debug_aranges
                0x0000000000000410       0x70 Source\Scheduler\Internal\interrupt.o
 .debug_aranges
                0x0000000000000480       0x78 Source\Drivers\Internal\uart.o
 .debug_aranges
                0x00000000000004f8       0x70 Source\Drivers\Internal\timer.o
 .debug_aranges
                0x0000000000000568       0x50 Source\Drivers\Internal\text_lcd.o
 .debug_aranges
                0x00000000000005b8       0x30 Source\Drivers\Internal\spi.o
 .debug_aranges
                0x00000000000005e8       0x40 Source\Drivers\Internal\segment.o
 .debug_aranges
                0x0000000000000628       0x40 Source\Drivers\Internal\pwm.o
 .debug_aranges
                0x0000000000000668       0xb8 c:/rapidittyde0/plugins/com.ttesystems.tte32.tools.win32_2.4.0/files/bin/../lib/gcc/mipsel-elf/4.4.5/soft-float\libsyscalls.a(syscalls.o)
 .debug_aranges
                0x0000000000000720       0x20 c:/rapidittyde0/plugins/com.ttesystems.tte32.tools.win32_2.4.0/files/bin/../lib/gcc/mipsel-elf/4.4.5/../../../../mipsel-elf/lib/soft-float\libc.a(lib_a-errno.o)
 .debug_aranges
                0x0000000000000740       0x20 c:/rapidittyde0/plugins/com.ttesystems.tte32.tools.win32_2.4.0/files/bin/../lib/gcc/mipsel-elf/4.4.5/../../../../mipsel-elf/lib/soft-float\libc.a(lib_a-memcpy.o)
 .debug_aranges
                0x0000000000000760       0x20 c:/rapidittyde0/plugins/com.ttesystems.tte32.tools.win32_2.4.0/files/bin/../lib/gcc/mipsel-elf/4.4.5/../../../../mipsel-elf/lib/soft-float\libc.a(lib_a-strcmp.o)
 .debug_aranges
                0x0000000000000780       0x20 c:/rapidittyde0/plugins/com.ttesystems.tte32.tools.win32_2.4.0/files/bin/../lib/gcc/mipsel-elf/4.4.5/soft-float\libgcc.a(_fixunsdfsi.o)
 .debug_aranges
                0x00000000000007a0       0x20 c:/rapidittyde0/plugins/com.ttesystems.tte32.tools.win32_2.4.0/files/bin/../lib/gcc/mipsel-elf/4.4.5/soft-float\libgcc.a(_addsub_df.o)
 .debug_aranges
                0x00000000000007c0       0x20 c:/rapidittyde0/plugins/com.ttesystems.tte32.tools.win32_2.4.0/files/bin/../lib/gcc/mipsel-elf/4.4.5/soft-float\libgcc.a(_mul_df.o)
 .debug_aranges
                0x00000000000007e0       0x20 c:/rapidittyde0/plugins/com.ttesystems.tte32.tools.win32_2.4.0/files/bin/../lib/gcc/mipsel-elf/4.4.5/soft-float\libgcc.a(_ge_df.o)
 .debug_aranges
                0x0000000000000800       0x20 c:/rapidittyde0/plugins/com.ttesystems.tte32.tools.win32_2.4.0/files/bin/../lib/gcc/mipsel-elf/4.4.5/soft-float\libgcc.a(_si_to_df.o)
 .debug_aranges
                0x0000000000000820       0x20 c:/rapidittyde0/plugins/com.ttesystems.tte32.tools.win32_2.4.0/files/bin/../lib/gcc/mipsel-elf/4.4.5/soft-float\libgcc.a(_df_to_si.o)
 .debug_aranges
                0x0000000000000840       0x20 c:/rapidittyde0/plugins/com.ttesystems.tte32.tools.win32_2.4.0/files/bin/../lib/gcc/mipsel-elf/4.4.5/soft-float\libgcc.a(_ucmpdi2.o)
 .debug_aranges
                0x0000000000000860       0x20 c:/rapidittyde0/plugins/com.ttesystems.tte32.tools.win32_2.4.0/files/bin/../lib/gcc/mipsel-elf/4.4.5/soft-float\libgcc.a(_clzsi2.o)
 .debug_aranges
                0x0000000000000880       0x20 c:/rapidittyde0/plugins/com.ttesystems.tte32.tools.win32_2.4.0/files/bin/../lib/gcc/mipsel-elf/4.4.5/soft-float\libgcc.a(_pack_df.o)
 .debug_aranges
                0x00000000000008a0       0x20 c:/rapidittyde0/plugins/com.ttesystems.tte32.tools.win32_2.4.0/files/bin/../lib/gcc/mipsel-elf/4.4.5/soft-float\libgcc.a(_unpack_df.o)
 .debug_aranges
                0x00000000000008c0       0x20 c:/rapidittyde0/plugins/com.ttesystems.tte32.tools.win32_2.4.0/files/bin/../lib/gcc/mipsel-elf/4.4.5/soft-float\libgcc.a(_fpcmp_parts_df.o)
 .debug_aranges
                0x00000000000008e0       0x20 c:/rapidittyde0/plugins/com.ttesystems.tte32.tools.win32_2.4.0/files/bin/../lib/gcc/mipsel-elf/4.4.5/soft-float\libgcc.a(_lshrdi3.o)
 .debug_aranges
                0x0000000000000900       0x20 c:/rapidittyde0/plugins/com.ttesystems.tte32.tools.win32_2.4.0/files/bin/../lib/gcc/mipsel-elf/4.4.5/soft-float\libgcc.a(_ashldi3.o)

.debug_ranges   0x0000000000000000     0x1158
 .debug_ranges  0x0000000000000000       0x20 Source\main.o
 .debug_ranges  0x0000000000000020       0x18 Source\Tasks\tasks.o
 .debug_ranges  0x0000000000000038       0x20 Source\Tasks\System_timer\system_timer.o
 .debug_ranges  0x0000000000000058       0xd8 Source\Tasks\System_Control\system_control.o
 .debug_ranges  0x0000000000000130      0x1d8 Source\Tasks\Script_Keeper\script_keeper.o
 .debug_ranges  0x0000000000000308       0x20 Source\Tasks\Read_Enc\read_enc.o
 .debug_ranges  0x0000000000000328       0x38 Source\Tasks\PathFinder\pathfinder.o
 .debug_ranges  0x0000000000000360       0x20 Source\Tasks\Opponent_Tracker\opponent_tracker.o
 .debug_ranges  0x0000000000000380       0x90 Source\Tasks\Motor_Right\motor_right.o
 .debug_ranges  0x0000000000000410       0x88 Source\Tasks\Motor_Left\motor_left.o
 .debug_ranges  0x0000000000000498      0x398 Source\Tasks\Message_Sender\message_sender.o
 .debug_ranges  0x0000000000000830       0x68 Source\Tasks\Flashing_LED\flashing_led.o
 .debug_ranges  0x0000000000000898       0x20 Source\Tasks\Course_Corrector\course_corrector.o
 .debug_ranges  0x00000000000008b8       0xb0 Source\Tasks\CAN_relay\can_relay.o
 .debug_ranges  0x0000000000000968       0x48 Source\System\startup.o
 .debug_ranges  0x00000000000009b0      0x108 Source\Scheduler\Internal\scheduler.o
 .debug_ranges  0x0000000000000ab8      0x1c8 Source\Scheduler\Internal\log.o
 .debug_ranges  0x0000000000000c80       0x68 Source\Scheduler\Internal\interrupt.o
 .debug_ranges  0x0000000000000ce8       0x70 Source\Drivers\Internal\uart.o
 .debug_ranges  0x0000000000000d58       0xe0 Source\Drivers\Internal\timer.o
 .debug_ranges  0x0000000000000e38       0xa8 Source\Drivers\Internal\text_lcd.o
 .debug_ranges  0x0000000000000ee0       0x40 Source\Drivers\Internal\spi.o
 .debug_ranges  0x0000000000000f20       0x38 Source\Drivers\Internal\segment.o
 .debug_ranges  0x0000000000000f58       0x38 Source\Drivers\Internal\pwm.o
 .debug_ranges  0x0000000000000f90       0xb0 c:/rapidittyde0/plugins/com.ttesystems.tte32.tools.win32_2.4.0/files/bin/../lib/gcc/mipsel-elf/4.4.5/soft-float\libsyscalls.a(syscalls.o)
 .debug_ranges  0x0000000000001040       0x18 c:/rapidittyde0/plugins/com.ttesystems.tte32.tools.win32_2.4.0/files/bin/../lib/gcc/mipsel-elf/4.4.5/../../../../mipsel-elf/lib/soft-float\libc.a(lib_a-errno.o)
 .debug_ranges  0x0000000000001058       0x18 c:/rapidittyde0/plugins/com.ttesystems.tte32.tools.win32_2.4.0/files/bin/../lib/gcc/mipsel-elf/4.4.5/../../../../mipsel-elf/lib/soft-float\libc.a(lib_a-memcpy.o)
 .debug_ranges  0x0000000000001070       0x18 c:/rapidittyde0/plugins/com.ttesystems.tte32.tools.win32_2.4.0/files/bin/../lib/gcc/mipsel-elf/4.4.5/../../../../mipsel-elf/lib/soft-float\libc.a(lib_a-strcmp.o)
 .debug_ranges  0x0000000000001088       0x38 c:/rapidittyde0/plugins/com.ttesystems.tte32.tools.win32_2.4.0/files/bin/../lib/gcc/mipsel-elf/4.4.5/soft-float\libgcc.a(_addsub_df.o)
 .debug_ranges  0x00000000000010c0       0x58 c:/rapidittyde0/plugins/com.ttesystems.tte32.tools.win32_2.4.0/files/bin/../lib/gcc/mipsel-elf/4.4.5/soft-float\libgcc.a(_mul_df.o)
 .debug_ranges  0x0000000000001118       0x18 c:/rapidittyde0/plugins/com.ttesystems.tte32.tools.win32_2.4.0/files/bin/../lib/gcc/mipsel-elf/4.4.5/soft-float\libgcc.a(_si_to_df.o)
 .debug_ranges  0x0000000000001130       0x28 c:/rapidittyde0/plugins/com.ttesystems.tte32.tools.win32_2.4.0/files/bin/../lib/gcc/mipsel-elf/4.4.5/soft-float\libgcc.a(_clzsi2.o)

.debug_str      0x0000000000000000     0x26e9
 .debug_str     0x0000000000000000      0x12f Source\main.o
                                        0x16d (size before relaxing)
 .debug_str     0x000000000000012f      0x4ee Source\config.o
                                        0x665 (size before relaxing)
 .debug_str     0x000000000000061d       0x23 Source\Tasks\tasks.o
                                        0x5a5 (size before relaxing)
 .debug_str     0x0000000000000640      0x24f Source\Tasks\System_timer\system_timer.o
                                        0x8a1 (size before relaxing)
 .debug_str     0x000000000000088f       0x9a Source\Tasks\System_Control\system_control.o
                                        0x7ef (size before relaxing)
 .debug_str     0x0000000000000929       0xe8 Source\Tasks\Script_Keeper\script_keeper.o
                                        0x813 (size before relaxing)
 .debug_str     0x0000000000000a11       0xbb Source\Tasks\Read_Enc\read_enc.o
                                        0x827 (size before relaxing)
 .debug_str     0x0000000000000acc       0xa1 Source\Tasks\PathFinder\pathfinder.o
                                        0x82d (size before relaxing)
 .debug_str     0x0000000000000b6d       0x7c Source\Tasks\Opponent_Tracker\opponent_tracker.o
                                        0x7a7 (size before relaxing)
 .debug_str     0x0000000000000be9      0x114 Source\Tasks\Motor_Right\motor_right.o
                                        0x8b6 (size before relaxing)
 .debug_str     0x0000000000000cfd       0xb2 Source\Tasks\Motor_Left\motor_left.o
                                        0x887 (size before relaxing)
 .debug_str     0x0000000000000daf      0x138 Source\Tasks\Message_Sender\message_sender.o
                                        0x90d (size before relaxing)
 .debug_str     0x0000000000000ee7       0x5c Source\Tasks\Flashing_LED\flashing_led.o
                                        0x7e8 (size before relaxing)
 .debug_str     0x0000000000000f43       0x62 Source\Tasks\Course_Corrector\course_corrector.o
                                        0x7b7 (size before relaxing)
 .debug_str     0x0000000000000fa5       0xc1 Source\Tasks\CAN_relay\can_relay.o
                                        0x7ec (size before relaxing)
 .debug_str     0x0000000000001066       0xf4 Source\Scheduler\Internal\scheduler.o
                                        0x2ba (size before relaxing)
 .debug_str     0x000000000000115a      0x237 Source\Scheduler\Internal\log.o
                                        0x424 (size before relaxing)
 .debug_str     0x0000000000001391      0x11a Source\Scheduler\Internal\interrupt.o