Archive member included because of file (symbol)

c:/rapidittyde0/plugins/com.ttesystems.tte32.tools.win32_2.4.0/files/bin/../lib/gcc/mipsel-elf/4.4.5/soft-float\libsyscalls.a(syscalls.o)
                              Source\main.o (Device_Add)
c:/rapidittyde0/plugins/com.ttesystems.tte32.tools.win32_2.4.0/files/bin/../lib/gcc/mipsel-elf/4.4.5/../../../../mipsel-elf/lib/soft-float\libc.a(lib_a-errno.o)
                              c:/rapidittyde0/plugins/com.ttesystems.tte32.tools.win32_2.4.0/files/bin/../lib/gcc/mipsel-elf/4.4.5/soft-float\libsyscalls.a(syscalls.o) (__errno)
c:/rapidittyde0/plugins/com.ttesystems.tte32.tools.win32_2.4.0/files/bin/../lib/gcc/mipsel-elf/4.4.5/../../../../mipsel-elf/lib/soft-float\libc.a(lib_a-impure.o)
                              c:/rapidittyde0/plugins/com.ttesystems.tte32.tools.win32_2.4.0/files/bin/../lib/gcc/mipsel-elf/4.4.5/../../../../mipsel-elf/lib/soft-float\libc.a(lib_a-errno.o) (_impure_ptr)
c:/rapidittyde0/plugins/com.ttesystems.tte32.tools.win32_2.4.0/files/bin/../lib/gcc/mipsel-elf/4.4.5/../../../../mipsel-elf/lib/soft-float\libc.a(lib_a-strcmp.o)
                              c:/rapidittyde0/plugins/com.ttesystems.tte32.tools.win32_2.4.0/files/bin/../lib/gcc/mipsel-elf/4.4.5/soft-float\libsyscalls.a(syscalls.o) (strcmp)
c:/rapidittyde0/plugins/com.ttesystems.tte32.tools.win32_2.4.0/files/bin/../lib/gcc/mipsel-elf/4.4.5/soft-float\libgcc.a(_addsub_df.o)
                              Source\Tasks\Motor_Right\motor_right.o (__adddf3)
c:/rapidittyde0/plugins/com.ttesystems.tte32.tools.win32_2.4.0/files/bin/../lib/gcc/mipsel-elf/4.4.5/soft-float\libgcc.a(_mul_df.o)
                              Source\Tasks\Motor_Right\motor_right.o (__muldf3)
c:/rapidittyde0/plugins/com.ttesystems.tte32.tools.win32_2.4.0/files/bin/../lib/gcc/mipsel-elf/4.4.5/soft-float\libgcc.a(_si_to_df.o)
                              Source\Tasks\Motor_Right\motor_right.o (__floatsidf)
c:/rapidittyde0/plugins/com.ttesystems.tte32.tools.win32_2.4.0/files/bin/../lib/gcc/mipsel-elf/4.4.5/soft-float\libgcc.a(_df_to_si.o)
                              Source\Tasks\Motor_Right\motor_right.o (__fixdfsi)
c:/rapidittyde0/plugins/com.ttesystems.tte32.tools.win32_2.4.0/files/bin/../lib/gcc/mipsel-elf/4.4.5/soft-float\libgcc.a(_thenan_df.o)
                              c:/rapidittyde0/plugins/com.ttesystems.tte32.tools.win32_2.4.0/files/bin/../lib/gcc/mipsel-elf/4.4.5/soft-float\libgcc.a(_addsub_df.o) (__thenan_df)
c:/rapidittyde0/plugins/com.ttesystems.tte32.tools.win32_2.4.0/files/bin/../lib/gcc/mipsel-elf/4.4.5/soft-float\libgcc.a(_ucmpdi2.o)
                              c:/rapidittyde0/plugins/com.ttesystems.tte32.tools.win32_2.4.0/files/bin/../lib/gcc/mipsel-elf/4.4.5/soft-float\libgcc.a(_addsub_df.o) (__ucmpdi2)
c:/rapidittyde0/plugins/com.ttesystems.tte32.tools.win32_2.4.0/files/bin/../lib/gcc/mipsel-elf/4.4.5/soft-float\libgcc.a(_clzsi2.o)
                              c:/rapidittyde0/plugins/com.ttesystems.tte32.tools.win32_2.4.0/files/bin/../lib/gcc/mipsel-elf/4.4.5/soft-float\libgcc.a(_si_to_df.o) (__clzsi2)
c:/rapidittyde0/plugins/com.ttesystems.tte32.tools.win32_2.4.0/files/bin/../lib/gcc/mipsel-elf/4.4.5/soft-float\libgcc.a(_pack_df.o)
                              c:/rapidittyde0/plugins/com.ttesystems.tte32.tools.win32_2.4.0/files/bin/../lib/gcc/mipsel-elf/4.4.5/soft-float\libgcc.a(_addsub_df.o) (__pack_d)
c:/rapidittyde0/plugins/com.ttesystems.tte32.tools.win32_2.4.0/files/bin/../lib/gcc/mipsel-elf/4.4.5/soft-float\libgcc.a(_unpack_df.o)
                              c:/rapidittyde0/plugins/com.ttesystems.tte32.tools.win32_2.4.0/files/bin/../lib/gcc/mipsel-elf/4.4.5/soft-float\libgcc.a(_addsub_df.o) (__unpack_d)
c:/rapidittyde0/plugins/com.ttesystems.tte32.tools.win32_2.4.0/files/bin/../lib/gcc/mipsel-elf/4.4.5/soft-float\libgcc.a(_lshrdi3.o)
                              c:/rapidittyde0/plugins/com.ttesystems.tte32.tools.win32_2.4.0/files/bin/../lib/gcc/mipsel-elf/4.4.5/soft-float\libgcc.a(_pack_df.o) (__lshrdi3)
c:/rapidittyde0/plugins/com.ttesystems.tte32.tools.win32_2.4.0/files/bin/../lib/gcc/mipsel-elf/4.4.5/soft-float\libgcc.a(_ashldi3.o)
                              c:/rapidittyde0/plugins/com.ttesystems.tte32.tools.win32_2.4.0/files/bin/../lib/gcc/mipsel-elf/4.4.5/soft-float\libgcc.a(_pack_df.o) (__ashldi3)
c:/rapidittyde0/plugins/com.ttesystems.tte32.tools.win32_2.4.0/files/bin/../lib/gcc/mipsel-elf/4.4.5/soft-float\libgcc.a(_clz.o)
                              c:/rapidittyde0/plugins/com.ttesystems.tte32.tools.win32_2.4.0/files/bin/../lib/gcc/mipsel-elf/4.4.5/soft-float\libgcc.a(_clzsi2.o) (__clz_tab)

Allocating common symbols
Common symbol       size              file

Target_counts_Left_G
                    0x4               Source\config.o
Motor_Lf_Enc_Track  0x4               Source\config.o
Opponent_detected   0x4               Source\config.o
RX0_ID_Bytes        0x5               Source\Tasks\Message_Sender\message_sender.o
[...]
Memory Configuration

Name             Origin             Length             Attributes
Flash            0x0000000000000000 0x0000000000400000 xr
Code             0x0000000020000000 0x0000000000008000 rw
Data             0x0000000040000000 0x0000000000004000 rw
*default*        0x0000000000000000 0xffffffffffffffff

Linker script and memory map

LOAD Source\main.o
LOAD Source\config.o
LOAD Source\Tasks\tasks.o
LOAD Source\Tasks\object_detection\object_detection.o
LOAD Source\Tasks\System_Control\system_control.o
LOAD Source\Tasks\Read_Enc\read_enc.o
LOAD Source\Tasks\Motor_Right\motor_right.o
LOAD Source\Tasks\Motor_Left\motor_left.o
LOAD Source\Tasks\Message_Sender\message_sender.o
LOAD Source\Tasks\Flashing_LED\flashing_led.o
LOAD Source\Tasks\Course_Corrector\course_corrector.o
LOAD Source\Tasks\CAN_relay\can_relay.o
LOAD Source\System\startup.o
LOAD Source\Scheduler\Internal\scheduler.o
LOAD Source\Scheduler\Internal\log.o
LOAD Source\Scheduler\Internal\interrupt.o
LOAD Source\Drivers\Internal\uart.o
LOAD Source\Drivers\Internal\timer.o
LOAD Source\Drivers\Internal\text_lcd.o
LOAD Source\Drivers\Internal\spi.o
LOAD Source\Drivers\Internal\segment.o
LOAD Source\Drivers\Internal\pwm.o
LOAD c:/rapidittyde0/plugins/com.ttesystems.tte32.tools.win32_2.4.0/files/bin/../lib/gcc/mipsel-elf/4.4.5/soft-float\libsyscalls.a
LOAD c:/rapidittyde0/plugins/com.ttesystems.tte32.tools.win32_2.4.0/files/bin/../lib/gcc/mipsel-elf/4.4.5/../../../../mipsel-elf/lib/soft-float\libc.a
LOAD c:/rapidittyde0/plugins/com.ttesystems.tte32.tools.win32_2.4.0/files/bin/../lib/gcc/mipsel-elf/4.4.5/../../../../mipsel-elf/lib/soft-float\libm.a
                0x0000000000000000                _stext = .
                0x0000000000000000                PROVIDE (stext, .)

.text           0x0000000020000000     0x2e98 load address 0x0000000000000000
                0x0000000020000000                _text = .
 *(.startup)
 .startup       0x0000000020000000      0x158 Source\System\startup.o
                0x0000000020000154                _exit
 *(.text .text.* .gnu.linkonce.t.*)
 .text.DEBUG_Assert_Failed
                0x0000000020000158        0x8 Source\main.o
                0x0000000020000158                DEBUG_Assert_Failed
 .text.main     0x0000000020000160       0x38 Source\main.o
                0x0000000020000160                main
 .text.Tasks_Init
                0x0000000020000198       0x54 Source\Tasks\tasks.o
                0x0000000020000198                Tasks_Init
 .text.object_detection_Init
                0x00000000200001ec       0x10 Source\Tasks\object_detection\object_detection.o
                0x00000000200001ec                object_detection_Init
 .text.object_detection_Update
                0x00000000200001fc      0x1f4 Source\Tasks\object_detection\object_detection.o
                0x00000000200001fc                object_detection_Update
 .text.System_Control_Init
                0x00000000200003f0      0x13c Source\Tasks\System_Control\system_control.o
                0x00000000200003f0                System_Control_Init
 .text.System_Control_Update
                0x000000002000052c      0x208 Source\Tasks\System_Control\system_control.o
                0x000000002000052c                System_Control_Update
 .text.Read_Enc_Init
                0x0000000020000734       0xa8 Source\Tasks\Read_Enc\read_enc.o
                0x0000000020000734                Read_Enc_Init
 .text.Read_Enc_Update
                0x00000000200007dc      0x18c Source\Tasks\Read_Enc\read_enc.o
                0x00000000200007dc                Read_Enc_Update
 .text.speedControlRight
                0x0000000020000968       0x8c Source\Tasks\Motor_Right\motor_right.o
                0x0000000020000968                speedControlRight
 .text.visualsRt
                0x00000000200009f4      0x190 Source\Tasks\Motor_Right\motor_right.o
                0x00000000200009f4                visualsRt
 .text.Motor_Right_Update
                0x0000000020000b84      0x108 Source\Tasks\Motor_Right\motor_right.o
                0x0000000020000b84                Motor_Right_Update
 .text.Motor_Right_Init
                0x0000000020000c8c       0xe4 Source\Tasks\Motor_Right\motor_right.o
                0x0000000020000c8c                Motor_Right_Init
 .text.visualsLf
                0x0000000020000d70      0x124 Source\Tasks\Motor_Left\motor_left.o
                0x0000000020000d70                visualsLf
 .text.Motor_Left_Update
                0x0000000020000e94       0xdc Source\Tasks\Motor_Left\motor_left.o
                0x0000000020000e94                Motor_Left_Update
 .text.Motor_Left_Init
                0x0000000020000f70       0xe4 Source\Tasks\Motor_Left\motor_left.o
                0x0000000020000f70                Motor_Left_Init
 .text.spi_receive_CAN
                0x0000000020001054       0xe0 Source\Tasks\Message_Sender\message_sender.o
                0x0000000020001054                spi_receive_CAN
 .text.spi_buffer_CAN
                0x0000000020001134       0xc8 Source\Tasks\Message_Sender\message_sender.o
                0x0000000020001134                spi_buffer_CAN
 .text.Message_Sender_Update
                0x00000000200011fc      0x6bc Source\Tasks\Message_Sender\message_sender.o
                0x00000000200011fc                Message_Sender_Update
 .text.Message_Sender_Init
                0x00000000200018b8       0xcc Source\Tasks\Message_Sender\message_sender.o
                0x00000000200018b8                Message_Sender_Init
 .text.Flashing_LED_Init
                0x0000000020001984       0x58 Source\Tasks\Flashing_LED\flashing_led.o
                0x0000000020001984                Flashing_LED_Init
 .text.Flashing_LED_Toggle
                0x00000000200019dc       0x8c Source\Tasks\Flashing_LED\flashing_led.o
                0x00000000200019dc                Flashing_LED_Toggle
 .text.Course_Corrector_Init
                0x0000000020001a68        0xc Source\Tasks\Course_Corrector\course_corrector.o
                0x0000000020001a68                Course_Corrector_Init
 .text.Course_Corrector_Update
                0x0000000020001a74       0x5c Source\Tasks\Course_Corrector\course_corrector.o
                0x0000000020001a74                Course_Corrector_Update
 .text.CAN_relay_Init
                0x0000000020001ad0       0x5c Source\Tasks\CAN_relay\can_relay.o
                0x0000000020001ad0                CAN_relay_Init
 .text.CAN_relay_Update
                0x0000000020001b2c      0x10c Source\Tasks\CAN_relay\can_relay.o
                0x0000000020001b2c                CAN_relay_Update
 .text.Handler  0x0000000020001c38       0x7c Source\System\startup.o
                0x0000000020001c38                Handler
                0x0000000020001c60                End_Handler
                0x0000000020001c70                Excpt_Unused
                0x0000000020001c78                Excpt_IAbort
                0x0000000020001c84                Excpt_DAbort
                0x0000000020001c8c                Excpt_Syscall
                0x0000000020001c94                Excpt_UndefInst
                0x0000000020001c9c                Excpt_Overflow
                0x0000000020001ca4                Excpt_CoPro
                0x0000000020001cac                Excpt_Break
 .text.InterruptHandler
                0x0000000020001cb4      0x134 Source\System\startup.o
                0x0000000020001cb4                InterruptHandler
                0x0000000020001de4                End_IRQ_Ptr
 .text.Enable_Interrupts
                0x0000000020001de8       0x30 Source\System\startup.o
                0x0000000020001de8                Enable_Interrupts
 .text.Disable_Interrupts
                0x0000000020001e18       0x38 Source\System\startup.o
                0x0000000020001e18                Disable_Interrupts
 .text.Enter_Sleep_Mode
                0x0000000020001e50       0x28 Source\System\startup.o
                0x0000000020001e50                Enter_Sleep_Mode
                0x0000000020001e60                Sleep_Ptr
 .text.LOG_Trigger_Breakpoint
                0x0000000020001e78        0x8 Source\System\startup.o
                0x0000000020001e78                LOG_Trigger_Breakpoint
 .text.Scheduler_Tick
                0x0000000020001e80      0x128 Source\Scheduler\Internal\scheduler.o
                0x0000000020001e80                Scheduler_Tick
                0x0000000020001f54                Hybrid_End_Label
 .text.Scheduler_Dispatch
                0x0000000020001fa8      0x15c Source\Scheduler\Internal\scheduler.o
                0x0000000020001fa8                Scheduler_Dispatch
                0x0000000020002068                Task_End_Label
 .text.Shutdown_System
                0x0000000020002104       0x1c Source\Scheduler\Internal\scheduler.o
                0x0000000020002104                Shutdown_System
 .text.Scheduler_Start
                0x0000000020002120       0x28 Source\Scheduler\Internal\scheduler.o
                0x0000000020002120                Scheduler_Start
 .text.Scheduler_Init
                0x0000000020002148       0x84 Source\Scheduler\Internal\scheduler.o
                0x0000000020002148                Scheduler_Init
 .text.Write_32
                0x00000000200021cc       0x78 Source\Scheduler\Internal\log.o
                0x00000000200021cc                Write_32
 .text.Set_Watch
                0x0000000020002244       0x98 Source\Scheduler\Internal\log.o
                0x0000000020002244                Set_Watch
 .text.Get_Watch
                0x00000000200022dc       0xa8 Source\Scheduler\Internal\log.o
                0x00000000200022dc                Get_Watch
 .text.Log_Reset_Addresses
                0x0000000020002384       0x40 Source\Scheduler\Internal\log.o
                0x0000000020002384                Log_Reset_Addresses
 .text.Log_Idle
                0x00000000200023c4       0x28 Source\Scheduler\Internal\log.o
                0x00000000200023c4                Log_Idle
 .text.Log_Set_Address
                0x00000000200023ec       0x80 Source\Scheduler\Internal\log.o
                0x00000000200023ec                Log_Set_Address
 .text.Check_Buffer
                0x000000002000246c       0x54 Source\Scheduler\Internal\log.o
                0x000000002000246c                Check_Buffer
 .text.Log_Task_Address
                0x00000000200024c0       0x98 Source\Scheduler\Internal\log.o
                0x00000000200024c0                Log_Task_Address
 .text.Log_ISR_Time
                0x0000000020002558       0xe8 Source\Scheduler\Internal\log.o
                0x0000000020002558                Log_ISR_Time
 .text.Log_Tick_Start
                0x0000000020002640       0x78 Source\Scheduler\Internal\log.o
                0x0000000020002640                Log_Tick_Start
 .text.Log_Hybrid_End
                0x00000000200026b8       0x30 Source\Scheduler\Internal\log.o
                0x00000000200026b8                Log_Hybrid_End
 .text.Log_Hybrid_Start
                0x00000000200026e8       0x30 Source\Scheduler\Internal\log.o
                0x00000000200026e8                Log_Hybrid_Start
 .text.Log_Time
                0x0000000020002718       0xc0 Source\Scheduler\Internal\log.o
                0x0000000020002718                Log_Time
 .text.Log_Task_End
                0x00000000200027d8       0x30 Source\Scheduler\Internal\log.o
                0x00000000200027d8                Log_Task_End
 .text.Log_Task_Start
                0x0000000020002808       0x30 Source\Scheduler\Internal\log.o
                0x0000000020002808                Log_Task_Start
 .text.Log_Init
                0x0000000020002838       0xf4 Source\Scheduler\Internal\log.o
                0x0000000020002838                Log_Init
 .text.Log_Tick_End
                0x000000002000292c       0x7c Source\Scheduler\Internal\log.o
                0x000000002000292c                Log_Tick_End
 .text.Init_Interrupt
                0x00000000200029a8       0x24 Source\Scheduler\Internal\interrupt.o
                0x00000000200029a8                Init_Interrupt
 .text.Handle_Interrupts
                0x00000000200029cc        0x8 Source\Scheduler\Internal\interrupt.o
                0x00000000200029cc                Handle_Interrupts
 .text.Enable_Interrupt
                0x00000000200029d4       0x38 Source\Scheduler\Internal\interrupt.o
                0x00000000200029d4                Enable_Interrupt
 .text.Disable_Interrupt
                0x0000000020002a0c       0x28 Source\Scheduler\Internal\interrupt.o
                0x0000000020002a0c                Disable_Interrupt
 .text.Timer_Init
                0x0000000020002a34       0xc0 Source\Drivers\Internal\timer.o
                0x0000000020002a34                Timer_Init
 .text.Timer_Start
                0x0000000020002af4       0x28 Source\Drivers\Internal\timer.o
                0x0000000020002af4                Timer_Start
 .text.SPI_Init
                0x0000000020002b1c       0x34 Source\Drivers\Internal\spi.o
                0x0000000020002b1c                SPI_Init
 .text.SPI_Swap
                0x0000000020002b50       0x50 Source\Drivers\Internal\spi.o
                0x0000000020002b50                SPI_Swap
 .text.Segment_Clear_Decimal
                0x0000000020002ba0       0x98 Source\Drivers\Internal\segment.o
                0x0000000020002ba0                Segment_Clear_Decimal
 .text.Segment_Set_Decimal
                0x0000000020002c38       0x94 Source\Drivers\Internal\segment.o
                0x0000000020002c38                Segment_Set_Decimal
 .text.Segment_Write
                0x0000000020002ccc       0xb4 Source\Drivers\Internal\segment.o
                0x0000000020002ccc                Segment_Write
 .text.Segment_Enable
                0x0000000020002d80       0x94 Source\Drivers\Internal\segment.o
                0x0000000020002d80                Segment_Enable
 .text.Device_Add
                0x0000000020002e14       0x84 c:/rapidittyde0/plugins/com.ttesystems.tte32.tools.win32_2.4.0/files/bin/../lib/gcc/mipsel-elf/4.4.5/soft-float\libsyscalls.a(syscalls.o)
                0x0000000020002e14                Device_Add
 *(.init .init.*)
 *(.fini .fini.*)

.rel.dyn        0x0000000020002e98        0x0 load address 0x0000000000002e98
 .rel.dyn       0x0000000000000000        0x0 Source\config.o
                0x0000000020002e98                . = ALIGN (0x4)
                0x0000000020002e98                _etext = .
                0x0000000020002e98                PROVIDE (etext, .)

.data           0x0000000040000000      0x1a0 load address 0x0000000000002e98
                0x0000000040000000                _data = .
                0x0000000040000000                PROVIDE (data, .)
 *(.sdata.config* .data.config*)
 *(.rodata .rodata.*)
 .rodata.str1.4
                0x0000000040000000       0x28 Source\Drivers\Internal\segment.o
 .rodata.segment_decimal
                0x0000000040000028       0x10 Source\Drivers\Internal\segment.o
 .rodata.segment_value
                0x0000000040000038       0x10 Source\Drivers\Internal\segment.o
 .rodata.segment_enabled
                0x0000000040000048       0x10 Source\Drivers\Internal\segment.o
 *(.data .data.* .gnu.linkonce.d.*)
 .data.Tasks    0x0000000040000058       0xd8 Source\config.o
                0x0000000040000058                Tasks
 .data.USR_Stk_Val
                0x0000000040000130        0x4 Source\System\startup.o
                0x0000000040000130                USR_Stk_Val
 .data.INT_Stk_Val
                0x0000000040000134        0x4 Source\System\startup.o
                0x0000000040000134                INT_Stk_Val
 .data.TableBase
                0x0000000040000138       0x40 Source\System\startup.o
                0x0000000040000138                TableBase
 *(.eh_frame .eh_frame.*)
 *(.rdata .rdata.*)
 *(.jcr .jcr.*)
 *(.sdata .sdata.*)
 .sdata.Config_Num_Tasks
                0x0000000040000178        0x4 Source\config.o
                0x0000000040000178                Config_Num_Tasks
 .sdata.displayA
                0x000000004000017c        0x4 Source\Tasks\Motor_Right\motor_right.o
 .sdata.displayB
                0x0000000040000180        0x4 Source\Tasks\Motor_Right\motor_right.o
 .sdata.displayC
                0x0000000040000184        0x4 Source\Tasks\Motor_Right\motor_right.o
 .sdata.displayD
                0x0000000040000188        0x4 Source\Tasks\Motor_Right\motor_right.o
 .sdata.displayC
                0x000000004000018c        0x4 Source\Tasks\Motor_Left\motor_left.o
 .sdata.displayD
                0x0000000040000190        0x4 Source\Tasks\Motor_Left\motor_left.o
 .sdata.idle_index
                0x0000000040000194        0x4 Source\Scheduler\Internal\log.o
 .sdata.log_char
                0x0000000040000198        0x8 Source\Scheduler\Internal\log.o
                0x00000000400001a0                . = ALIGN (0x4)
                0x00000000400001a0                _edata = .
                0x00000000400001a0                PROVIDE (edata, .)
                0x00000000400001a0                _gp = ABSOLUTE (.)

.bss            0x00000000400001a0      0x828 load address 0x0000000000003038
                0x00000000400001a0                _bss = .
                0x00000000400001a0                PROVIDE (bss, .)
 *(.sbss .sbss.*)
 .sbss.stop.1305
                0x00000000400001a0        0x2 Source\Tasks\object_detection\object_detection.o
 *fill*         0x00000000400001a2        0x2 00
 .sbss.led_state
                0x00000000400001a4        0x4 Source\Tasks\Flashing_LED\flashing_led.o
 .sbss.current_task
                0x00000000400001a8        0x4 Source\Scheduler\Internal\scheduler.o
 .sbss.system_time
                0x00000000400001ac        0x4 Source\Scheduler\Internal\scheduler.o
 .sbss.single_tick_time
                0x00000000400001b0        0x4 Source\Scheduler\Internal\scheduler.o
 .sbss.last_index
                0x00000000400001b4        0x4 Source\Scheduler\Internal\log.o
 .sbss.previous_time
                0x00000000400001b8        0x4 Source\Scheduler\Internal\log.o
 .sbss.previous_isr_time
                0x00000000400001bc        0x4 Source\Scheduler\Internal\log.o
 .sbss.current_tick
                0x00000000400001c0        0x4 Source\Scheduler\Internal\log.o
 .sbss.buffer_index
                0x00000000400001c4        0x4 Source\Scheduler\Internal\log.o
 .sbss.nesting_level
                0x00000000400001c8        0x4 Source\Scheduler\Internal\interrupt.o
 *(.bss .bss.* .gnu.linkonce.b.*)
 .bss.device_list
                0x00000000400001cc       0x10 c:/rapidittyde0/plugins/com.ttesystems.tte32.tools.win32_2.4.0/files/bin/../lib/gcc/mipsel-elf/4.4.5/soft-float\libsyscalls.a(syscalls.o)
 *(.scommon .scommon.*)
 .scommon       0x00000000400001dc       0xb5 Source\config.o
                0x00000000400001dc                Target_counts_Left_G
                0x00000000400001e0                Motor_Lf_Enc_Track
                0x00000000400001e4                Opponent_detected
                0x00000000400001e8                next_x_map_pos_G
                0x00000000400001ec                robot_x_map_pos_G
                0x00000000400001f0                next_y_map_pos_G
                0x00000000400001f4                Orientation_G
                0x00000000400001f8                next_distance_G
                0x00000000400001fc                next_x_coord_G
                0x0000000040000200                robot_x_coord_G
                0x0000000040000204                Course_correction_Rt
                0x0000000040000208                canIDRt
                0x000000004000020c                candataLf
                0x0000000040000214                Course_correction_Lf
                0x0000000040000218                canIDSensors
                0x000000004000021c                robot_y_map_pos_G
                0x0000000040000220                delta_x
                0x0000000040000224                Right_motor_direction_G
                0x0000000040000228                WheelCounts_Left_G
                0x000000004000022c                robot_y_coord_G
                0x0000000040000230                opp_x_coord_G
                0x0000000040000234                Left_motor_direction_G
                0x0000000040000238                candataRt
                0x0000000040000240                heading_radians_G
                0x0000000040000244                Pathdriver_Control_G
                0x0000000040000248                servo
                0x0000000040000250                Left_motor_speed_G
                0x0000000040000252                Right_motor_speed_G
                0x0000000040000254                next_wheel_counts_G
                0x0000000040000258                next_y_coord_G
                0x000000004000025c                delta_y
                0x0000000040000260                Team_Colour
                0x0000000040000264                Target_counts_Right_G
                0x0000000040000268                WheelCounts_Right_G
                0x000000004000026c                Pathfinder_Control_G
                0x0000000040000270                Strategy_G
                0x0000000040000274                opp_y_coord_G
                0x0000000040000278                Motor_Rt_Enc_Track
                0x000000004000027c                Script_update
                0x0000000040000280                Script_no_G
                0x0000000040000284                End_Of_MoveRt
                0x0000000040000288                canIDLf
                0x000000004000028c                movement_G
                0x0000000040000290                Path_no_G
 .scommon       0x0000000040000291        0x0 Source\Tasks\tasks.o
 *fill*         0x0000000040000291        0x3 00
 .scommon       0x0000000040000294        0x8 Source\Tasks\object_detection\object_detection.o
                0x0000000040000294                nextMove
                0x0000000040000298                objectFollower
 .scommon       0x000000004000029c        0x5 Source\Tasks\System_Control\system_control.o
                0x000000004000029c                System_Mode_G
                0x00000000400002a0                debounce
 *fill*         0x00000000400002a1        0x3 00
 .scommon       0x00000000400002a4       0x44 Source\Tasks\Read_Enc\read_enc.o
                0x00000000400002a4                WheelCount
                0x00000000400002ac                EncSignal_A
                0x00000000400002b4                RevCount
                0x00000000400002bc                EncSignal_B
                0x00000000400002c4                EncoderCount
                0x00000000400002cc                bufferTime
                0x00000000400002d0                WheelDirection
                0x00000000400002d8                Pulse_Flag
                0x00000000400002e0                CountError_Flag
 .scommon       0x00000000400002e8        0x8 Source\Tasks\Motor_Right\motor_right.o
                0x00000000400002e8                Enc_Rt_Old
                0x00000000400002ec                Enc_Rt_Diff
 .scommon       0x00000000400002f0        0x8 Source\Tasks\Motor_Left\motor_left.o
                0x00000000400002f0                Enc_Lf_Diff
                0x00000000400002f4                Enc_Lf_Old
 .scommon       0x00000000400002f8       0x32 Source\Tasks\Message_Sender\message_sender.o
                0x00000000400002f8                RX0_ID_Bytes
                0x0000000040000300                EXT_ID_Bytes
                0x0000000040000305                speedPin
                0x0000000040000308                init
                0x000000004000030c                RX1_ID_Bytes
                0x0000000040000314                RX_Buffer_ID_Bytes
                0x000000004000031c                PAD_ID
                0x0000000040000320                RX_Buffer_Data_array
                0x0000000040000328                ticked
 .scommon       0x000000004000032a        0x0 Source\Tasks\Flashing_LED\flashing_led.o
 .scommon       0x000000004000032a        0x0 Source\Tasks\Course_Corrector\course_corrector.o
 .scommon       0x000000004000032a        0x7 Source\Tasks\CAN_relay\can_relay.o
                0x000000004000032a                motor_direction_Rt
                0x000000004000032c                motor_speed_Rt
                0x000000004000032e                motor_speed_Lf
                0x0000000040000330                motor_direction_Lf
 *(COMMON)
 *fill*         0x0000000040000331        0x3 00
 COMMON         0x0000000040000334      0x2ac Source\config.o
                0x0000000040000334                Path_G
                0x00000000400003b4                bufferRX0
                0x00000000400003c4                bufferRX1
                0x00000000400003d4                sensorReadings
                0x00000000400003e0                Script_G
 COMMON         0x00000000400005e0      0x3e8 Source\Scheduler\Internal\log.o
                0x00000000400005e0                Log_Buffer
                0x00000000400009c8                _ebss = .
                0x00000000400009c8                PROVIDE (ebss, .)

.log
 *(.log)
                0x00000000400009c8                _end = .
                0x00000000400009c8                PROVIDE (end, .)
                0x00000000400009c8                PROVIDE (_heap_start, .)

.stack          0x0000000040003600      0xa00
                0x0000000040003600                PROVIDE (_heap_end, .)
 *(.stack .stack.*)
 .stack.Stack_G
                0x0000000040003600      0xa00 Source\System\startup.o
                0x0000000040003600                Stack_G
LOAD c:/rapidittyde0/plugins/com.ttesystems.tte32.tools.win32_2.4.0/files/bin/../lib/gcc/mipsel-elf/4.4.5/soft-float\libgcc.a
LOAD c:/rapidittyde0/plugins/com.ttesystems.tte32.tools.win32_2.4.0/files/bin/../lib/gcc/mipsel-elf/4.4.5/soft-float\libgcc.a
OUTPUT(Telemetrons_CloudRobotics2013.elf elf32-littlemips)

.reginfo        0x0000000000000000       0x18
 .reginfo       0x0000000000000000       0x18 Source\main.o

.mdebug.abi32   0x0000000000000000        0x0
 .mdebug.abi32  0x0000000000000000        0x0 Source\main.o
 .mdebug.abi32  0x0000000000000000        0x0 Source\config.o
 .mdebug.abi32  0x0000000000000000        0x0 Source\Tasks\tasks.o
 .mdebug.abi32  0x0000000000000000        0x0 Source\Tasks\object_detection\object_detection.o
 .mdebug.abi32  0x0000000000000000        0x0 Source\Tasks\System_Control\system_control.o
 .mdebug.abi32  0x0000000000000000        0x0 Source\Tasks\Read_Enc\read_enc.o
 .mdebug.abi32  0x0000000000000000        0x0 Source\Tasks\Motor_Right\motor_right.o
 .mdebug.abi32  0x0000000000000000        0x0 Source\Tasks\Motor_Left\motor_left.o
 .mdebug.abi32  0x0000000000000000        0x0 Source\Tasks\Message_Sender\message_sender.o
 .mdebug.abi32  0x0000000000000000        0x0 Source\Tasks\Flashing_LED\flashing_led.o
 .mdebug.abi32  0x0000000000000000        0x0 Source\Tasks\Course_Corrector\course_corrector.o
 .mdebug.abi32  0x0000000000000000        0x0 Source\Tasks\CAN_relay\can_relay.o
 .mdebug.abi32  0x0000000000000000        0x0 Source\Scheduler\Internal\scheduler.o
 .mdebug.abi32  0x0000000000000000        0x0 Source\Scheduler\Internal\log.o
 .mdebug.abi32  0x0000000000000000        0x0 Source\Scheduler\Internal\interrupt.o
 .mdebug.abi32  0x0000000000000000        0x0 Source\Drivers\Internal\uart.o
 .mdebug.abi32  0x0000000000000000        0x0 Source\Drivers\Internal\timer.o
 .mdebug.abi32  0x0000000000000000        0x0 Source\Drivers\Internal\text_lcd.o
 .mdebug.abi32  0x0000000000000000        0x0 Source\Drivers\Internal\spi.o
 .mdebug.abi32  0x0000000000000000        0x0 Source\Drivers\Internal\segment.o
 .mdebug.abi32  0x0000000000000000        0x0 Source\Drivers\Internal\pwm.o
 .mdebug.abi32  0x0000000000000000        0x0 c:/rapidittyde0/plugins/com.ttesystems.tte32.tools.win32_2.4.0/files/bin/../lib/gcc/mipsel-elf/4.4.5/soft-float\libsyscalls.a(syscalls.o)
 .mdebug.abi32  0x0000000000000000        0x0 c:/rapidittyde0/plugins/com.ttesystems.tte32.tools.win32_2.4.0/files/bin/../lib/gcc/mipsel-elf/4.4.5/../../../../mipsel-elf/lib/soft-float\libc.a(lib_a-errno.o)
 .mdebug.abi32  0x0000000000000000        0x0 c:/rapidittyde0/plugins/com.ttesystems.tte32.tools.win32_2.4.0/files/bin/../lib/gcc/mipsel-elf/4.4.5/../../../../mipsel-elf/lib/soft-float\libc.a(lib_a-impure.o)
 .mdebug.abi32  0x0000000000000000        0x0 c:/rapidittyde0/plugins/com.ttesystems.tte32.tools.win32_2.4.0/files/bin/../lib/gcc/mipsel-elf/4.4.5/../../../../mipsel-elf/lib/soft-float\libc.a(lib_a-strcmp.o)
 .mdebug.abi32  0x0000000000000000        0x0 c:/rapidittyde0/plugins/com.ttesystems.tte32.tools.win32_2.4.0/files/bin/../lib/gcc/mipsel-elf/4.4.5/soft-float\libgcc.a(_addsub_df.o)
 .mdebug.abi32  0x0000000000000000        0x0 c:/rapidittyde0/plugins/com.ttesystems.tte32.tools.win32_2.4.0/files/bin/../lib/gcc/mipsel-elf/4.4.5/soft-float\libgcc.a(_mul_df.o)
 .mdebug.abi32  0x0000000000000000        0x0 c:/rapidittyde0/plugins/com.ttesystems.tte32.tools.win32_2.4.0/files/bin/../lib/gcc/mipsel-elf/4.4.5/soft-float\libgcc.a(_si_to_df.o)
 .mdebug.abi32  0x0000000000000000        0x0 c:/rapidittyde0/plugins/com.ttesystems.tte32.tools.win32_2.4.0/files/bin/../lib/gcc/mipsel-elf/4.4.5/soft-float\libgcc.a(_df_to_si.o)
 .mdebug.abi32  0x0000000000000000        0x0 c:/rapidittyde0/plugins/com.ttesystems.tte32.tools.win32_2.4.0/files/bin/../lib/gcc/mipsel-elf/4.4.5/soft-float\libgcc.a(_thenan_df.o)
 .mdebug.abi32  0x0000000000000000        0x0 c:/rapidittyde0/plugins/com.ttesystems.tte32.tools.win32_2.4.0/files/bin/../lib/gcc/mipsel-elf/4.4.5/soft-float\libgcc.a(_ucmpdi2.o)
 .mdebug.abi32  0x0000000000000000        0x0 c:/rapidittyde0/plugins/com.ttesystems.tte32.tools.win32_2.4.0/files/bin/../lib/gcc/mipsel-elf/4.4.5/soft-float\libgcc.a(_clzsi2.o)
 .mdebug.abi32  0x0000000000000000        0x0 c:/rapidittyde0/plugins/com.ttesystems.tte32.tools.win32_2.4.0/files/bin/../lib/gcc/mipsel-elf/4.4.5/soft-float\libgcc.a(_pack_df.o)
 .mdebug.abi32  0x0000000000000000        0x0 c:/rapidittyde0/plugins/com.ttesystems.tte32.tools.win32_2.4.0/files/bin/../lib/gcc/mipsel-elf/4.4.5/soft-float\libgcc.a(_unpack_df.o)
 .mdebug.abi32  0x0000000000000000        0x0 c:/rapidittyde0/plugins/com.ttesystems.tte32.tools.win32_2.4.0/files/bin/../lib/gcc/mipsel-elf/4.4.5/soft-float\libgcc.a(_lshrdi3.o)
 .mdebug.abi32  0x0000000000000000        0x0 c:/rapidittyde0/plugins/com.ttesystems.tte32.tools.win32_2.4.0/files/bin/../lib/gcc/mipsel-elf/4.4.5/soft-float\libgcc.a(_ashldi3.o)
 .mdebug.abi32  0x0000000000000000        0x0 c:/rapidittyde0/plugins/com.ttesystems.tte32.tools.win32_2.4.0/files/bin/../lib/gcc/mipsel-elf/4.4.5/soft-float\libgcc.a(_clz.o)

.comment        0x0000000000000000       0x23
 .comment       0x0000000000000000       0x11 Source\main.o
                                         0x12 (size before relaxing)
 .comment       0x0000000000000000       0x12 Source\config.o
 .comment       0x0000000000000000       0x12 Source\Tasks\tasks.o
 .comment       0x0000000000000000       0x12 Source\Tasks\object_detection\object_detection.o
 .comment       0x0000000000000000       0x12 Source\Tasks\System_Control\system_control.o
 .comment       0x0000000000000000       0x12 Source\Tasks\Read_Enc\read_enc.o
 .comment       0x0000000000000000       0x12 Source\Tasks\Motor_Right\motor_right.o
 .comment       0x0000000000000000       0x12 Source\Tasks\Motor_Left\motor_left.o
 .comment       0x0000000000000000       0x12 Source\Tasks\Message_Sender\message_sender.o
 .comment       0x0000000000000000       0x12 Source\Tasks\Flashing_LED\flashing_led.o
 .comment       0x0000000000000000       0x12 Source\Tasks\Course_Corrector\course_corrector.o
 .comment       0x0000000000000000       0x12 Source\Tasks\CAN_relay\can_relay.o
 .comment       0x0000000000000000       0x12 Source\Scheduler\Internal\scheduler.o
 .comment       0x0000000000000000       0x12 Source\Scheduler\Internal\log.o
 .comment       0x0000000000000000       0x12 Source\Scheduler\Internal\interrupt.o
 .comment       0x0000000000000000       0x12 Source\Drivers\Internal\uart.o
 .comment       0x0000000000000000       0x12 Source\Drivers\Internal\timer.o
 .comment       0x0000000000000000       0x12 Source\Drivers\Internal\text_lcd.o
 .comment       0x0000000000000000       0x12 Source\Drivers\Internal\spi.o
 .comment       0x0000000000000000       0x12 Source\Drivers\Internal\segment.o
 .comment       0x0000000000000000       0x12 Source\Drivers\Internal\pwm.o
 .comment       0x0000000000000011       0x12 c:/rapidittyde0/plugins/com.ttesystems.tte32.tools.win32_2.4.0/files/bin/../lib/gcc/mipsel-elf/4.4.5/soft-float\libsyscalls.a(syscalls.o)
 .comment       0x0000000000000000       0x12 c:/rapidittyde0/plugins/com.ttesystems.tte32.tools.win32_2.4.0/files/bin/../lib/gcc/mipsel-elf/4.4.5/../../../../mipsel-elf/lib/soft-float\libc.a(lib_a-errno.o)
 .comment       0x0000000000000000       0x12 c:/rapidittyde0/plugins/com.ttesystems.tte32.tools.win32_2.4.0/files/bin/../lib/gcc/mipsel-elf/4.4.5/../../../../mipsel-elf/lib/soft-float\libc.a(lib_a-impure.o)
 .comment       0x0000000000000000       0x12 c:/rapidittyde0/plugins/com.ttesystems.tte32.tools.win32_2.4.0/files/bin/../lib/gcc/mipsel-elf/4.4.5/../../../../mipsel-elf/lib/soft-float\libc.a(lib_a-strcmp.o)
 .comment       0x0000000000000000       0x12 c:/rapidittyde0/plugins/com.ttesystems.tte32.tools.win32_2.4.0/files/bin/../lib/gcc/mipsel-elf/4.4.5/soft-float\libgcc.a(_addsub_df.o)
 .comment       0x0000000000000000       0x12 c:/rapidittyde0/plugins/com.ttesystems.tte32.tools.win32_2.4.0/files/bin/../lib/gcc/mipsel-elf/4.4.5/soft-float\libgcc.a(_mul_df.o)
 .comment       0x0000000000000000       0x12 c:/rapidittyde0/plugins/com.ttesystems.tte32.tools.win32_2.4.0/files/bin/../lib/gcc/mipsel-elf/4.4.5/soft-float\libgcc.a(_si_to_df.o)
 .comment       0x0000000000000000       0x12 c:/rapidittyde0/plugins/com.ttesystems.tte32.tools.win32_2.4.0/files/bin/../lib/gcc/mipsel-elf/4.4.5/soft-float\libgcc.a(_df_to_si.o)
 .comment       0x0000000000000000       0x12 c:/rapidittyde0/plugins/com.ttesystems.tte32.tools.win32_2.4.0/files/bin/../lib/gcc/mipsel-elf/4.4.5/soft-float\libgcc.a(_thenan_df.o)
 .comment       0x0000000000000000       0x12 c:/rapidittyde0/plugins/com.ttesystems.tte32.tools.win32_2.4.0/files/bin/../lib/gcc/mipsel-elf/4.4.5/soft-float\libgcc.a(_ucmpdi2.o)
 .comment       0x0000000000000000       0x12 c:/rapidittyde0/plugins/com.ttesystems.tte32.tools.win32_2.4.0/files/bin/../lib/gcc/mipsel-elf/4.4.5/soft-float\libgcc.a(_clzsi2.o)
 .comment       0x0000000000000000       0x12 c:/rapidittyde0/plugins/com.ttesystems.tte32.tools.win32_2.4.0/files/bin/../lib/gcc/mipsel-elf/4.4.5/soft-float\libgcc.a(_pack_df.o)
 .comment       0x0000000000000000       0x12 c:/rapidittyde0/plugins/com.ttesystems.tte32.tools.win32_2.4.0/files/bin/../lib/gcc/mipsel-elf/4.4.5/soft-float\libgcc.a(_unpack_df.o)
 .comment       0x0000000000000000       0x12 c:/rapidittyde0/plugins/com.ttesystems.tte32.tools.win32_2.4.0/files/bin/../lib/gcc/mipsel-elf/4.4.5/soft-float\libgcc.a(_lshrdi3.o)
 .comment       0x0000000000000000       0x12 c:/rapidittyde0/plugins/com.ttesystems.tte32.tools.win32_2.4.0/files/bin/../lib/gcc/mipsel-elf/4.4.5/soft-float\libgcc.a(_ashldi3.o)
 .comment       0x0000000000000000       0x12 c:/rapidittyde0/plugins/com.ttesystems.tte32.tools.win32_2.4.0/files/bin/../lib/gcc/mipsel-elf/4.4.5/soft-float\libgcc.a(_clz.o)

.gnu.attributes
                0x0000000000000000       0x10
 .gnu.attributes
                0x0000000000000000       0x10 Source\main.o
 .gnu.attributes
                0x0000000000000010       0x10 Source\config.o
 .gnu.attributes
                0x0000000000000020       0x10 Source\Tasks\tasks.o
 .gnu.attributes
                0x0000000000000030       0x10 Source\Tasks\object_detection\object_detection.o
 .gnu.attributes
                0x0000000000000040       0x10 Source\Tasks\System_Control\system_control.o
 .gnu.attributes
                0x0000000000000050       0x10 Source\Tasks\Read_Enc\read_enc.o
 .gnu.attributes
                0x0000000000000060       0x10 Source\Tasks\Motor_Right\motor_right.o
 .gnu.attributes
                0x0000000000000070       0x10 Source\Tasks\Motor_Left\motor_left.o
 .gnu.attributes
                0x0000000000000080       0x10 Source\Tasks\Message_Sender\message_sender.o
 .gnu.attributes
                0x0000000000000090       0x10 Source\Tasks\Flashing_LED\flashing_led.o
 .gnu.attributes
                0x00000000000000a0       0x10 Source\Tasks\Course_Corrector\course_corrector.o
 .gnu.attributes
                0x00000000000000b0       0x10 Source\Tasks\CAN_relay\can_relay.o
 .gnu.attributes
                0x00000000000000c0       0x10 Source\Scheduler\Internal\scheduler.o
 .gnu.attributes
                0x00000000000000d0       0x10 Source\Scheduler\Internal\log.o
 .gnu.attributes
                0x00000000000000e0       0x10 Source\Scheduler\Internal\interrupt.o
 .gnu.attributes
                0x00000000000000f0       0x10 Source\Drivers\Internal\uart.o
 .gnu.attributes
                0x0000000000000100       0x10 Source\Drivers\Internal\timer.o
 .gnu.attributes
                0x0000000000000110       0x10 Source\Drivers\Internal\text_lcd.o
 .gnu.attributes
                0x0000000000000120       0x10 Source\Drivers\Internal\spi.o
 .gnu.attributes
                0x0000000000000130       0x10 Source\Drivers\Internal\segment.o
 .gnu.attributes
                0x0000000000000140       0x10 Source\Drivers\Internal\pwm.o
 .gnu.attributes
                0x0000000000000150       0x10 c:/rapidittyde0/plugins/com.ttesystems.tte32.tools.win32_2.4.0/files/bin/../lib/gcc/mipsel-elf/4.4.5/soft-float\libsyscalls.a(syscalls.o)
 .gnu.attributes
                0x0000000000000160       0x10 c:/rapidittyde0/plugins/com.ttesystems.tte32.tools.win32_2.4.0/files/bin/../lib/gcc/mipsel-elf/4.4.5/../../../../mipsel-elf/lib/soft-float\libc.a(lib_a-errno.o)
 .gnu.attributes
                0x0000000000000170       0x10 c:/rapidittyde0/plugins/com.ttesystems.tte32.tools.win32_2.4.0/files/bin/../lib/gcc/mipsel-elf/4.4.5/../../../../mipsel-elf/lib/soft-float\libc.a(lib_a-impure.o)
 .gnu.attributes
                0x0000000000000180       0x10 c:/rapidittyde0/plugins/com.ttesystems.tte32.tools.win32_2.4.0/files/bin/../lib/gcc/mipsel-elf/4.4.5/../../../../mipsel-elf/lib/soft-float\libc.a(lib_a-strcmp.o)
 .gnu.attributes
                0x0000000000000190       0x10 c:/rapidittyde0/plugins/com.ttesystems.tte32.tools.win32_2.4.0/files/bin/../lib/gcc/mipsel-elf/4.4.5/soft-float\libgcc.a(_addsub_df.o)
 .gnu.attributes
                0x00000000000001a0       0x10 c:/rapidittyde0/plugins/com.ttesystems.tte32.tools.win32_2.4.0/files/bin/../lib/gcc/mipsel-elf/4.4.5/soft-float\libgcc.a(_mul_df.o)
 .gnu.attributes
                0x00000000000001b0       0x10 c:/rapidittyde0/plugins/com.ttesystems.tte32.tools.win32_2.4.0/files/bin/../lib/gcc/mipsel-elf/4.4.5/soft-float\libgcc.a(_si_to_df.o)
 .gnu.attributes
                0x00000000000001c0       0x10 c:/rapidittyde0/plugins/com.ttesystems.tte32.tools.win32_2.4.0/files/bin/../lib/gcc/mipsel-elf/4.4.5/soft-float\libgcc.a(_df_to_si.o)
 .gnu.attributes
                0x00000000000001d0       0x10 c:/rapidittyde0/plugins/com.ttesystems.tte32.tools.win32_2.4.0/files/bin/../lib/gcc/mipsel-elf/4.4.5/soft-float\libgcc.a(_thenan_df.o)
 .gnu.attributes
                0x00000000000001e0       0x10 c:/rapidittyde0/plugins/com.ttesystems.tte32.tools.win32_2.4.0/files/bin/../lib/gcc/mipsel-elf/4.4.5/soft-float\libgcc.a(_ucmpdi2.o)
 .gnu.attributes
                0x00000000000001f0       0x10 c:/rapidittyde0/plugins/com.ttesystems.tte32.tools.win32_2.4.0/files/bin/../lib/gcc/mipsel-elf/4.4.5/soft-float\libgcc.a(_clzsi2.o)
 .gnu.attributes
                0x0000000000000200       0x10 c:/rapidittyde0/plugins/com.ttesystems.tte32.tools.win32_2.4.0/files/bin/../lib/gcc/mipsel-elf/4.4.5/soft-float\libgcc.a(_pack_df.o)
 .gnu.attributes
                0x0000000000000210       0x10 c:/rapidittyde0/plugins/com.ttesystems.tte32.tools.win32_2.4.0/files/bin/../lib/gcc/mipsel-elf/4.4.5/soft-float\libgcc.a(_unpack_df.o)
 .gnu.attributes
                0x0000000000000220       0x10 c:/rapidittyde0/plugins/com.ttesystems.tte32.tools.win32_2.4.0/files/bin/../lib/gcc/mipsel-elf/4.4.5/soft-float\libgcc.a(_lshrdi3.o)
 .gnu.attributes
                0x0000000000000230       0x10 c:/rapidittyde0/plugins/com.ttesystems.tte32.tools.win32_2.4.0/files/bin/../lib/gcc/mipsel-elf/4.4.5/soft-float\libgcc.a(_ashldi3.o)
 .gnu.attributes
                0x0000000000000240       0x10 c:/rapidittyde0/plugins/com.ttesystems.tte32.tools.win32_2.4.0/files/bin/../lib/gcc/mipsel-elf/4.4.5/soft-float\libgcc.a(_clz.o)

.pdr            0x0000000000000000        0x0
 .pdr           0x0000000000000000        0x0 Source\config.o
 .pdr           0x0000000000000000        0x0 c:/rapidittyde0/plugins/com.ttesystems.tte32.tools.win32_2.4.0/files/bin/../lib/gcc/mipsel-elf/4.4.5/../../../../mipsel-elf/lib/soft-float\libc.a(lib_a-impure.o)
 .pdr           0x0000000000000000        0x0 c:/rapidittyde0/plugins/com.ttesystems.tte32.tools.win32_2.4.0/files/bin/../lib/gcc/mipsel-elf/4.4.5/soft-float\libgcc.a(_thenan_df.o)
 .pdr           0x0000000000000000        0x0 c:/rapidittyde0/plugins/com.ttesystems.tte32.tools.win32_2.4.0/files/bin/../lib/gcc/mipsel-elf/4.4.5/soft-float\libgcc.a(_clz.o)

.debug_abbrev   0x0000000000000000     0x33bf
 .debug_abbrev  0x0000000000000000       0xd5 Source\main.o
 .debug_abbrev  0x00000000000000d5      0x107 Source\config.o
 .debug_abbrev  0x00000000000001dc       0xe9 Source\Tasks\tasks.o
 .debug_abbrev  0x00000000000002c5      0x11c Source\Tasks\object_detection\object_detection.o
 .debug_abbrev  0x00000000000003e1      0x14a Source\Tasks\System_Control\system_control.o
 .debug_abbrev  0x000000000000052b      0x155 Source\Tasks\Read_Enc\read_enc.o
 .debug_abbrev  0x0000000000000680      0x1d5 Source\Tasks\Motor_Right\motor_right.o
 .debug_abbrev  0x0000000000000855      0x1ad Source\Tasks\Motor_Left\motor_left.o
 .debug_abbrev  0x0000000000000a02      0x247 Source\Tasks\Message_Sender\message_sender.o
 .debug_abbrev  0x0000000000000c49      0x170 Source\Tasks\Flashing_LED\flashing_led.o
 .debug_abbrev  0x0000000000000db9      0x128 Source\Tasks\Course_Corrector\course_corrector.o
 .debug_abbrev  0x0000000000000ee1      0x171 Source\Tasks\CAN_relay\can_relay.o
 .debug_abbrev  0x0000000000001052       0x12 Source\System\startup.o
 .debug_abbrev  0x0000000000001064      0x1a4 Source\Scheduler\Internal\scheduler.o
 .debug_abbrev  0x0000000000001208      0x292 Source\Scheduler\Internal\log.o
 .debug_abbrev  0x000000000000149a      0x19b Source\Scheduler\Internal\interrupt.o
 .debug_abbrev  0x0000000000001635      0x23e Source\Drivers\Internal\uart.o
 .debug_abbrev  0x0000000000001873      0x1a7 Source\Drivers\Internal\timer.o
 .debug_abbrev  0x0000000000001a1a      0x20c Source\Drivers\Internal\text_lcd.o
 .debug_abbrev  0x0000000000001c26      0x165 Source\Drivers\Internal\spi.o
 .debug_abbrev  0x0000000000001d8b       0xf8 Source\Drivers\Internal\segment.o
 .debug_abbrev  0x0000000000001e83      0x10a Source\Drivers\Internal\pwm.o
 .debug_abbrev  0x0000000000001f8d      0x24b c:/rapidittyde0/plugins/com.ttesystems.tte32.tools.win32_2.4.0/files/bin/../lib/gcc/mipsel-elf/4.4.5/soft-float\libsyscalls.a(syscalls.o)
 .debug_abbrev  0x00000000000021d8      0x16c c:/rapidittyde0/plugins/com.ttesystems.tte32.tools.win32_2.4.0/files/bin/../lib/gcc/mipsel-elf/4.4.5/../../../../mipsel-elf/lib/soft-float\libc.a(lib_a-errno.o)
 .debug_abbrev  0x0000000000002344      0x162 c:/rapidittyde0/plugins/com.ttesystems.tte32.tools.win32_2.4.0/files/bin/../lib/gcc/mipsel-elf/4.4.5/../../../../mipsel-elf/lib/soft-float\libc.a(lib_a-impure.o)
 .debug_abbrev  0x00000000000024a6       0xa7 c:/rapidittyde0/plugins/com.ttesystems.tte32.tools.win32_2.4.0/files/bin/../lib/gcc/mipsel-elf/4.4.5/../../../../mipsel-elf/lib/soft-float\libc.a(lib_a-strcmp.o)
 .debug_abbrev  0x000000000000254d      0x1d9 c:/rapidittyde0/plugins/com.ttesystems.tte32.tools.win32_2.4.0/files/bin/../lib/gcc/mipsel-elf/4.4.5/soft-float\libgcc.a(_addsub_df.o)
 .debug_abbrev  0x0000000000002726      0x1f7 c:/rapidittyde0/plugins/com.ttesystems.tte32.tools.win32_2.4.0/files/bin/../lib/gcc/mipsel-elf/4.4.5/soft-float\libgcc.a(_mul_df.o)
 .debug_abbrev  0x000000000000291d      0x148 c:/rapidittyde0/plugins/com.ttesystems.tte32.tools.win32_2.4.0/files/bin/../lib/gcc/mipsel-elf/4.4.5/soft-float\libgcc.a(_si_to_df.o)
 .debug_abbrev  0x0000000000002a65      0x17f c:/rapidittyde0/plugins/com.ttesystems.tte32.tools.win32_2.4.0/files/bin/../lib/gcc/mipsel-elf/4.4.5/soft-float\libgcc.a(_df_to_si.o)
 .debug_abbrev  0x0000000000002be4       0xc3 c:/rapidittyde0/plugins/com.ttesystems.tte32.tools.win32_2.4.0/files/bin/../lib/gcc/mipsel-elf/4.4.5/soft-float\libgcc.a(_thenan_df.o)
 .debug_abbrev  0x0000000000002ca7       0xd0 c:/rapidittyde0/plugins/com.ttesystems.tte32.tools.win32_2.4.0/files/bin/../lib/gcc/mipsel-elf/4.4.5/soft-float\libgcc.a(_ucmpdi2.o)
 .debug_abbrev  0x0000000000002d77       0xb3 c:/rapidittyde0/plugins/com.ttesystems.tte32.tools.win32_2.4.0/files/bin/../lib/gcc/mipsel-elf/4.4.5/soft-float\libgcc.a(_clzsi2.o)
 .debug_abbrev  0x0000000000002e2a      0x1c0 c:/rapidittyde0/plugins/com.ttesystems.tte32.tools.win32_2.4.0/files/bin/../lib/gcc/mipsel-elf/4.4.5/soft-float\libgcc.a(_pack_df.o)
 .debug_abbrev  0x0000000000002fea      0x163 c:/rapidittyde0/plugins/com.ttesystems.tte32.tools.win32_2.4.0/files/bin/../lib/gcc/mipsel-elf/4.4.5/soft-float\libgcc.a(_unpack_df.o)
 .debug_abbrev  0x000000000000314d      0x104 c:/rapidittyde0/plugins/com.ttesystems.tte32.tools.win32_2.4.0/files/bin/../lib/gcc/mipsel-elf/4.4.5/soft-float\libgcc.a(_lshrdi3.o)
 .debug_abbrev  0x0000000000003251      0x104 c:/rapidittyde0/plugins/com.ttesystems.tte32.tools.win32_2.4.0/files/bin/../lib/gcc/mipsel-elf/4.4.5/soft-float\libgcc.a(_ashldi3.o)
 .debug_abbrev  0x0000000000003355       0x6a c:/rapidittyde0/plugins/com.ttesystems.tte32.tools.win32_2.4.0/files/bin/../lib/gcc/mipsel-elf/4.4.5/soft-float\libgcc.a(_clz.o)

.debug_info     0x0000000000000000     0xe6c7
 .debug_info    0x0000000000000000      0x150 Source\main.o
 .debug_info    0x0000000000000150      0x7dc Source\config.o
 .debug_info    0x000000000000092c      0x709 Source\Tasks\tasks.o
 .debug_info    0x0000000000001035      0x75f Source\Tasks\object_detection\object_detection.o
 .debug_info    0x0000000000001794      0xb7f Source\Tasks\System_Control\system_control.o
 .debug_info    0x0000000000002313      0xb04 Source\Tasks\Read_Enc\read_enc.o
 .debug_info    0x0000000000002e17      0xbb0 Source\Tasks\Motor_Right\motor_right.o
 .debug_info    0x00000000000039c7      0xb62 Source\Tasks\Motor_Left\motor_left.o
 .debug_info    0x0000000000004529     0x1035 Source\Tasks\Message_Sender\message_sender.o
 .debug_info    0x000000000000555e      0xa82 Source\Tasks\Flashing_LED\flashing_led.o
 .debug_info    0x0000000000005fe0      0x9d5 Source\Tasks\Course_Corrector\course_corrector.o
 .debug_info    0x00000000000069b5      0xa87 Source\Tasks\CAN_relay\can_relay.o
 .debug_info    0x000000000000743c       0x62 Source\System\startup.o
 .debug_info    0x000000000000749e      0x375 Source\Scheduler\Internal\scheduler.o
 .debug_info    0x0000000000007813      0x7ce Source\Scheduler\Internal\log.o
 .debug_info    0x0000000000007fe1      0x3ad Source\Scheduler\Internal\interrupt.o
 .debug_info    0x000000000000838e      0xee5 Source\Drivers\Internal\uart.o
 .debug_info    0x0000000000009273      0x5b8 Source\Drivers\Internal\timer.o
 .debug_info    0x000000000000982b      0x6ff Source\Drivers\Internal\text_lcd.o
 .debug_info    0x0000000000009f2a      0x24d Source\Drivers\Internal\spi.o
 .debug_info    0x000000000000a177      0x293 Source\Drivers\Internal\segment.o
 .debug_info    0x000000000000a40a      0x1f3 Source\Drivers\Internal\pwm.o
 .debug_info    0x000000000000a5fd     0x11b3 c:/rapidittyde0/plugins/com.ttesystems.tte32.tools.win32_2.4.0/files/bin/../lib/gcc/mipsel-elf/4.4.5/soft-float\libsyscalls.a(syscalls.o)
 .debug_info    0x000000000000b7b0      0x95f c:/rapidittyde0/plugins/com.ttesystems.tte32.tools.win32_2.4.0/files/bin/../lib/gcc/mipsel-elf/4.4.5/../../../../mipsel-elf/lib/soft-float\libc.a(lib_a-errno.o)
 .debug_info    0x000000000000c10f      0x96c c:/rapidittyde0/plugins/com.ttesystems.tte32.tools.win32_2.4.0/files/bin/../lib/gcc/mipsel-elf/4.4.5/../../../../mipsel-elf/lib/soft-float\libc.a(lib_a-impure.o)
 .debug_info    0x000000000000ca7b      0x12b c:/rapidittyde0/plugins/com.ttesystems.tte32.tools.win32_2.4.0/files/bin/../lib/gcc/mipsel-elf/4.4.5/../../../../mipsel-elf/lib/soft-float\libc.a(lib_a-strcmp.o)
 .debug_info    0x000000000000cba6      0x48d c:/rapidittyde0/plugins/com.ttesystems.tte32.tools.win32_2.4.0/files/bin/../lib/gcc/mipsel-elf/4.4.5/soft-float\libgcc.a(_addsub_df.o)
 .debug_info    0x000000000000d033      0x47a c:/rapidittyde0/plugins/com.ttesystems.tte32.tools.win32_2.4.0/files/bin/../lib/gcc/mipsel-elf/4.4.5/soft-float\libgcc.a(_mul_df.o)
 .debug_info    0x000000000000d4ad      0x214 c:/rapidittyde0/plugins/com.ttesystems.tte32.tools.win32_2.4.0/files/bin/../lib/gcc/mipsel-elf/4.4.5/soft-float\libgcc.a(_si_to_df.o)
 .debug_info    0x000000000000d6c1      0x2c9 c:/rapidittyde0/plugins/com.ttesystems.tte32.tools.win32_2.4.0/files/bin/../lib/gcc/mipsel-elf/4.4.5/soft-float\libgcc.a(_df_to_si.o)
 .debug_info    0x000000000000d98a      0x160 c:/rapidittyde0/plugins/com.ttesystems.tte32.tools.win32_2.4.0/files/bin/../lib/gcc/mipsel-elf/4.4.5/soft-float\libgcc.a(_thenan_df.o)
 .debug_info    0x000000000000daea      0x15e c:/rapidittyde0/plugins/com.ttesystems.tte32.tools.win32_2.4.0/files/bin/../lib/gcc/mipsel-elf/4.4.5/soft-float\libgcc.a(_ucmpdi2.o)
 .debug_info    0x000000000000dc48      0x12a c:/rapidittyde0/plugins/com.ttesystems.tte32.tools.win32_2.4.0/files/bin/../lib/gcc/mipsel-elf/4.4.5/soft-float\libgcc.a(_clzsi2.o)
 .debug_info    0x000000000000dd72      0x2f8 c:/rapidittyde0/plugins/com.ttesystems.tte32.tools.win32_2.4.0/files/bin/../lib/gcc/mipsel-elf/4.4.5/soft-float\libgcc.a(_pack_df.o)
 .debug_info    0x000000000000e06a      0x266 c:/rapidittyde0/plugins/com.ttesystems.tte32.tools.win32_2.4.0/files/bin/../lib/gcc/mipsel-elf/4.4.5/soft-float\libgcc.a(_unpack_df.o)
 .debug_info    0x000000000000e2d0      0x199 c:/rapidittyde0/plugins/com.ttesystems.tte32.tools.win32_2.4.0/files/bin/../lib/gcc/mipsel-elf/4.4.5/soft-float\libgcc.a(_lshrdi3.o)
 .debug_info    0x000000000000e469      0x199 c:/rapidittyde0/plugins/com.ttesystems.tte32.tools.win32_2.4.0/files/bin/../lib/gcc/mipsel-elf/4.4.5/soft-float\libgcc.a(_ashldi3.o)
 .debug_info    0x000000000000e602       0xc5 c:/rapidittyde0/plugins/com.ttesystems.tte32.tools.win32_2.4.0/files/bin/../lib/gcc/mipsel-elf/4.4.5/soft-float\libgcc.a(_clz.o)

.debug_line     0x0000000000000000     0x684c
 .debug_line    0x0000000000000000      0x36a Source\main.o
 .debug_line    0x000000000000036a      0x48e Source\config.o
 .debug_line    0x00000000000007f8      0x3c6 Source\Tasks\tasks.o
 .debug_line    0x0000000000000bbe      0x22a Source\Tasks\object_detection\object_detection.o
 .debug_line    0x0000000000000de8      0x48e Source\Tasks\System_Control\system_control.o
 .debug_line    0x0000000000001276      0x2aa Source\Tasks\Read_Enc\read_enc.o
 .debug_line    0x0000000000001520      0x4d6 Source\Tasks\Motor_Right\motor_right.o
 .debug_line    0x00000000000019f6      0x4a5 Source\Tasks\Motor_Left\motor_left.o
 .debug_line    0x0000000000001e9b      0x706 Source\Tasks\Message_Sender\message_sender.o
 .debug_line    0x00000000000025a1      0x2c9 Source\Tasks\Flashing_LED\flashing_led.o
 .debug_line    0x000000000000286a      0x49a Source\Tasks\Course_Corrector\course_corrector.o
 .debug_line    0x0000000000002d04      0x31d Source\Tasks\CAN_relay\can_relay.o
 .debug_line    0x0000000000003021      0x182 Source\System\startup.o
 .debug_line    0x00000000000031a3      0x444 Source\Scheduler\Internal\scheduler.o
 .debug_line    0x00000000000035e7      0x597 Source\Scheduler\Internal\log.o
 .debug_line    0x0000000000003b7e      0x411 Source\Scheduler\Internal\interrupt.o
 .debug_line    0x0000000000003f8f      0x573 Source\Drivers\Internal\uart.o
 .debug_line    0x0000000000004502      0x2ca Source\Drivers\Internal\timer.o
 .debug_line    0x00000000000047cc      0x2e8 Source\Drivers\Internal\text_lcd.o
 .debug_line    0x0000000000004ab4      0x1eb Source\Drivers\Internal\spi.o
 .debug_line    0x0000000000004c9f      0x233 Source\Drivers\Internal\segment.o
 .debug_line    0x0000000000004ed2      0x207 Source\Drivers\Internal\pwm.o
 .debug_line    0x00000000000050d9      0x65d c:/rapidittyde0/plugins/com.ttesystems.tte32.tools.win32_2.4.0/files/bin/../lib/gcc/mipsel-elf/4.4.5/soft-float\libsyscalls.a(syscalls.o)
 .debug_line    0x0000000000005736      0x2d4 c:/rapidittyde0/plugins/com.ttesystems.tte32.tools.win32_2.4.0/files/bin/../lib/gcc/mipsel-elf/4.4.5/../../../../mipsel-elf/lib/soft-float\libc.a(lib_a-errno.o)
 .debug_line    0x0000000000005a0a      0x2af c:/rapidittyde0/plugins/com.ttesystems.tte32.tools.win32_2.4.0/files/bin/../lib/gcc/mipsel-elf/4.4.5/../../../../mipsel-elf/lib/soft-float\libc.a(lib_a-impure.o)
 .debug_line    0x0000000000005cb9      0x304 c:/rapidittyde0/plugins/com.ttesystems.tte32.tools.win32_2.4.0/files/bin/../lib/gcc/mipsel-elf/4.4.5/../../../../mipsel-elf/lib/soft-float\libc.a(lib_a-strcmp.o)
 .debug_line    0x0000000000005fbd      0x168 c:/rapidittyde0/plugins/com.ttesystems.tte32.tools.win32_2.4.0/files/bin/../lib/gcc/mipsel-elf/4.4.5/soft-float\libgcc.a(_addsub_df.o)
 .debug_line    0x0000000000006125      0x125 c:/rapidittyde0/plugins/com.ttesystems.tte32.tools.win32_2.4.0/files/bin/../lib/gcc/mipsel-elf/4.4.5/soft-float\libgcc.a(_mul_df.o)
 .debug_line    0x000000000000624a       0xbf c:/rapidittyde0/plugins/com.ttesystems.tte32.tools.win32_2.4.0/files/bin/../lib/gcc/mipsel-elf/4.4.5/soft-float\libgcc.a(_si_to_df.o)
 .debug_line    0x0000000000006309       0xad c:/rapidittyde0/plugins/com.ttesystems.tte32.tools.win32_2.4.0/files/bin/../lib/gcc/mipsel-elf/4.4.5/soft-float\libgcc.a(_df_to_si.o)
 .debug_line    0x00000000000063b6       0x79 c:/rapidittyde0/plugins/com.ttesystems.tte32.tools.win32_2.4.0/files/bin/../lib/gcc/mipsel-elf/4.4.5/soft-float\libgcc.a(_thenan_df.o)
 .debug_line    0x000000000000642f       0x7b c:/rapidittyde0/plugins/com.ttesystems.tte32.tools.win32_2.4.0/files/bin/../lib/gcc/mipsel-elf/4.4.5/soft-float\libgcc.a(_ucmpdi2.o)
 .debug_line    0x00000000000064aa       0x91 c:/rapidittyde0/plugins/com.ttesystems.tte32.tools.win32_2.4.0/files/bin/../lib/gcc/mipsel-elf/4.4.5/soft-float\libgcc.a(_clzsi2.o)
 .debug_line    0x000000000000653b       0xde c:/rapidittyde0/plugins/com.ttesystems.tte32.tools.win32_2.4.0/files/bin/../lib/gcc/mipsel-elf/4.4.5/soft-float\libgcc.a(_pack_df.o)
 .debug_line    0x0000000000006619       0xc6 c:/rapidittyde0/plugins/com.ttesystems.tte32.tools.win32_2.4.0/files/bin/../lib/gcc/mipsel-elf/4.4.5/soft-float\libgcc.a(_unpack_df.o)
 .debug_line    0x00000000000066df       0x84 c:/rapidittyde0/plugins/com.ttesystems.tte32.tools.win32_2.4.0/files/bin/../lib/gcc/mipsel-elf/4.4.5/soft-float\libgcc.a(_lshrdi3.o)
 .debug_line    0x0000000000006763       0x84 c:/rapidittyde0/plugins/com.ttesystems.tte32.tools.win32_2.4.0/files/bin/../lib/gcc/mipsel-elf/4.4.5/soft-float\libgcc.a(_ashldi3.o)
 .debug_line    0x00000000000067e7       0x65 c:/rapidittyde0/plugins/com.ttesystems.tte32.tools.win32_2.4.0/files/bin/../lib/gcc/mipsel-elf/4.4.5/soft-float\libgcc.a(_clz.o)

.debug_macinfo  0x0000000000000000    0x533b2
 .debug_macinfo
                0x0000000000000000     0x28ce Source\main.o
 .debug_macinfo
                0x00000000000028ce     0x2cf3 Source\config.o
 .debug_macinfo
                0x00000000000055c1     0x2b59 Source\Tasks\tasks.o
 .debug_macinfo
                0x000000000000811a     0x298c Source\Tasks\object_detection\object_detection.o
 .debug_macinfo
                0x000000000000aaa6     0x4879 Source\Tasks\System_Control\system_control.o
 .debug_macinfo
                0x000000000000f31f     0x2c3e Source\Tasks\Read_Enc\read_enc.o
 .debug_macinfo
                0x0000000000011f5d     0x4786 Source\Tasks\Motor_Right\motor_right.o
 .debug_macinfo
                0x00000000000166e3     0x4785 Source\Tasks\Motor_Left\motor_left.o
 .debug_macinfo
                0x000000000001ae68     0x5746 Source\Tasks\Message_Sender\message_sender.o
 .debug_macinfo
                0x00000000000205ae     0x2c3d Source\Tasks\Flashing_LED\flashing_led.o
 .debug_macinfo
                0x00000000000231eb     0x487a Source\Tasks\Course_Corrector\course_corrector.o
 .debug_macinfo
                0x0000000000027a65     0x2c37 Source\Tasks\CAN_relay\can_relay.o
 .debug_macinfo
                0x000000000002a69c     0x28f6 Source\Scheduler\Internal\scheduler.o
 .debug_macinfo
                0x000000000002cf92     0x28da Source\Scheduler\Internal\log.o
 .debug_macinfo
                0x000000000002f86c     0x28c8 Source\Scheduler\Internal\interrupt.o
 .debug_macinfo
                0x0000000000032134     0x4eee Source\Drivers\Internal\uart.o
 .debug_macinfo
                0x0000000000037022     0x2710 Source\Drivers\Internal\timer.o
 .debug_macinfo
                0x0000000000039732     0x29a3 Source\Drivers\Internal\text_lcd.o
 .debug_macinfo
                0x000000000003c0d5     0x270e Source\Drivers\Internal\spi.o
 .debug_macinfo
                0x000000000003e7e3     0x2716 Source\Drivers\Internal\segment.o
 .debug_macinfo
                0x0000000000040ef9     0x2712 Source\Drivers\Internal\pwm.o
 .debug_macinfo
                0x000000000004360b     0x4fdd c:/rapidittyde0/plugins/com.ttesystems.tte32.tools.win32_2.4.0/files/bin/../lib/gcc/mipsel-elf/4.4.5/soft-float\libsyscalls.a(syscalls.o)
 .debug_macinfo
                0x00000000000485e8     0x3bf5 c:/rapidittyde0/plugins/com.ttesystems.tte32.tools.win32_2.4.0/files/bin/../lib/gcc/mipsel-elf/4.4.5/../../../../mipsel-elf/lib/soft-float\libc.a(lib_a-errno.o)
 .debug_macinfo
                0x000000000004c1dd     0x36c8 c:/rapidittyde0/plugins/com.ttesystems.tte32.tools.win32_2.4.0/files/bin/../lib/gcc/mipsel-elf/4.4.5/../../../../mipsel-elf/lib/soft-float\libc.a(lib_a-impure.o)
 .debug_macinfo
                0x000000000004f8a5     0x3b0d c:/rapidittyde0/plugins/com.ttesystems.tte32.tools.win32_2.4.0/files/bin/../lib/gcc/mipsel-elf/4.4.5/../../../../mipsel-elf/lib/soft-float\libc.a(lib_a-strcmp.o)

.debug_frame    0x0000000000000000      0xea8
 .debug_frame   0x0000000000000000       0x38 Source\main.o
 .debug_frame   0x0000000000000038       0x28 Source\Tasks\tasks.o
 .debug_frame   0x0000000000000060       0x30 Source\Tasks\object_detection\object_detection.o
 .debug_frame   0x0000000000000090       0x30 Source\Tasks\System_Control\system_control.o
 .debug_frame   0x00000000000000c0       0x30 Source\Tasks\Read_Enc\read_enc.o
 .debug_frame   0x00000000000000f0       0x88 Source\Tasks\Motor_Right\motor_right.o
 .debug_frame   0x0000000000000178       0x68 Source\Tasks\Motor_Left\motor_left.o
 .debug_frame   0x00000000000001e0       0xa4 Source\Tasks\Message_Sender\message_sender.o
 .debug_frame   0x0000000000000284       0x30 Source\Tasks\Flashing_LED\flashing_led.o
 .debug_frame   0x00000000000002b4       0x30 Source\Tasks\Course_Corrector\course_corrector.o
 .debug_frame   0x00000000000002e4       0x70 Source\Tasks\CAN_relay\can_relay.o
 .debug_frame   0x0000000000000354       0xb4 Source\Scheduler\Internal\scheduler.o
 .debug_frame   0x0000000000000408      0x1e8 Source\Scheduler\Internal\log.o
 .debug_frame   0x00000000000005f0       0xc8 Source\Scheduler\Internal\interrupt.o
 .debug_frame   0x00000000000006b8      0x168 Source\Drivers\Internal\uart.o
 .debug_frame   0x0000000000000820       0xcc Source\Drivers\Internal\timer.o
 .debug_frame   0x00000000000008ec       0xc0 Source\Drivers\Internal\text_lcd.o
 .debug_frame   0x00000000000009ac       0x40 Source\Drivers\Internal\spi.o
 .debug_frame   0x00000000000009ec       0xb4 Source\Drivers\Internal\segment.o
 .debug_frame   0x0000000000000aa0       0x70 Source\Drivers\Internal\pwm.o
 .debug_frame   0x0000000000000b10      0x174 c:/rapidittyde0/plugins/com.ttesystems.tte32.tools.win32_2.4.0/files/bin/../lib/gcc/mipsel-elf/4.4.5/soft-float\libsyscalls.a(syscalls.o)
 .debug_frame   0x0000000000000c84       0x20 c:/rapidittyde0/plugins/com.ttesystems.tte32.tools.win32_2.4.0/files/bin/../lib/gcc/mipsel-elf/4.4.5/../../../../mipsel-elf/lib/soft-float\libc.a(lib_a-errno.o)
 .debug_frame   0x0000000000000ca4       0x20 c:/rapidittyde0/plugins/com.ttesystems.tte32.tools.win32_2.4.0/files/bin/../lib/gcc/mipsel-elf/4.4.5/../../../../mipsel-elf/lib/soft-float\libc.a(lib_a-strcmp.o)
 .debug_frame   0x0000000000000cc4       0x84 c:/rapidittyde0/plugins/com.ttesystems.tte32.tools.win32_2.4.0/files/bin/../lib/gcc/mipsel-elf/4.4.5/soft-float\libgcc.a(_addsub_df.o)
 .debug_frame   0x0000000000000d48       0x30 c:/rapidittyde0/plugins/com.ttesystems.tte32.tools.win32_2.4.0/files/bin/../lib/gcc/mipsel-elf/4.4.5/soft-float\libgcc.a(_mul_df.o)
 .debug_frame   0x0000000000000d78       0x2c c:/rapidittyde0/plugins/com.ttesystems.tte32.tools.win32_2.4.0/files/bin/../lib/gcc/mipsel-elf/4.4.5/soft-float\libgcc.a(_si_to_df.o)
 .debug_frame   0x0000000000000da4       0x28 c:/rapidittyde0/plugins/com.ttesystems.tte32.tools.win32_2.4.0/files/bin/../lib/gcc/mipsel-elf/4.4.5/soft-float\libgcc.a(_df_to_si.o)
 .debug_frame   0x0000000000000dcc       0x20 c:/rapidittyde0/plugins/com.ttesystems.tte32.tools.win32_2.4.0/files/bin/../lib/gcc/mipsel-elf/4.4.5/soft-float\libgcc.a(_ucmpdi2.o)
 .debug_frame   0x0000000000000dec       0x20 c:/rapidittyde0/plugins/com.ttesystems.tte32.tools.win32_2.4.0/files/bin/../lib/gcc/mipsel-elf/4.4.5/soft-float\libgcc.a(_clzsi2.o)
 .debug_frame   0x0000000000000e0c       0x3c c:/rapidittyde0/plugins/com.ttesystems.tte32.tools.win32_2.4.0/files/bin/../lib/gcc/mipsel-elf/4.4.5/soft-float\libgcc.a(_pack_df.o)
 .debug_frame   0x0000000000000e48       0x20 c:/rapidittyde0/plugins/com.ttesystems.tte32.tools.win32_2.4.0/files/bin/../lib/gcc/mipsel-elf/4.4.5/soft-float\libgcc.a(_unpack_df.o)
 .debug_frame   0x0000000000000e68       0x20 c:/rapidittyde0/plugins/com.ttesystems.tte32.tools.win32_2.4.0/files/bin/../lib/gcc/mipsel-elf/4.4.5/soft-float\libgcc.a(_lshrdi3.o)
 .debug_frame   0x0000000000000e88       0x20 c:/rapidittyde0/plugins/com.ttesystems.tte32.tools.win32_2.4.0/files/bin/../lib/gcc/mipsel-elf/4.4.5/soft-float\libgcc.a(_ashldi3.o)

.debug_loc      0x0000000000000000     0x2675
 .debug_loc     0x0000000000000000       0x1f Source\main.o
 .debug_loc     0x000000000000001f       0x1f Source\Tasks\tasks.o
 .debug_loc     0x000000000000003e      0x111 Source\Tasks\Motor_Right\motor_right.o
 .debug_loc     0x000000000000014f       0xf2 Source\Tasks\Motor_Left\motor_left.o
 .debug_loc     0x0000000000000241      0x1c0 Source\Tasks\Message_Sender\message_sender.o
 .debug_loc     0x0000000000000401       0x26 Source\Tasks\Flashing_LED\flashing_led.o
 .debug_loc     0x0000000000000427       0xf2 Source\Scheduler\Internal\scheduler.o
 .debug_loc     0x0000000000000519      0x4c1 Source\Scheduler\Internal\log.o
 .debug_loc     0x00000000000009da       0xa4 Source\Scheduler\Internal\interrupt.o
 .debug_loc     0x0000000000000a7e      0x447 Source\Drivers\Internal\uart.o
 .debug_loc     0x0000000000000ec5      0x1b9 Source\Drivers\Internal\timer.o
 .debug_loc     0x000000000000107e      0x569 Source\Drivers\Internal\text_lcd.o
 .debug_loc     0x00000000000015e7       0x4c Source\Drivers\Internal\spi.o
 .debug_loc     0x0000000000001633       0xb9 Source\Drivers\Internal\segment.o
 .debug_loc     0x00000000000016ec       0x5b Source\Drivers\Internal\pwm.o
 .debug_loc     0x0000000000001747      0x2a0 c:/rapidittyde0/plugins/com.ttesystems.tte32.tools.win32_2.4.0/files/bin/../lib/gcc/mipsel-elf/4.4.5/soft-float\libsyscalls.a(syscalls.o)
 .debug_loc     0x00000000000019e7       0xbf c:/rapidittyde0/plugins/com.ttesystems.tte32.tools.win32_2.4.0/files/bin/../lib/gcc/mipsel-elf/4.4.5/../../../../mipsel-elf/lib/soft-float\libc.a(lib_a-strcmp.o)
 .debug_loc     0x0000000000001aa6      0x3cc c:/rapidittyde0/plugins/com.ttesystems.tte32.tools.win32_2.4.0/files/bin/../lib/gcc/mipsel-elf/4.4.5/soft-float\libgcc.a(_addsub_df.o)
 .debug_loc     0x0000000000001e72      0x2b7 c:/rapidittyde0/plugins/com.ttesystems.tte32.tools.win32_2.4.0/files/bin/../lib/gcc/mipsel-elf/4.4.5/soft-float\libgcc.a(_mul_df.o)
 .debug_loc     0x0000000000002129       0xa5 c:/rapidittyde0/plugins/com.ttesystems.tte32.tools.win32_2.4.0/files/bin/../lib/gcc/mipsel-elf/4.4.5/soft-float\libgcc.a(_si_to_df.o)
 .debug_loc     0x00000000000021ce       0x6b c:/rapidittyde0/plugins/com.ttesystems.tte32.tools.win32_2.4.0/files/bin/../lib/gcc/mipsel-elf/4.4.5/soft-float\libgcc.a(_df_to_si.o)
 .debug_loc     0x0000000000002239       0x50 c:/rapidittyde0/plugins/com.ttesystems.tte32.tools.win32_2.4.0/files/bin/../lib/gcc/mipsel-elf/4.4.5/soft-float\libgcc.a(_ucmpdi2.o)
 .debug_loc     0x0000000000002289       0x34 c:/rapidittyde0/plugins/com.ttesystems.tte32.tools.win32_2.4.0/files/bin/../lib/gcc/mipsel-elf/4.4.5/soft-float\libgcc.a(_clzsi2.o)
 .debug_loc     0x00000000000022bd      0x1a8 c:/rapidittyde0/plugins/com.ttesystems.tte32.tools.win32_2.4.0/files/bin/../lib/gcc/mipsel-elf/4.4.5/soft-float\libgcc.a(_pack_df.o)
 .debug_loc     0x0000000000002465       0xf4 c:/rapidittyde0/plugins/com.ttesystems.tte32.tools.win32_2.4.0/files/bin/../lib/gcc/mipsel-elf/4.4.5/soft-float\libgcc.a(_unpack_df.o)
 .debug_loc     0x0000000000002559       0x8e c:/rapidittyde0/plugins/com.ttesystems.tte32.tools.win32_2.4.0/files/bin/../lib/gcc/mipsel-elf/4.4.5/soft-float\libgcc.a(_lshrdi3.o)
 .debug_loc     0x00000000000025e7       0x8e c:/rapidittyde0/plugins/com.ttesystems.tte32.tools.win32_2.4.0/files/bin/../lib/gcc/mipsel-elf/4.4.5/soft-float\libgcc.a(_ashldi3.o)

.debug_pubnames
                0x0000000000000000     0x3787
 .debug_pubnames
                0x0000000000000000       0x33 Source\main.o
 .debug_pubnames
                0x0000000000000033      0x3db Source\config.o
 .debug_pubnames
                0x000000000000040e      0x3cb Source\Tasks\tasks.o
 .debug_pubnames
                0x00000000000007d9      0x412 Source\Tasks\object_detection\object_detection.o
 .debug_pubnames
                0x0000000000000beb      0x40d Source\Tasks\System_Control\system_control.o
 .debug_pubnames
                0x0000000000000ff8      0x474 Source\Tasks\Read_Enc\read_enc.o
 .debug_pubnames
                0x000000000000146c      0x43d Source\Tasks\Motor_Right\motor_right.o
 .debug_pubnames
                0x00000000000018a9      0x424 Source\Tasks\Motor_Left\motor_left.o
 .debug_pubnames
                0x0000000000001ccd      0x4c4 Source\Tasks\Message_Sender\message_sender.o
 .debug_pubnames
                0x0000000000002191      0x3ea Source\Tasks\Flashing_LED\flashing_led.o
 .debug_pubnames
                0x000000000000257b      0x3f2 Source\Tasks\Course_Corrector\course_corrector.o
 .debug_pubnames
                0x000000000000296d      0x47f Source\Tasks\CAN_relay\can_relay.o
 .debug_pubnames
                0x0000000000002dec       0x77 Source\Scheduler\Internal\scheduler.o
 .debug_pubnames
                0x0000000000002e63      0x166 Source\Scheduler\Internal\log.o
 .debug_pubnames
                0x0000000000002fc9      0x103 Source\Scheduler\Internal\interrupt.o
 .debug_pubnames
                0x00000000000030cc       0xf7 Source\Drivers\Internal\uart.o
 .debug_pubnames
                0x00000000000031c3       0xdd Source\Drivers\Internal\timer.o
 .debug_pubnames
                0x00000000000032a0       0x96 Source\Drivers\Internal\text_lcd.o
 .debug_pubnames
                0x0000000000003336       0x3a Source\Drivers\Internal\spi.o
 .debug_pubnames
                0x0000000000003370       0x7d Source\Drivers\Internal\segment.o
 .debug_pubnames
                0x00000000000033ed       0x70 Source\Drivers\Internal\pwm.o
 .debug_pubnames
                0x000000000000345d      0x128 c:/rapidittyde0/plugins/com.ttesystems.tte32.tools.win32_2.4.0/files/bin/../lib/gcc/mipsel-elf/4.4.5/soft-float\libsyscalls.a(syscalls.o)
 .debug_pubnames
                0x0000000000003585       0x1e c:/rapidittyde0/plugins/com.ttesystems.tte32.tools.win32_2.4.0/files/bin/../lib/gcc/mipsel-elf/4.4.5/../../../../mipsel-elf/lib/soft-float\libc.a(lib_a-errno.o)
 .debug_pubnames
                0x00000000000035a3       0x39 c:/rapidittyde0/plugins/com.ttesystems.tte32.tools.win32_2.4.0/files/bin/../lib/gcc/mipsel-elf/4.4.5/../../../../mipsel-elf/lib/soft-float\libc.a(lib_a-impure.o)
 .debug_pubnames
                0x00000000000035dc       0x1d c:/rapidittyde0/plugins/com.ttesystems.tte32.tools.win32_2.4.0/files/bin/../lib/gcc/mipsel-elf/4.4.5/../../../../mipsel-elf/lib/soft-float\libc.a(lib_a-strcmp.o)
 .debug_pubnames
                0x00000000000035f9       0x2c c:/rapidittyde0/plugins/com.ttesystems.tte32.tools.win32_2.4.0/files/bin/../lib/gcc/mipsel-elf/4.4.5/soft-float\libgcc.a(_addsub_df.o)
 .debug_pubnames
                0x0000000000003625       0x1f c:/rapidittyde0/plugins/com.ttesystems.tte32.tools.win32_2.4.0/files/bin/../lib/gcc/mipsel-elf/4.4.5/soft-float\libgcc.a(_mul_df.o)
 .debug_pubnames
                0x0000000000003644       0x22 c:/rapidittyde0/plugins/com.ttesystems.tte32.tools.win32_2.4.0/files/bin/../lib/gcc/mipsel-elf/4.4.5/soft-float\libgcc.a(_si_to_df.o)
 .debug_pubnames
                0x0000000000003666       0x20 c:/rapidittyde0/plugins/com.ttesystems.tte32.tools.win32_2.4.0/files/bin/../lib/gcc/mipsel-elf/4.4.5/soft-float\libgcc.a(_df_to_si.o)
 .debug_pubnames
                0x0000000000003686       0x22 c:/rapidittyde0/plugins/com.ttesystems.tte32.tools.win32_2.4.0/files/bin/../lib/gcc/mipsel-elf/4.4.5/soft-float\libgcc.a(_thenan_df.o)
 .debug_pubnames
                0x00000000000036a8       0x20 c:/rapidittyde0/plugins/com.ttesystems.tte32.tools.win32_2.4.0/files/bin/../lib/gcc/mipsel-elf/4.4.5/soft-float\libgcc.a(_ucmpdi2.o)
 .debug_pubnames
                0x00000000000036c8       0x1f c:/rapidittyde0/plugins/com.ttesystems.tte32.tools.win32_2.4.0/files/bin/../lib/gcc/mipsel-elf/4.4.5/soft-float\libgcc.a(_clzsi2.o)
 .debug_pubnames
                0x00000000000036e7       0x1f c:/rapidittyde0/plugins/com.ttesystems.tte32.tools.win32_2.4.0/files/bin/../lib/gcc/mipsel-elf/4.4.5/soft-float\libgcc.a(_pack_df.o)
 .debug_pubnames
                0x0000000000003706       0x21 c:/rapidittyde0/plugins/com.ttesystems.tte32.tools.win32_2.4.0/files/bin/../lib/gcc/mipsel-elf/4.4.5/soft-float\libgcc.a(_unpack_df.o)
 .debug_pubnames
                0x0000000000003727       0x20 c:/rapidittyde0/plugins/com.ttesystems.tte32.tools.win32_2.4.0/files/bin/../lib/gcc/mipsel-elf/4.4.5/soft-float\libgcc.a(_lshrdi3.o)
 .debug_pubnames
                0x0000000000003747       0x20 c:/rapidittyde0/plugins/com.ttesystems.tte32.tools.win32_2.4.0/files/bin/../lib/gcc/mipsel-elf/4.4.5/soft-float\libgcc.a(_ashldi3.o)
 .debug_pubnames
                0x0000000000003767       0x20 c:/rapidittyde0/plugins/com.ttesystems.tte32.tools.win32_2.4.0/files/bin/../lib/gcc/mipsel-elf/4.4.5/soft-float\libgcc.a(_clz.o)

.debug_aranges  0x0000000000000000      0x7e0
 .debug_aranges
                0x0000000000000000       0x28 Source\main.o
 .debug_aranges
                0x0000000000000028       0x20 Source\Tasks\tasks.o
 .debug_aranges
                0x0000000000000048       0x28 Source\Tasks\object_detection\object_detection.o
 .debug_aranges
                0x0000000000000070       0x28 Source\Tasks\System_Control\system_control.o
 .debug_aranges
                0x0000000000000098       0x28 Source\Tasks\Read_Enc\read_enc.o
 .debug_aranges
                0x00000000000000c0       0x40 Source\Tasks\Motor_Right\motor_right.o
 .debug_aranges
                0x0000000000000100       0x38 Source\Tasks\Motor_Left\motor_left.o
 .debug_aranges
                0x0000000000000138       0x40 Source\Tasks\Message_Sender\message_sender.o
 .debug_aranges
                0x0000000000000178       0x28 Source\Tasks\Flashing_LED\flashing_led.o
 .debug_aranges
                0x00000000000001a0       0x28 Source\Tasks\Course_Corrector\course_corrector.o
 .debug_aranges
                0x00000000000001c8       0x48 Source\Tasks\CAN_relay\can_relay.o
 .debug_aranges
                0x0000000000000210       0x50 Source\System\startup.o
 .debug_aranges
                0x0000000000000260       0x40 Source\Scheduler\Internal\scheduler.o
 .debug_aranges
                0x00000000000002a0       0xb0 Source\Scheduler\Internal\log.o
 .debug_aranges
                0x0000000000000350       0x70 Source\Scheduler\Internal\interrupt.o
 .debug_aranges
                0x00000000000003c0       0x78 Source\Drivers\Internal\uart.o
 .debug_aranges
                0x0000000000000438       0x70 Source\Drivers\Internal\timer.o
 .debug_aranges
                0x00000000000004a8       0x50 Source\Drivers\Internal\text_lcd.o
 .debug_aranges
                0x00000000000004f8       0x30 Source\Drivers\Internal\spi.o
 .debug_aranges
                0x0000000000000528       0x40 Source\Drivers\Internal\segment.o
 .debug_aranges
                0x0000000000000568       0x40 Source\Drivers\Internal\pwm.o
 .debug_aranges
                0x00000000000005a8       0xb8 c:/rapidittyde0/plugins/com.ttesystems.tte32.tools.win32_2.4.0/files/bin/../lib/gcc/mipsel-elf/4.4.5/soft-float\libsyscalls.a(syscalls.o)
 .debug_aranges
                0x0000000000000660       0x20 c:/rapidittyde0/plugins/com.ttesystems.tte32.tools.win32_2.4.0/files/bin/../lib/gcc/mipsel-elf/4.4.5/../../../../mipsel-elf/lib/soft-float\libc.a(lib_a-errno.o)
 .debug_aranges
                0x0000000000000680       0x20 c:/rapidittyde0/plugins/com.ttesystems.tte32.tools.win32_2.4.0/files/bin/../lib/gcc/mipsel-elf/4.4.5/../../../../mipsel-elf/lib/soft-float\libc.a(lib_a-strcmp.o)
 .debug_aranges
                0x00000000000006a0       0x20 c:/rapidittyde0/plugins/com.ttesystems.tte32.tools.win32_2.4.0/files/bin/../lib/gcc/mipsel-elf/4.4.5/soft-float\libgcc.a(_addsub_df.o)
 .debug_aranges
                0x00000000000006c0       0x20 c:/rapidittyde0/plugins/com.ttesystems.tte32.tools.win32_2.4.0/files/bin/../lib/gcc/mipsel-elf/4.4.5/soft-float\libgcc.a(_mul_df.o)
 .debug_aranges
                0x00000000000006e0       0x20 c:/rapidittyde0/plugins/com.ttesystems.tte32.tools.win32_2.4.0/files/bin/../lib/gcc/mipsel-elf/4.4.5/soft-float\libgcc.a(_si_to_df.o)
 .debug_aranges
                0x0000000000000700       0x20 c:/rapidittyde0/plugins/com.ttesystems.tte32.tools.win32_2.4.0/files/bin/../lib/gcc/mipsel-elf/4.4.5/soft-float\libgcc.a(_df_to_si.o)
 .debug_aranges
                0x0000000000000720       0x20 c:/rapidittyde0/plugins/com.ttesystems.tte32.tools.win32_2.4.0/files/bin/../lib/gcc/mipsel-elf/4.4.5/soft-float\libgcc.a(_ucmpdi2.o)
 .debug_aranges
                0x0000000000000740       0x20 c:/rapidittyde0/plugins/com.ttesystems.tte32.tools.win32_2.4.0/files/bin/../lib/gcc/mipsel-elf/4.4.5/soft-float\libgcc.a(_clzsi2.o)
 .debug_aranges
                0x0000000000000760       0x20 c:/rapidittyde0/plugins/com.ttesystems.tte32.tools.win32_2.4.0/files/bin/../lib/gcc/mipsel-elf/4.4.5/soft-float\libgcc.a(_pack_df.o)
 .debug_aranges
                0x0000000000000780       0x20 c:/rapidittyde0/plugins/com.ttesystems.tte32.tools.win32_2.4.0/files/bin/../lib/gcc/mipsel-elf/4.4.5/soft-float\libgcc.a(_unpack_df.o)
 .debug_aranges
                0x00000000000007a0       0x20 c:/rapidittyde0/plugins/com.ttesystems.tte32.tools.win32_2.4.0/files/bin/../lib/gcc/mipsel-elf/4.4.5/soft-float\libgcc.a(_lshrdi3.o)
 .debug_aranges
                0x00000000000007c0       0x20 c:/rapidittyde0/plugins/com.ttesystems.tte32.tools.win32_2.4.0/files/bin/../lib/gcc/mipsel-elf/4.4.5/soft-float\libgcc.a(_ashldi3.o)

.debug_ranges   0x0000000000000000      0xf30
 .debug_ranges  0x0000000000000000       0x20 Source\main.o
 .debug_ranges  0x0000000000000020       0x18 Source\Tasks\tasks.o
 .debug_ranges  0x0000000000000038       0x20 Source\Tasks\object_detection\object_detection.o
 .debug_ranges  0x0000000000000058       0xe8 Source\Tasks\System_Control\system_control.o
 .debug_ranges  0x0000000000000140       0x20 Source\Tasks\Read_Enc\read_enc.o
 .debug_ranges  0x0000000000000160       0x90 Source\Tasks\Motor_Right\motor_right.o
 .debug_ranges  0x00000000000001f0       0x88 Source\Tasks\Motor_Left\motor_left.o
 .debug_ranges  0x0000000000000278      0x398 Source\Tasks\Message_Sender\message_sender.o
 .debug_ranges  0x0000000000000610       0x68 Source\Tasks\Flashing_LED\flashing_led.o
 .debug_ranges  0x0000000000000678       0x20 Source\Tasks\Course_Corrector\course_corrector.o
 .debug_ranges  0x0000000000000698       0xc0 Source\Tasks\CAN_relay\can_relay.o
 .debug_ranges  0x0000000000000758       0x48 Source\System\startup.o
 .debug_ranges  0x00000000000007a0      0x108 Source\Scheduler\Internal\scheduler.o
 .debug_ranges  0x00000000000008a8      0x1c8 Source\Scheduler\Internal\log.o
 .debug_ranges  0x0000000000000a70       0x68 Source\Scheduler\Internal\interrupt.o
 .debug_ranges  0x0000000000000ad8       0x70 Source\Drivers\Internal\uart.o
 .debug_ranges  0x0000000000000b48       0xe0 Source\Drivers\Internal\timer.o
 .debug_ranges  0x0000000000000c28       0xa8 Source\Drivers\Internal\text_lcd.o
 .debug_ranges  0x0000000000000cd0       0x40 Source\Drivers\Internal\spi.o
 .debug_ranges  0x0000000000000d10       0x38 Source\Drivers\Internal\segment.o
 .debug_ranges  0x0000000000000d48       0x38 Source\Drivers\Internal\pwm.o
 .debug_ranges  0x0000000000000d80       0xb0 c:/rapidittyde0/plugins/com.ttesystems.tte32.tools.win32_2.4.0/files/bin/../lib/gcc/mipsel-elf/4.4.5/soft-float\libsyscalls.a(syscalls.o)
 .debug_ranges  0x0000000000000e30       0x18 c:/rapidittyde0/plugins/com.ttesystems.tte32.tools.win32_2.4.0/files/bin/../lib/gcc/mipsel-elf/4.4.5/../../../../mipsel-elf/lib/soft-float\libc.a(lib_a-errno.o)
 .debug_ranges  0x0000000000000e48       0x18 c:/rapidittyde0/plugins/com.ttesystems.tte32.tools.win32_2.4.0/files/bin/../lib/gcc/mipsel-elf/4.4.5/../../../../mipsel-elf/lib/soft-float\libc.a(lib_a-strcmp.o)
 .debug_ranges  0x0000000000000e60       0x38 c:/rapidittyde0/plugins/com.ttesystems.tte32.tools.win32_2.4.0/files/bin/../lib/gcc/mipsel-elf/4.4.5/soft-float\libgcc.a(_addsub_df.o)
 .debug_ranges  0x0000000000000e98       0x58 c:/rapidittyde0/plugins/com.ttesystems.tte32.tools.win32_2.4.0/files/bin/../lib/gcc/mipsel-elf/4.4.5/soft-float\libgcc.a(_mul_df.o)
 .debug_ranges  0x0000000000000ef0       0x18 c:/rapidittyde0/plugins/com.ttesystems.tte32.tools.win32_2.4.0/files/bin/../lib/gcc/mipsel-elf/4.4.5/soft-float\libgcc.a(_si_to_df.o)
 .debug_ranges  0x0000000000000f08       0x28 c:/rapidittyde0/plugins/com.ttesystems.tte32.tools.win32_2.4.0/files/bin/../lib/gcc/mipsel-elf/4.4.5/soft-float\libgcc.a(_clzsi2.o)

.debug_str      0x0000000000000000     0x23ea
 .debug_str     0x0000000000000000      0x137 Source\main.o
                                        0x175 (size before relaxing)
 .debug_str     0x0000000000000137      0x4f6 Source\config.o
                                        0x652 (size before relaxing)
 .debug_str     0x000000000000062d       0x23 Source\Tasks\tasks.o
                                        0x592 (size before relaxing)
 .debug_str     0x0000000000000650       0x89 Source\Tasks\object_detection\object_detection.o
                                        0x5f8 (size before relaxing)
 .debug_str     0x00000000000006d9      0x261 Source\Tasks\System_Control\system_control.o
                                        0x7dc (size before relaxing)
 .debug_str     0x000000000000093a       0xbb Source\Tasks\Read_Enc\read_enc.o
                                        0x814 (size before relaxing)
 .debug_str     0x00000000000009f5       0xda Source\Tasks\Motor_Right\motor_right.o
                                        0x869 (size before relaxing)
 .debug_str     0x0000000000000acf       0x78 Source\Tasks\Motor_Left\motor_left.o
                                        0x83a (size before relaxing)
 .debug_str     0x0000000000000b47      0x138 Source\Tasks\Message_Sender\message_sender.o
                                        0x8fa (size before relaxing)
 .debug_str     0x0000000000000c7f       0x5c Source\Tasks\Flashing_LED\flashing_led.o
                                        0x7d5 (size before relaxing)
 .debug_str     0x0000000000000cdb       0x62 Source\Tasks\Course_Corrector\course_corrector.o
                                        0x7a4 (size before relaxing)
 .debug_str     0x0000000000000d3d       0xc1 Source\Tasks\CAN_relay\can_relay.o
                                        0x7d9 (size before relaxing)
 .debug_str     0x0000000000000dfe       0xf4 Source\Scheduler\Internal\scheduler.o
                                        0x2c2 (size before relaxing)
 .debug_str     0x0000000000000ef2      0x237 Source\Scheduler\Internal\log.o
                                        0x42c (size before relaxing)
 .debug_str     0x0000000000001129      0x11a Source\Scheduler\Internal\interrupt.o
                                        0x24d (size before relaxing)
 .debug_str     0x0000000000001243      0x56f Source\Drivers\Internal\uart.o
                                        0x6de (size before relaxing)
 .debug_str     0x00000000000017b2      0x15a Source\Drivers\Internal\timer.o
                                        0x2b4 (size before relaxing)
 .debug_str     0x000000000000190c       0xfd Source\Drivers\Internal\text_lcd.o
                                        0x281 (size before relaxing)
 .debug_str     0x0000000000001a09       0x8d Source\Drivers\Internal\spi.o
                                        0x1a8 (size before relaxing)
 .debug_str     0x0000000000001a96       0xe2 Source\Drivers\Internal\segment.o
                                        0x1ff (size before relaxing)
 .debug_str     0x0000000000001b78       0xd5 Source\Drivers\Internal\pwm.o
                                        0x1df (size before relaxing)
 .debug_str     0x0000000000001c4d      0x25a c:/rapidittyde0/plugins/com.ttesystems.tte32.tools.win32_2.4.0/files/bin/../lib/gcc/mipsel-elf/4.4.5/soft-float\libsyscalls.a(syscalls.o)
                                        0x74d (size before relaxing)
 .debug_str     0x0000000000001ea7       0xae c:/rapidittyde0/plugins/com.ttesystems.tte32.tools.win32_2.4.0/files/bin/../lib/gcc/mipsel-elf/4.4.5/../../../../mipsel-elf/lib/soft-float\libc.a(lib_a-errno.o)
                                        0x4fe (size before relaxing)
 .debug_str     0x0000000000001f55       0xc6 c:/rapidittyde0/plugins/com.ttesystems.tte32.tools.win32_2.4.0/files/bin/../lib/gcc/mipsel-elf/4.4.5/../../../../mipsel-elf/lib/soft-float\libc.a(lib_a-impure.o)
                                        0x516 (size before relaxing)
 .debug_str     0x000000000000201b       0xc4 c:/rapidittyde0/plugins/com.ttesystems.tte32.tools.win32_2.4.0/files/bin/../lib/gcc/mipsel-elf/4.4.5/../../../../mipsel-elf/lib/soft-float\libc.a(lib_a-strcmp.o)
                                        0x159 (size before relaxing)
 .debug_str     0x00000000000020df      0x1b6 c:/rapidittyde0/plugins/com.ttesystems.tte32.tools.win32_2.4.0/files/bin/../lib/gcc/mipsel-elf/4.4.5/soft-float\libgcc.a(_addsub_df.o)
                                        0x257 (size before relaxing)
 .debug_str     0x0000000000002295       0x45 c:/rapidittyde0/plugins/com.ttesystems.tte32.tools.win32_2.4.0/files/bin/../lib/gcc/mipsel-elf/4.4.5/soft-float\libgcc.a(_mul_df.o)
                                        0x229 (size before relaxing)
 .debug_str     0x00000000000022da       0x1e c:/rapidittyde0/plugins/com.ttesystems.tte32.tools.win32_2.4.0/files/bin/../lib/gcc/mipsel-elf/4.4.5/soft-float\libgcc.a(_si_to_df.o)
                                        0x1be (size before relaxing)
 .debug_str     0x00000000000022f8        0xa c:/rapidittyde0/plugins/com.ttesystems.tte32.tools.win32_2.4.0/files/bin/../lib/gcc/mipsel-elf/4.4.5/soft-float\libgcc.a(_df_to_si.o)
                                        0x1e7 (size before relaxing)
 .debug_str     0x0000000000000000      0x183 c:/rapidittyde0/plugins/com.ttesystems.tte32.tools.win32_2.4.0/files/bin/../lib/gcc/mipsel-elf/4.4.5/soft-float\libgcc.a(_thenan_df.o)
 .debug_str     0x0000000000002302       0x80 c:/rapidittyde0/plugins/com.ttesystems.tte32.tools.win32_2.4.0/files/bin/../lib/gcc/mipsel-elf/4.4.5/soft-float\libgcc.a(_ucmpdi2.o)
                                        0x188 (size before relaxing)
 .debug_str     0x0000000000002382       0x20 c:/rapidittyde0/plugins/com.ttesystems.tte32.tools.win32_2.4.0/files/bin/../lib/gcc/mipsel-elf/4.4.5/soft-float\libgcc.a(_clzsi2.o)
                                        0x179 (size before relaxing)
 .debug_str     0x00000000000023a2       0x10 c:/rapidittyde0/plugins/com.ttesystems.tte32.tools.win32_2.4.0/files/bin/../lib/gcc/mipsel-elf/4.4.5/soft-float\libgcc.a(_pack_df.o)
                                        0x1e6 (size before relaxing)
 .debug_str     0x00000000000023b2        0xb c:/rapidittyde0/plugins/com.ttesystems.tte32.tools.win32_2.4.0/files/bin/../lib/gcc/mipsel-elf/4.4.5/soft-float\libgcc.a(_unpack_df.o)
                                        0x1c8 (size before relaxing)
 .debug_str     0x00000000000023bd       0x23 c:/rapidittyde0/plugins/com.ttesystems.tte32.tools.win32_2.4.0/files/bin/../lib/gcc/mipsel-elf/4.4.5/soft-float\libgcc.a(_lshrdi3.o)
                                        0x199 (size before relaxing)
 .debug_str     0x00000000000023e0        0xa c:/rapidittyde0/plugins/com.ttesystems.tte32.tools.win32_2.4.0/files/bin/../lib/gcc/mipsel-elf/4.4.5/soft-float\libgcc.a(_ashldi3.o)
                                        0x199 (size before relaxing)
 .debug_str     0x0000000000000000      0x15c c:/rapidittyde0/plugins/com.ttesystems.tte32.tools.win32_2.4.0/files/bin/../lib/gcc/mipsel-elf/4.4.5/soft-float\libgcc.a(_clz.o)
