Archive member included because of file (symbol)

c:/rapidittyde0/plugins/com.ttesystems.tte32.tools.win32_2.4.0/files/bin/../lib/gcc/mipsel-elf/4.4.5/soft-float\libsyscalls.a(syscalls.o)
                              Source\main.o (Device_Add)
c:/rapidittyde0/plugins/com.ttesystems.tte32.tools.win32_2.4.0/files/bin/../lib/gcc/mipsel-elf/4.4.5/../../../../mipsel-elf/lib/soft-float\libc.a(lib_a-errno.o)
                              c:/rapidittyde0/plugins/com.ttesystems.tte32.tools.win32_2.4.0/files/bin/../lib/gcc/mipsel-elf/4.4.5/soft-float\libsyscalls.a(syscalls.o) (__errno)
c:/rapidittyde0/plugins/com.ttesystems.tte32.tools.win32_2.4.0/files/bin/../lib/gcc/mipsel-elf/4.4.5/../../../../mipsel-elf/lib/soft-float\libc.a(lib_a-impure.o)
                              c:/rapidittyde0/plugins/com.ttesystems.tte32.tools.win32_2.4.0/files/bin/../lib/gcc/mipsel-elf/4.4.5/../../../../mipsel-elf/lib/soft-float\libc.a(lib_a-errno.o) (_impure_ptr)
c:/rapidittyde0/plugins/com.ttesystems.tte32.tools.win32_2.4.0/files/bin/../lib/gcc/mipsel-elf/4.4.5/../../../../mipsel-elf/lib/soft-float\libc.a(lib_a-strcmp.o)
                              c:/rapidittyde0/plugins/com.ttesystems.tte32.tools.win32_2.4.0/files/bin/../lib/gcc/mipsel-elf/4.4.5/soft-float\libsyscalls.a(syscalls.o) (strcmp)
c:/rapidittyde0/plugins/com.ttesystems.tte32.tools.win32_2.4.0/files/bin/../lib/gcc/mipsel-elf/4.4.5/soft-float\libgcc.a(_addsub_df.o)
                              Source\Tasks\Motor_Right\motor_right.o (__adddf3)
c:/rapidittyde0/plugins/com.ttesystems.tte32.tools.win32_2.4.0/files/bin/../lib/gcc/mipsel-elf/4.4.5/soft-float\libgcc.a(_mul_df.o)
                              Source\Tasks\Motor_Right\motor_right.o (__muldf3)
c:/rapidittyde0/plugins/com.ttesystems.tte32.tools.win32_2.4.0/files/bin/../lib/gcc/mipsel-elf/4.4.5/soft-float\libgcc.a(_si_to_df.o)
                              Source\Tasks\Motor_Right\motor_right.o (__floatsidf)
c:/rapidittyde0/plugins/com.ttesystems.tte32.tools.win32_2.4.0/files/bin/../lib/gcc/mipsel-elf/4.4.5/soft-float\libgcc.a(_df_to_si.o)
                              Source\Tasks\Motor_Right\motor_right.o (__fixdfsi)
c:/rapidittyde0/plugins/com.ttesystems.tte32.tools.win32_2.4.0/files/bin/../lib/gcc/mipsel-elf/4.4.5/soft-float\libgcc.a(_thenan_df.o)
                              c:/rapidittyde0/plugins/com.ttesystems.tte32.tools.win32_2.4.0/files/bin/../lib/gcc/mipsel-elf/4.4.5/soft-float\libgcc.a(_addsub_df.o) (__thenan_df)
c:/rapidittyde0/plugins/com.ttesystems.tte32.tools.win32_2.4.0/files/bin/../lib/gcc/mipsel-elf/4.4.5/soft-float\libgcc.a(_ucmpdi2.o)
                              c:/rapidittyde0/plugins/com.ttesystems.tte32.tools.win32_2.4.0/files/bin/../lib/gcc/mipsel-elf/4.4.5/soft-float\libgcc.a(_addsub_df.o) (__ucmpdi2)
c:/rapidittyde0/plugins/com.ttesystems.tte32.tools.win32_2.4.0/files/bin/../lib/gcc/mipsel-elf/4.4.5/soft-float\libgcc.a(_clzsi2.o)
                              c:/rapidittyde0/plugins/com.ttesystems.tte32.tools.win32_2.4.0/files/bin/../lib/gcc/mipsel-elf/4.4.5/soft-float\libgcc.a(_si_to_df.o) (__clzsi2)
c:/rapidittyde0/plugins/com.ttesystems.tte32.tools.win32_2.4.0/files/bin/../lib/gcc/mipsel-elf/4.4.5/soft-float\libgcc.a(_pack_df.o)
                              c:/rapidittyde0/plugins/com.ttesystems.tte32.tools.win32_2.4.0/files/bin/../lib/gcc/mipsel-elf/4.4.5/soft-float\libgcc.a(_addsub_df.o) (__pack_d)
c:/rapidittyde0/plugins/com.ttesystems.tte32.tools.win32_2.4.0/files/bin/../lib/gcc/mipsel-elf/4.4.5/soft-float\libgcc.a(_unpack_df.o)
                              c:/rapidittyde0/plugins/com.ttesystems.tte32.tools.win32_2.4.0/files/bin/../lib/gcc/mipsel-elf/4.4.5/soft-float\libgcc.a(_addsub_df.o) (__unpack_d)
c:/rapidittyde0/plugins/com.ttesystems.tte32.tools.win32_2.4.0/files/bin/../lib/gcc/mipsel-elf/4.4.5/soft-float\libgcc.a(_lshrdi3.o)
                              c:/rapidittyde0/plugins/com.ttesystems.tte32.tools.win32_2.4.0/files/bin/../lib/gcc/mipsel-elf/4.4.5/soft-float\libgcc.a(_pack_df.o) (__lshrdi3)
c:/rapidittyde0/plugins/com.ttesystems.tte32.tools.win32_2.4.0/files/bin/../lib/gcc/mipsel-elf/4.4.5/soft-float\libgcc.a(_ashldi3.o)
                              c:/rapidittyde0/plugins/com.ttesystems.tte32.tools.win32_2.4.0/files/bin/../lib/gcc/mipsel-elf/4.4.5/soft-float\libgcc.a(_pack_df.o) (__ashldi3)
c:/rapidittyde0/plugins/com.ttesystems.tte32.tools.win32_2.4.0/files/bin/../lib/gcc/mipsel-elf/4.4.5/soft-float\libgcc.a(_clz.o)
                              c:/rapidittyde0/plugins/com.ttesystems.tte32.tools.win32_2.4.0/files/bin/../lib/gcc/mipsel-elf/4.4.5/soft-float\libgcc.a(_clzsi2.o) (__clz_tab)

Allocating common symbols
Common symbol       size              file

Target_counts_Left_G
                    0x4               Source\config.o
Motor_Lf_Enc_Track  0x4               Source\config.o
Opponent_detected   0x4               Source\config.o
RX0_ID_Bytes        0x5               Source\Tasks\Message_Sender\message_sender.o
[...]
Memory Configuration

Name             Origin             Length             Attributes
Flash            0x0000000000000000 0x0000000000400000 xr
Code             0x0000000020000000 0x0000000000008000 rw
Data             0x0000000040000000 0x0000000000004000 rw
*default*        0x0000000000000000 0xffffffffffffffff

Linker script and memory map

LOAD Source\main.o
LOAD Source\config.o
LOAD Source\Tasks\tasks.o
LOAD Source\Tasks\object_detection\object_detection.o
LOAD Source\Tasks\System_Control\system_control.o
LOAD Source\Tasks\Read_Enc\read_enc.o
LOAD Source\Tasks\Motor_Right\motor_right.o
LOAD Source\Tasks\Motor_Left\motor_left.o
LOAD Source\Tasks\Message_Sender\message_sender.o
LOAD Source\Tasks\Flashing_LED\flashing_led.o
LOAD Source\Tasks\Course_Corrector\course_corrector.o
LOAD Source\Tasks\CAN_relay\can_relay.o
LOAD Source\System\startup.o
LOAD Source\Scheduler\Internal\scheduler.o
LOAD Source\Scheduler\Internal\log.o
LOAD Source\Scheduler\Internal\interrupt.o
LOAD Source\Drivers\Internal\uart.o
LOAD Source\Drivers\Internal\timer.o
LOAD Source\Drivers\Internal\text_lcd.o
LOAD Source\Drivers\Internal\spi.o
LOAD Source\Drivers\Internal\segment.o
LOAD Source\Drivers\Internal\pwm.o
LOAD c:/rapidittyde0/plugins/com.ttesystems.tte32.tools.win32_2.4.0/files/bin/../lib/gcc/mipsel-elf/4.4.5/soft-float\libsyscalls.a
LOAD c:/rapidittyde0/plugins/com.ttesystems.tte32.tools.win32_2.4.0/files/bin/../lib/gcc/mipsel-elf/4.4.5/../../../../mipsel-elf/lib/soft-float\libc.a
LOAD c:/rapidittyde0/plugins/com.ttesystems.tte32.tools.win32_2.4.0/files/bin/../lib/gcc/mipsel-elf/4.4.5/../../../../mipsel-elf/lib/soft-float\libm.a
                0x0000000000000000                _stext = .
                0x0000000000000000                PROVIDE (stext, .)

.text           0x0000000020000000     0x2cdc load address 0x0000000000000000
                0x0000000020000000                _text = .
 *(.startup)
 .startup       0x0000000020000000      0x158 Source\System\startup.o
                0x0000000020000154                _exit
 *(.text .text.* .gnu.linkonce.t.*)
 .text.DEBUG_Assert_Failed
                0x0000000020000158        0x8 Source\main.o
                0x0000000020000158                DEBUG_Assert_Failed
 .text.main     0x0000000020000160       0x38 Source\main.o
                0x0000000020000160                main
 .text.Tasks_Init
                0x0000000020000198       0x54 Source\Tasks\tasks.o
                0x0000000020000198                Tasks_Init
 .text.object_detection_Init
                0x00000000200001ec        0x8 Source\Tasks\object_detection\object_detection.o
                0x00000000200001ec                object_detection_Init
 .text.object_detection_Update
                0x00000000200001f4       0x7c Source\Tasks\object_detection\object_detection.o
                0x00000000200001f4                object_detection_Update
 .text.System_Control_Init
                0x0000000020000270      0x13c Source\Tasks\System_Control\system_control.o
                0x0000000020000270                System_Control_Init
 .text.System_Control_Update
                0x00000000200003ac      0x208 Source\Tasks\System_Control\system_control.o
                0x00000000200003ac                System_Control_Update
 .text.Read_Enc_Init
                0x00000000200005b4       0xa8 Source\Tasks\Read_Enc\read_enc.o
                0x00000000200005b4                Read_Enc_Init
 .text.Read_Enc_Update
                0x000000002000065c      0x18c Source\Tasks\Read_Enc\read_enc.o
                0x000000002000065c                Read_Enc_Update
 .text.speedControlRight
                0x00000000200007e8       0x8c Source\Tasks\Motor_Right\motor_right.o
                0x00000000200007e8                speedControlRight
 .text.visualsRt
                0x0000000020000874      0x154 Source\Tasks\Motor_Right\motor_right.o
                0x0000000020000874                visualsRt
 .text.Motor_Right_Update
                0x00000000200009c8      0x100 Source\Tasks\Motor_Right\motor_right.o
                0x00000000200009c8                Motor_Right_Update
 .text.Motor_Right_Init
                0x0000000020000ac8       0xe4 Source\Tasks\Motor_Right\motor_right.o
                0x0000000020000ac8                Motor_Right_Init
 .text.visualsLf
                0x0000000020000bac      0x148 Source\Tasks\Motor_Left\motor_left.o
                0x0000000020000bac                visualsLf
 .text.Motor_Left_Update
                0x0000000020000cf4       0xc8 Source\Tasks\Motor_Left\motor_left.o
                0x0000000020000cf4                Motor_Left_Update
 .text.Motor_Left_Init
                0x0000000020000dbc       0xe4 Source\Tasks\Motor_Left\motor_left.o
                0x0000000020000dbc                Motor_Left_Init
 .text.spi_receive_CAN
                0x0000000020000ea0       0xe0 Source\Tasks\Message_Sender\message_sender.o
                0x0000000020000ea0                spi_receive_CAN
 .text.spi_buffer_CAN
                0x0000000020000f80       0xc8 Source\Tasks\Message_Sender\message_sender.o
                0x0000000020000f80                spi_buffer_CAN
 .text.Message_Sender_Update
                0x0000000020001048      0x6bc Source\Tasks\Message_Sender\message_sender.o
                0x0000000020001048                Message_Sender_Update
 .text.Message_Sender_Init
                0x0000000020001704       0xcc Source\Tasks\Message_Sender\message_sender.o
                0x0000000020001704                Message_Sender_Init
 .text.Flashing_LED_Init
                0x00000000200017d0       0x58 Source\Tasks\Flashing_LED\flashing_led.o
                0x00000000200017d0                Flashing_LED_Init
 .text.Flashing_LED_Toggle
                0x0000000020001828       0x8c Source\Tasks\Flashing_LED\flashing_led.o
                0x0000000020001828                Flashing_LED_Toggle
 .text.Course_Corrector_Init
                0x00000000200018b4        0xc Source\Tasks\Course_Corrector\course_corrector.o
                0x00000000200018b4                Course_Corrector_Init
 .text.Course_Corrector_Update
                0x00000000200018c0       0x5c Source\Tasks\Course_Corrector\course_corrector.o
                0x00000000200018c0                Course_Corrector_Update
 .text.CAN_relay_Init
                0x000000002000191c       0x5c Source\Tasks\CAN_relay\can_relay.o
                0x000000002000191c                CAN_relay_Init
 .text.CAN_relay_Update
                0x0000000020001978      0x104 Source\Tasks\CAN_relay\can_relay.o
                0x0000000020001978                CAN_relay_Update
 .text.Handler  0x0000000020001a7c       0x7c Source\System\startup.o
                0x0000000020001a7c                Handler
                0x0000000020001aa4                End_Handler
                0x0000000020001ab4                Excpt_Unused
                0x0000000020001abc                Excpt_IAbort
                0x0000000020001ac8                Excpt_DAbort
                0x0000000020001ad0                Excpt_Syscall
                0x0000000020001ad8                Excpt_UndefInst
                0x0000000020001ae0                Excpt_Overflow
                0x0000000020001ae8                Excpt_CoPro
                0x0000000020001af0                Excpt_Break
 .text.InterruptHandler
                0x0000000020001af8      0x134 Source\System\startup.o
                0x0000000020001af8                InterruptHandler
                0x0000000020001c28                End_IRQ_Ptr
 .text.Enable_Interrupts
                0x0000000020001c2c       0x30 Source\System\startup.o
                0x0000000020001c2c                Enable_Interrupts
 .text.Disable_Interrupts
                0x0000000020001c5c       0x38 Source\System\startup.o
                0x0000000020001c5c                Disable_Interrupts
 .text.Enter_Sleep_Mode
                0x0000000020001c94       0x28 Source\System\startup.o
                0x0000000020001c94                Enter_Sleep_Mode
                0x0000000020001ca4                Sleep_Ptr
 .text.LOG_Trigger_Breakpoint
                0x0000000020001cbc        0x8 Source\System\startup.o
                0x0000000020001cbc                LOG_Trigger_Breakpoint
 .text.Scheduler_Tick
                0x0000000020001cc4      0x128 Source\Scheduler\Internal\scheduler.o
                0x0000000020001cc4                Scheduler_Tick
                0x0000000020001d98                Hybrid_End_Label
 .text.Scheduler_Dispatch
                0x0000000020001dec      0x15c Source\Scheduler\Internal\scheduler.o
                0x0000000020001dec                Scheduler_Dispatch
                0x0000000020001eac                Task_End_Label
 .text.Shutdown_System
                0x0000000020001f48       0x1c Source\Scheduler\Internal\scheduler.o
                0x0000000020001f48                Shutdown_System
 .text.Scheduler_Start
                0x0000000020001f64       0x28 Source\Scheduler\Internal\scheduler.o
                0x0000000020001f64                Scheduler_Start
 .text.Scheduler_Init
                0x0000000020001f8c       0x84 Source\Scheduler\Internal\scheduler.o
                0x0000000020001f8c                Scheduler_Init
 .text.Write_32
                0x0000000020002010       0x78 Source\Scheduler\Internal\log.o
                0x0000000020002010                Write_32
 .text.Set_Watch
                0x0000000020002088       0x98 Source\Scheduler\Internal\log.o
                0x0000000020002088                Set_Watch
 .text.Get_Watch
                0x0000000020002120       0xa8 Source\Scheduler\Internal\log.o
                0x0000000020002120                Get_Watch
 .text.Log_Reset_Addresses
                0x00000000200021c8       0x40 Source\Scheduler\Internal\log.o
                0x00000000200021c8                Log_Reset_Addresses
 .text.Log_Idle
                0x0000000020002208       0x28 Source\Scheduler\Internal\log.o
                0x0000000020002208                Log_Idle
 .text.Log_Set_Address
                0x0000000020002230       0x80 Source\Scheduler\Internal\log.o
                0x0000000020002230                Log_Set_Address
 .text.Check_Buffer
                0x00000000200022b0       0x54 Source\Scheduler\Internal\log.o
                0x00000000200022b0                Check_Buffer
 .text.Log_Task_Address
                0x0000000020002304       0x98 Source\Scheduler\Internal\log.o
                0x0000000020002304                Log_Task_Address
 .text.Log_ISR_Time
                0x000000002000239c       0xe8 Source\Scheduler\Internal\log.o
                0x000000002000239c                Log_ISR_Time
 .text.Log_Tick_Start
                0x0000000020002484       0x78 Source\Scheduler\Internal\log.o
                0x0000000020002484                Log_Tick_Start
 .text.Log_Hybrid_End
                0x00000000200024fc       0x30 Source\Scheduler\Internal\log.o
                0x00000000200024fc                Log_Hybrid_End
 .text.Log_Hybrid_Start
                0x000000002000252c       0x30 Source\Scheduler\Internal\log.o
                0x000000002000252c                Log_Hybrid_Start
 .text.Log_Time
                0x000000002000255c       0xc0 Source\Scheduler\Internal\log.o
                0x000000002000255c                Log_Time
 .text.Log_Task_End
                0x000000002000261c       0x30 Source\Scheduler\Internal\log.o
                0x000000002000261c                Log_Task_End
 .text.Log_Task_Start
                0x000000002000264c       0x30 Source\Scheduler\Internal\log.o
                0x000000002000264c                Log_Task_Start
 .text.Log_Init
                0x000000002000267c       0xf4 Source\Scheduler\Internal\log.o
                0x000000002000267c                Log_Init
 .text.Log_Tick_End
                0x0000000020002770       0x7c Source\Scheduler\Internal\log.o
                0x0000000020002770                Log_Tick_End
 .text.Init_Interrupt
                0x00000000200027ec       0x24 Source\Scheduler\Internal\interrupt.o
                0x00000000200027ec                Init_Interrupt
 .text.Handle_Interrupts
                0x0000000020002810        0x8 Source\Scheduler\Internal\interrupt.o
                0x0000000020002810                Handle_Interrupts
 .text.Enable_Interrupt
                0x0000000020002818       0x38 Source\Scheduler\Internal\interrupt.o
                0x0000000020002818                Enable_Interrupt
 .text.Disable_Interrupt
                0x0000000020002850       0x28 Source\Scheduler\Internal\interrupt.o
                0x0000000020002850                Disable_Interrupt
 .text.Timer_Init
                0x0000000020002878       0xc0 Source\Drivers\Internal\timer.o
                0x0000000020002878                Timer_Init
 .text.Timer_Start
                0x0000000020002938       0x28 Source\Drivers\Internal\timer.o
                0x0000000020002938                Timer_Start
 .text.SPI_Init
                0x0000000020002960       0x34 Source\Drivers\Internal\spi.o
                0x0000000020002960                SPI_Init
 .text.SPI_Swap
                0x0000000020002994       0x50 Source\Drivers\Internal\spi.o
                0x0000000020002994                SPI_Swap
 .text.Segment_Clear_Decimal
                0x00000000200029e4       0x98 Source\Drivers\Internal\segment.o
                0x00000000200029e4                Segment_Clear_Decimal
 .text.Segment_Set_Decimal
                0x0000000020002a7c       0x94 Source\Drivers\Internal\segment.o
                0x0000000020002a7c                Segment_Set_Decimal
 .text.Segment_Write
                0x0000000020002b10       0xb4 Source\Drivers\Internal\segment.o
                0x0000000020002b10                Segment_Write
 .text.Segment_Enable
                0x0000000020002bc4       0x94 Source\Drivers\Internal\segment.o
                0x0000000020002bc4                Segment_Enable
 .text.Device_Add
                0x0000000020002c58       0x84 c:/rapidittyde0/plugins/com.ttesystems.tte32.tools.win32_2.4.0/files/bin/../lib/gcc/mipsel-elf/4.4.5/soft-float\libsyscalls.a(syscalls.o)
                0x0000000020002c58                Device_Add
 *(.init .init.*)
 *(.fini .fini.*)

.rel.dyn        0x0000000020002cdc        0x0 load address 0x0000000000002cdc
 .rel.dyn       0x0000000000000000        0x0 Source\config.o
                0x0000000020002cdc                . = ALIGN (0x4)
                0x0000000020002cdc                _etext = .
                0x0000000020002cdc                PROVIDE (etext, .)

.data           0x0000000040000000      0x198 load address 0x0000000000002cdc
                0x0000000040000000                _data = .
                0x0000000040000000                PROVIDE (data, .)
 *(.sdata.config* .data.config*)
 *(.rodata .rodata.*)
 .rodata.str1.4
                0x0000000040000000       0x28 Source\Drivers\Internal\segment.o
 .rodata.segment_decimal
                0x0000000040000028       0x10 Source\Drivers\Internal\segment.o
 .rodata.segment_value
                0x0000000040000038       0x10 Source\Drivers\Internal\segment.o
 .rodata.segment_enabled
                0x0000000040000048       0x10 Source\Drivers\Internal\segment.o
 *(.data .data.* .gnu.linkonce.d.*)
 .data.Tasks    0x0000000040000058       0xd8 Source\config.o
                0x0000000040000058                Tasks
 .data.USR_Stk_Val
                0x0000000040000130        0x4 Source\System\startup.o
                0x0000000040000130                USR_Stk_Val
 .data.INT_Stk_Val
                0x0000000040000134        0x4 Source\System\startup.o
                0x0000000040000134                INT_Stk_Val
 .data.TableBase
                0x0000000040000138       0x40 Source\System\startup.o
                0x0000000040000138                TableBase
 *(.eh_frame .eh_frame.*)
 *(.rdata .rdata.*)
 *(.jcr .jcr.*)
 *(.sdata .sdata.*)
 .sdata.Config_Num_Tasks
                0x0000000040000178        0x4 Source\config.o
                0x0000000040000178                Config_Num_Tasks
 .sdata.displayA
                0x000000004000017c        0x4 Source\Tasks\Motor_Right\motor_right.o
 .sdata.displayB
                0x0000000040000180        0x4 Source\Tasks\Motor_Right\motor_right.o
 .sdata.displayC
                0x0000000040000184        0x4 Source\Tasks\Motor_Left\motor_left.o
 .sdata.displayD
                0x0000000040000188        0x4 Source\Tasks\Motor_Left\motor_left.o
 .sdata.idle_index
                0x000000004000018c        0x4 Source\Scheduler\Internal\log.o
 .sdata.log_char
                0x0000000040000190        0x8 Source\Scheduler\Internal\log.o
                0x0000000040000198                . = ALIGN (0x4)
                0x0000000040000198                _edata = .
                0x0000000040000198                PROVIDE (edata, .)
                0x0000000040000198                _gp = ABSOLUTE (.)

.bss            0x0000000040000198      0x81c load address 0x0000000000002e74
                0x0000000040000198                _bss = .
                0x0000000040000198                PROVIDE (bss, .)
 *(.sbss .sbss.*)
 .sbss.led_state
                0x0000000040000198        0x4 Source\Tasks\Flashing_LED\flashing_led.o
 .sbss.current_task
                0x000000004000019c        0x4 Source\Scheduler\Internal\scheduler.o
 .sbss.system_time
                0x00000000400001a0        0x4 Source\Scheduler\Internal\scheduler.o
 .sbss.single_tick_time
                0x00000000400001a4        0x4 Source\Scheduler\Internal\scheduler.o
 .sbss.last_index
                0x00000000400001a8        0x4 Source\Scheduler\Internal\log.o
 .sbss.previous_time
                0x00000000400001ac        0x4 Source\Scheduler\Internal\log.o
 .sbss.previous_isr_time
                0x00000000400001b0        0x4 Source\Scheduler\Internal\log.o
 .sbss.current_tick
                0x00000000400001b4        0x4 Source\Scheduler\Internal\log.o
 .sbss.buffer_index
                0x00000000400001b8        0x4 Source\Scheduler\Internal\log.o
 .sbss.nesting_level
                0x00000000400001bc        0x4 Source\Scheduler\Internal\interrupt.o
 *(.bss .bss.* .gnu.linkonce.b.*)
 .bss.device_list
                0x00000000400001c0       0x10 c:/rapidittyde0/plugins/com.ttesystems.tte32.tools.win32_2.4.0/files/bin/../lib/gcc/mipsel-elf/4.4.5/soft-float\libsyscalls.a(syscalls.o)
 *(.scommon .scommon.*)
 .scommon       0x00000000400001d0       0xb5 Source\config.o
                0x00000000400001d0                Target_counts_Left_G
                0x00000000400001d4                Motor_Lf_Enc_Track
                0x00000000400001d8                Opponent_detected
                0x00000000400001dc                next_x_map_pos_G
                0x00000000400001e0                robot_x_map_pos_G
                0x00000000400001e4                next_y_map_pos_G
                0x00000000400001e8                Orientation_G
                0x00000000400001ec                next_distance_G
                0x00000000400001f0                next_x_coord_G
                0x00000000400001f4                robot_x_coord_G
                0x00000000400001f8                Course_correction_Rt
                0x00000000400001fc                canIDRt
                0x0000000040000200                candataLf
                0x0000000040000208                Course_correction_Lf
                0x000000004000020c                canIDSensors
                0x0000000040000210                robot_y_map_pos_G
                0x0000000040000214                delta_x
                0x0000000040000218                Right_motor_direction_G
                0x000000004000021c                WheelCounts_Left_G
                0x0000000040000220                robot_y_coord_G
                0x0000000040000224                opp_x_coord_G
                0x0000000040000228                Left_motor_direction_G
                0x000000004000022c                candataRt
                0x0000000040000234                heading_radians_G
                0x0000000040000238                Pathdriver_Control_G
                0x000000004000023c                servo
                0x0000000040000244                Left_motor_speed_G
                0x0000000040000246                Right_motor_speed_G
                0x0000000040000248                next_wheel_counts_G
                0x000000004000024c                next_y_coord_G
                0x0000000040000250                delta_y
                0x0000000040000254                Team_Colour
                0x0000000040000258                Target_counts_Right_G
                0x000000004000025c                WheelCounts_Right_G
                0x0000000040000260                Pathfinder_Control_G
                0x0000000040000264                Strategy_G
                0x0000000040000268                opp_y_coord_G
                0x000000004000026c                Motor_Rt_Enc_Track
                0x0000000040000270                Script_update
                0x0000000040000274                Script_no_G
                0x0000000040000278                End_Of_MoveRt
                0x000000004000027c                canIDLf
                0x0000000040000280                movement_G
                0x0000000040000284                Path_no_G
 .scommon       0x0000000040000285        0x0 Source\Tasks\tasks.o
 .scommon       0x0000000040000285        0x0 Source\Tasks\object_detection\object_detection.o
 *fill*         0x0000000040000285        0x3 00
 .scommon       0x0000000040000288        0x5 Source\Tasks\System_Control\system_control.o
                0x0000000040000288                System_Mode_G
                0x000000004000028c                debounce
 *fill*         0x000000004000028d        0x3 00
 .scommon       0x0000000040000290       0x44 Source\Tasks\Read_Enc\read_enc.o
                0x0000000040000290                WheelCount
                0x0000000040000298                EncSignal_A
                0x00000000400002a0                RevCount
                0x00000000400002a8                EncSignal_B
                0x00000000400002b0                EncoderCount
                0x00000000400002b8                bufferTime
                0x00000000400002bc                WheelDirection
                0x00000000400002c4                Pulse_Flag
                0x00000000400002cc                CountError_Flag
 .scommon       0x00000000400002d4        0x8 Source\Tasks\Motor_Right\motor_right.o
                0x00000000400002d4                Enc_Rt_Old
                0x00000000400002d8                Enc_Rt_Diff
 .scommon       0x00000000400002dc        0x8 Source\Tasks\Motor_Left\motor_left.o
                0x00000000400002dc                Enc_Lf_Diff
                0x00000000400002e0                Enc_Lf_Old
 .scommon       0x00000000400002e4       0x32 Source\Tasks\Message_Sender\message_sender.o
                0x00000000400002e4                RX0_ID_Bytes
                0x00000000400002ec                EXT_ID_Bytes
                0x00000000400002f1                speedPin
                0x00000000400002f4                init
                0x00000000400002f8                RX1_ID_Bytes
                0x0000000040000300                RX_Buffer_ID_Bytes
                0x0000000040000308                PAD_ID
                0x000000004000030c                RX_Buffer_Data_array
                0x0000000040000314                ticked
 .scommon       0x0000000040000316        0x0 Source\Tasks\Flashing_LED\flashing_led.o
 .scommon       0x0000000040000316        0x0 Source\Tasks\Course_Corrector\course_corrector.o
 .scommon       0x0000000040000316        0x7 Source\Tasks\CAN_relay\can_relay.o
                0x0000000040000316                motor_direction_Rt
                0x0000000040000318                motor_speed_Rt
                0x000000004000031a                motor_speed_Lf
                0x000000004000031c                motor_direction_Lf
 *(COMMON)
 *fill*         0x000000004000031d        0x3 00
 COMMON         0x0000000040000320      0x2ac Source\config.o
                0x0000000040000320                Path_G
                0x00000000400003a0                bufferRX0
                0x00000000400003b0                bufferRX1
                0x00000000400003c0                sensorReadings
                0x00000000400003cc                Script_G
 COMMON         0x00000000400005cc      0x3e8 Source\Scheduler\Internal\log.o
                0x00000000400005cc                Log_Buffer
                0x00000000400009b4                _ebss = .
                0x00000000400009b4                PROVIDE (ebss, .)

.log
 *(.log)
                0x00000000400009b4                _end = .
                0x00000000400009b4                PROVIDE (end, .)
                0x00000000400009b4                PROVIDE (_heap_start, .)

.stack          0x0000000040003600      0xa00
                0x0000000040003600                PROVIDE (_heap_end, .)
 *(.stack .stack.*)
 .stack.Stack_G
                0x0000000040003600      0xa00 Source\System\startup.o
                0x0000000040003600                Stack_G
LOAD c:/rapidittyde0/plugins/com.ttesystems.tte32.tools.win32_2.4.0/files/bin/../lib/gcc/mipsel-elf/4.4.5/soft-float\libgcc.a
LOAD c:/rapidittyde0/plugins/com.ttesystems.tte32.tools.win32_2.4.0/files/bin/../lib/gcc/mipsel-elf/4.4.5/soft-float\libgcc.a
OUTPUT(Telemetrons_CloudRobotics2013.elf elf32-littlemips)

.reginfo        0x0000000000000000       0x18
 .reginfo       0x0000000000000000       0x18 Source\main.o

.mdebug.abi32   0x0000000000000000        0x0
 .mdebug.abi32  0x0000000000000000        0x0 Source\main.o
 .mdebug.abi32  0x0000000000000000        0x0 Source\config.o
 .mdebug.abi32  0x0000000000000000        0x0 Source\Tasks\tasks.o
 .mdebug.abi32  0x0000000000000000        0x0 Source\Tasks\object_detection\object_detection.o
 .mdebug.abi32  0x0000000000000000        0x0 Source\Tasks\System_Control\system_control.o
 .mdebug.abi32  0x0000000000000000        0x0 Source\Tasks\Read_Enc\read_enc.o
 .mdebug.abi32  0x0000000000000000        0x0 Source\Tasks\Motor_Right\motor_right.o
 .mdebug.abi32  0x0000000000000000        0x0 Source\Tasks\Motor_Left\motor_left.o
 .mdebug.abi32  0x0000000000000000        0x0 Source\Tasks\Message_Sender\message_sender.o
 .mdebug.abi32  0x0000000000000000        0x0 Source\Tasks\Flashing_LED\flashing_led.o
 .mdebug.abi32  0x0000000000000000        0x0 Source\Tasks\Course_Corrector\course_corrector.o
 .mdebug.abi32  0x0000000000000000        0x0 Source\Tasks\CAN_relay\can_relay.o
 .mdebug.abi32  0x0000000000000000        0x0 Source\Scheduler\Internal\scheduler.o
 .mdebug.abi32  0x0000000000000000        0x0 Source\Scheduler\Internal\log.o
 .mdebug.abi32  0x0000000000000000        0x0 Source\Scheduler\Internal\interrupt.o
 .mdebug.abi32  0x0000000000000000        0x0 Source\Drivers\Internal\uart.o
 .mdebug.abi32  0x0000000000000000        0x0 Source\Drivers\Internal\timer.o
 .mdebug.abi32  0x0000000000000000        0x0 Source\Drivers\Internal\text_lcd.o
 .mdebug.abi32  0x0000000000000000        0x0 Source\Drivers\Internal\spi.o
 .mdebug.abi32  0x0000000000000000        0x0 Source\Drivers\Internal\segment.o
 .mdebug.abi32  0x0000000000000000        0x0 Source\Drivers\Internal\pwm.o
 .mdebug.abi32  0x0000000000000000        0x0 c:/rapidittyde0/plugins/com.ttesystems.tte32.tools.win32_2.4.0/files/bin/../lib/gcc/mipsel-elf/4.4.5/soft-float\libsyscalls.a(syscalls.o)
 .mdebug.abi32  0x0000000000000000        0x0 c:/rapidittyde0/plugins/com.ttesystems.tte32.tools.win32_2.4.0/files/bin/../lib/gcc/mipsel-elf/4.4.5/../../../../mipsel-elf/lib/soft-float\libc.a(lib_a-errno.o)
 .mdebug.abi32  0x0000000000000000        0x0 c:/rapidittyde0/plugins/com.ttesystems.tte32.tools.win32_2.4.0/files/bin/../lib/gcc/mipsel-elf/4.4.5/../../../../mipsel-elf/lib/soft-float\libc.a(lib_a-impure.o)
 .mdebug.abi32  0x0000000000000000        0x0 c:/rapidittyde0/plugins/com.ttesystems.tte32.tools.win32_2.4.0/files/bin/../lib/gcc/mipsel-elf/4.4.5/../../../../mipsel-elf/lib/soft-float\libc.a(lib_a-strcmp.o)
 .mdebug.abi32  0x0000000000000000        0x0 c:/rapidittyde0/plugins/com.ttesystems.tte32.tools.win32_2.4.0/files/bin/../lib/gcc/mipsel-elf/4.4.5/soft-float\libgcc.a(_addsub_df.o)
 .mdebug.abi32  0x0000000000000000        0x0 c:/rapidittyde0/plugins/com.ttesystems.tte32.tools.win32_2.4.0/files/bin/../lib/gcc/mipsel-elf/4.4.5/soft-float\libgcc.a(_mul_df.o)
 .mdebug.abi32  0x0000000000000000        0x0 c:/rapidittyde0/plugins/com.ttesystems.tte32.tools.win32_2.4.0/files/bin/../lib/gcc/mipsel-elf/4.4.5/soft-float\libgcc.a(_si_to_df.o)
 .mdebug.abi32  0x0000000000000000        0x0 c:/rapidittyde0/plugins/com.ttesystems.tte32.tools.win32_2.4.0/files/bin/../lib/gcc/mipsel-elf/4.4.5/soft-float\libgcc.a(_df_to_si.o)
 .mdebug.abi32  0x0000000000000000        0x0 c:/rapidittyde0/plugins/com.ttesystems.tte32.tools.win32_2.4.0/files/bin/../lib/gcc/mipsel-elf/4.4.5/soft-float\libgcc.a(_thenan_df.o)
 .mdebug.abi32  0x0000000000000000        0x0 c:/rapidittyde0/plugins/com.ttesystems.tte32.tools.win32_2.4.0/files/bin/../lib/gcc/mipsel-elf/4.4.5/soft-float\libgcc.a(_ucmpdi2.o)
 .mdebug.abi32  0x0000000000000000        0x0 c:/rapidittyde0/plugins/com.ttesystems.tte32.tools.win32_2.4.0/files/bin/../lib/gcc/mipsel-elf/4.4.5/soft-float\libgcc.a(_clzsi2.o)
 .mdebug.abi32  0x0000000000000000        0x0 c:/rapidittyde0/plugins/com.ttesystems.tte32.tools.win32_2.4.0/files/bin/../lib/gcc/mipsel-elf/4.4.5/soft-float\libgcc.a(_pack_df.o)
 .mdebug.abi32  0x0000000000000000        0x0 c:/rapidittyde0/plugins/com.ttesystems.tte32.tools.win32_2.4.0/files/bin/../lib/gcc/mipsel-elf/4.4.5/soft-float\libgcc.a(_unpack_df.o)
 .mdebug.abi32  0x0000000000000000        0x0 c:/rapidittyde0/plugins/com.ttesystems.tte32.tools.win32_2.4.0/files/bin/../lib/gcc/mipsel-elf/4.4.5/soft-float\libgcc.a(_lshrdi3.o)
 .mdebug.abi32  0x0000000000000000        0x0 c:/rapidittyde0/plugins/com.ttesystems.tte32.tools.win32_2.4.0/files/bin/../lib/gcc/mipsel-elf/4.4.5/soft-float\libgcc.a(_ashldi3.o)
 .mdebug.abi32  0x0000000000000000        0x0 c:/rapidittyde0/plugins/com.ttesystems.tte32.tools.win32_2.4.0/files/bin/../lib/gcc/mipsel-elf/4.4.5/soft-float\libgcc.a(_clz.o)

.comment        0x0000000000000000       0x23
 .comment       0x0000000000000000       0x11 Source\main.o
                                         0x12 (size before relaxing)
 .comment       0x0000000000000000       0x12 Source\config.o
 .comment       0x0000000000000000       0x12 Source\Tasks\tasks.o
 .comment       0x0000000000000000       0x12 Source\Tasks\object_detection\object_detection.o
 .comment       0x0000000000000000       0x12 Source\Tasks\System_Control\system_control.o
 .comment       0x0000000000000000       0x12 Source\Tasks\Read_Enc\read_enc.o
 .comment       0x0000000000000000       0x12 Source\Tasks\Motor_Right\motor_right.o
 .comment       0x0000000000000000       0x12 Source\Tasks\Motor_Left\motor_left.o
 .comment       0x0000000000000000       0x12 Source\Tasks\Message_Sender\message_sender.o
 .comment       0x0000000000000000       0x12 Source\Tasks\Flashing_LED\flashing_led.o
 .comment       0x0000000000000000       0x12 Source\Tasks\Course_Corrector\course_corrector.o
 .comment       0x0000000000000000       0x12 Source\Tasks\CAN_relay\can_relay.o
 .comment       0x0000000000000000       0x12 Source\Scheduler\Internal\scheduler.o
 .comment       0x0000000000000000       0x12 Source\Scheduler\Internal\log.o
 .comment       0x0000000000000000       0x12 Source\Scheduler\Internal\interrupt.o
 .comment       0x0000000000000000       0x12 Source\Drivers\Internal\uart.o
 .comment       0x0000000000000000       0x12 Source\Drivers\Internal\timer.o
 .comment       0x0000000000000000       0x12 Source\Drivers\Internal\text_lcd.o
 .comment       0x0000000000000000       0x12 Source\Drivers\Internal\spi.o
 .comment       0x0000000000000000       0x12 Source\Drivers\Internal\segment.o
 .comment       0x0000000000000000       0x12 Source\Drivers\Internal\pwm.o
 .comment       0x0000000000000011       0x12 c:/rapidittyde0/plugins/com.ttesystems.tte32.tools.win32_2.4.0/files/bin/../lib/gcc/mipsel-elf/4.4.5/soft-float\libsyscalls.a(syscalls.o)
 .comment       0x0000000000000000       0x12 c:/rapidittyde0/plugins/com.ttesystems.tte32.tools.win32_2.4.0/files/bin/../lib/gcc/mipsel-elf/4.4.5/../../../../mipsel-elf/lib/soft-float\libc.a(lib_a-errno.o)
 .comment       0x0000000000000000       0x12 c:/rapidittyde0/plugins/com.ttesystems.tte32.tools.win32_2.4.0/files/bin/../lib/gcc/mipsel-elf/4.4.5/../../../../mipsel-elf/lib/soft-float\libc.a(lib_a-impure.o)
 .comment       0x0000000000000000       0x12 c:/rapidittyde0/plugins/com.ttesystems.tte32.tools.win32_2.4.0/files/bin/../lib/gcc/mipsel-elf/4.4.5/../../../../mipsel-elf/lib/soft-float\libc.a(lib_a-strcmp.o)
 .comment       0x0000000000000000       0x12 c:/rapidittyde0/plugins/com.ttesystems.tte32.tools.win32_2.4.0/files/bin/../lib/gcc/mipsel-elf/4.4.5/soft-float\libgcc.a(_addsub_df.o)
 .comment       0x0000000000000000       0x12 c:/rapidittyde0/plugins/com.ttesystems.tte32.tools.win32_2.4.0/files/bin/../lib/gcc/mipsel-elf/4.4.5/soft-float\libgcc.a(_mul_df.o)
 .comment       0x0000000000000000       0x12 c:/rapidittyde0/plugins/com.ttesystems.tte32.tools.win32_2.4.0/files/bin/../lib/gcc/mipsel-elf/4.4.5/soft-float\libgcc.a(_si_to_df.o)
 .comment       0x0000000000000000       0x12 c:/rapidittyde0/plugins/com.ttesystems.tte32.tools.win32_2.4.0/files/bin/../lib/gcc/mipsel-elf/4.4.5/soft-float\libgcc.a(_df_to_si.o)
 .comment       0x0000000000000000       0x12 c:/rapidittyde0/plugins/com.ttesystems.tte32.tools.win32_2.4.0/files/bin/../lib/gcc/mipsel-elf/4.4.5/soft-float\libgcc.a(_thenan_df.o)
 .comment       0x0000000000000000       0x12 c:/rapidittyde0/plugins/com.ttesystems.tte32.tools.win32_2.4.0/files/bin/../lib/gcc/mipsel-elf/4.4.5/soft-float\libgcc.a(_ucmpdi2.o)
 .comment       0x0000000000000000       0x12 c:/rapidittyde0/plugins/com.ttesystems.tte32.tools.win32_2.4.0/files/bin/../lib/gcc/mipsel-elf/4.4.5/soft-float\libgcc.a(_clzsi2.o)
 .comment       0x0000000000000000       0x12 c:/rapidittyde0/plugins/com.ttesystems.tte32.tools.win32_2.4.0/files/bin/../lib/gcc/mipsel-elf/4.4.5/soft-float\libgcc.a(_pack_df.o)
 .comment       0x0000000000000000       0x12 c:/rapidittyde0/plugins/com.ttesystems.tte32.tools.win32_2.4.0/files/bin/../lib/gcc/mipsel-elf/4.4.5/soft-float\libgcc.a(_unpack_df.o)
 .comment       0x0000000000000000       0x12 c:/rapidittyde0/plugins/com.ttesystems.tte32.tools.win32_2.4.0/files/bin/../lib/gcc/mipsel-elf/4.4.5/soft-float\libgcc.a(_lshrdi3.o)
 .comment       0x0000000000000000       0x12 c:/rapidittyde0/plugins/com.ttesystems.tte32.tools.win32_2.4.0/files/bin/../lib/gcc/mipsel-elf/4.4.5/soft-float\libgcc.a(_ashldi3.o)
 .comment       0x0000000000000000       0x12 c:/rapidittyde0/plugins/com.ttesystems.tte32.tools.win32_2.4.0/files/bin/../lib/gcc/mipsel-elf/4.4.5/soft-float\libgcc.a(_clz.o)

.gnu.attributes
                0x0000000000000000       0x10
 .gnu.attributes
                0x0000000000000000       0x10 Source\main.o
 .gnu.attributes
                0x0000000000000010       0x10 Source\config.o
 .gnu.attributes
                0x0000000000000020       0x10 Source\Tasks\tasks.o
 .gnu.attributes
                0x0000000000000030       0x10 Source\Tasks\object_detection\object_detection.o
 .gnu.attributes
                0x0000000000000040       0x10 Source\Tasks\System_Control\system_control.o
 .gnu.attributes
                0x0000000000000050       0x10 Source\Tasks\Read_Enc\read_enc.o
 .gnu.attributes
                0x0000000000000060       0x10 Source\Tasks\Motor_Right\motor_right.o
 .gnu.attributes
                0x0000000000000070       0x10 Source\Tasks\Motor_Left\motor_left.o
 .gnu.attributes
                0x0000000000000080       0x10 Source\Tasks\Message_Sender\message_sender.o
 .gnu.attributes
                0x0000000000000090       0x10 Source\Tasks\Flashing_LED\flashing_led.o
 .gnu.attributes
                0x00000000000000a0       0x10 Source\Tasks\Course_Corrector\course_corrector.o
 .gnu.attributes
                0x00000000000000b0       0x10 Source\Tasks\CAN_relay\can_relay.o
 .gnu.attributes
                0x00000000000000c0       0x10 Source\Scheduler\Internal\scheduler.o
 .gnu.attributes
                0x00000000000000d0       0x10 Source\Scheduler\Internal\log.o
 .gnu.attributes
                0x00000000000000e0       0x10 Source\Scheduler\Internal\interrupt.o
 .gnu.attributes
                0x00000000000000f0       0x10 Source\Drivers\Internal\uart.o
 .gnu.attributes
                0x0000000000000100       0x10 Source\Drivers\Internal\timer.o
 .gnu.attributes
                0x0000000000000110       0x10 Source\Drivers\Internal\text_lcd.o
 .gnu.attributes
                0x0000000000000120       0x10 Source\Drivers\Internal\spi.o
 .gnu.attributes
                0x0000000000000130       0x10 Source\Drivers\Internal\segment.o
 .gnu.attributes
                0x0000000000000140       0x10 Source\Drivers\Internal\pwm.o
 .gnu.attributes
                0x0000000000000150       0x10 c:/rapidittyde0/plugins/com.ttesystems.tte32.tools.win32_2.4.0/files/bin/../lib/gcc/mipsel-elf/4.4.5/soft-float\libsyscalls.a(syscalls.o)
 .gnu.attributes
                0x0000000000000160       0x10 c:/rapidittyde0/plugins/com.ttesystems.tte32.tools.win32_2.4.0/files/bin/../lib/gcc/mipsel-elf/4.4.5/../../../../mipsel-elf/lib/soft-float\libc.a(lib_a-errno.o)
 .gnu.attributes
                0x0000000000000170       0x10 c:/rapidittyde0/plugins/com.ttesystems.tte32.tools.win32_2.4.0/files/bin/../lib/gcc/mipsel-elf/4.4.5/../../../../mipsel-elf/lib/soft-float\libc.a(lib_a-impure.o)
 .gnu.attributes
                0x0000000000000180       0x10 c:/rapidittyde0/plugins/com.ttesystems.tte32.tools.win32_2.4.0/files/bin/../lib/gcc/mipsel-elf/4.4.5/../../../../mipsel-elf/lib/soft-float\libc.a(lib_a-strcmp.o)
 .gnu.attributes
                0x0000000000000190       0x10 c:/rapidittyde0/plugins/com.ttesystems.tte32.tools.win32_2.4.0/files/bin/../lib/gcc/mipsel-elf/4.4.5/soft-float\libgcc.a(_addsub_df.o)
 .gnu.attributes
                0x00000000000001a0       0x10 c:/rapidittyde0/plugins/com.ttesystems.tte32.tools.win32_2.4.0/files/bin/../lib/gcc/mipsel-elf/4.4.5/soft-float\libgcc.a(_mul_df.o)
 .gnu.attributes
                0x00000000000001b0       0x10 c:/rapidittyde0/plugins/com.ttesystems.tte32.tools.win32_2.4.0/files/bin/../lib/gcc/mipsel-elf/4.4.5/soft-float\libgcc.a(_si_to_df.o)
 .gnu.attributes
                0x00000000000001c0       0x10 c:/rapidittyde0/plugins/com.ttesystems.tte32.tools.win32_2.4.0/files/bin/../lib/gcc/mipsel-elf/4.4.5/soft-float\libgcc.a(_df_to_si.o)
 .gnu.attributes
                0x00000000000001d0       0x10 c:/rapidittyde0/plugins/com.ttesystems.tte32.tools.win32_2.4.0/files/bin/../lib/gcc/mipsel-elf/4.4.5/soft-float\libgcc.a(_thenan_df.o)
 .gnu.attributes
                0x00000000000001e0       0x10 c:/rapidittyde0/plugins/com.ttesystems.tte32.tools.win32_2.4.0/files/bin/../lib/gcc/mipsel-elf/4.4.5/soft-float\libgcc.a(_ucmpdi2.o)
 .gnu.attributes
                0x00000000000001f0       0x10 c:/rapidittyde0/plugins/com.ttesystems.tte32.tools.win32_2.4.0/files/bin/../lib/gcc/mipsel-elf/4.4.5/soft-float\libgcc.a(_clzsi2.o)
 .gnu.attributes
                0x0000000000000200       0x10 c:/rapidittyde0/plugins/com.ttesystems.tte32.tools.win32_2.4.0/files/bin/../lib/gcc/mipsel-elf/4.4.5/soft-float\libgcc.a(_pack_df.o)
 .gnu.attributes
                0x0000000000000210       0x10 c:/rapidittyde0/plugins/com.ttesystems.tte32.tools.win32_2.4.0/files/bin/../lib/gcc/mipsel-elf/4.4.5/soft-float\libgcc.a(_unpack_df.o)
 .gnu.attributes
                0x0000000000000220       0x10 c:/rapidittyde0/plugins/com.ttesystems.tte32.tools.win32_2.4.0/files/bin/../lib/gcc/mipsel-elf/4.4.5/soft-float\libgcc.a(_lshrdi3.o)
 .gnu.attributes
                0x0000000000000230       0x10 c:/rapidittyde0/plugins/com.ttesystems.tte32.tools.win32_2.4.0/files/bin/../lib/gcc/mipsel-elf/4.4.5/soft-float\libgcc.a(_ashldi3.o)
 .gnu.attributes
                0x0000000000000240       0x10 c:/rapidittyde0/plugins/com.ttesystems.tte32.tools.win32_2.4.0/files/bin/../lib/gcc/mipsel-elf/4.4.5/soft-float\libgcc.a(_clz.o)

.pdr            0x0000000000000000        0x0
 .pdr           0x0000000000000000        0x0 Source\config.o
 .pdr           0x0000000000000000        0x0 c:/rapidittyde0/plugins/com.ttesystems.tte32.tools.win32_2.4.0/files/bin/../lib/gcc/mipsel-elf/4.4.5/../../../../mipsel-elf/lib/soft-float\libc.a(lib_a-impure.o)
 .pdr           0x0000000000000000        0x0 c:/rapidittyde0/plugins/com.ttesystems.tte32.tools.win32_2.4.0/files/bin/../lib/gcc/mipsel-elf/4.4.5/soft-float\libgcc.a(_thenan_df.o)
 .pdr           0x0000000000000000        0x0 c:/rapidittyde0/plugins/com.ttesystems.tte32.tools.win32_2.4.0/files/bin/../lib/gcc/mipsel-elf/4.4.5/soft-float\libgcc.a(_clz.o)

.debug_abbrev   0x0000000000000000     0x338c
 .debug_abbrev  0x0000000000000000       0xd5 Source\main.o
 .debug_abbrev  0x00000000000000d5      0x107 Source\config.o
 .debug_abbrev  0x00000000000001dc       0xe9 Source\Tasks\tasks.o
 .debug_abbrev  0x00000000000002c5       0xe9 Source\Tasks\object_detection\object_detection.o
 .debug_abbrev  0x00000000000003ae      0x14a Source\Tasks\System_Control\system_control.o
 .debug_abbrev  0x00000000000004f8      0x155 Source\Tasks\Read_Enc\read_enc.o
 .debug_abbrev  0x000000000000064d      0x1d5 Source\Tasks\Motor_Right\motor_right.o
 .debug_abbrev  0x0000000000000822      0x1ad Source\Tasks\Motor_Left\motor_left.o
 .debug_abbrev  0x00000000000009cf      0x247 Source\Tasks\Message_Sender\message_sender.o
 .debug_abbrev  0x0000000000000c16      0x170 Source\Tasks\Flashing_LED\flashing_led.o
 .debug_abbrev  0x0000000000000d86      0x128 Source\Tasks\Course_Corrector\course_corrector.o
 .debug_abbrev  0x0000000000000eae      0x171 Source\Tasks\CAN_relay\can_relay.o
 .debug_abbrev  0x000000000000101f       0x12 Source\System\startup.o
 .debug_abbrev  0x0000000000001031      0x1a4 Source\Scheduler\Internal\scheduler.o
 .debug_abbrev  0x00000000000011d5      0x292 Source\Scheduler\Internal\log.o
 .debug_abbrev  0x0000000000001467      0x19b Source\Scheduler\Internal\interrupt.o
 .debug_abbrev  0x0000000000001602      0x23e Source\Drivers\Internal\uart.o
 .debug_abbrev  0x0000000000001840      0x1a7 Source\Drivers\Internal\timer.o
 .debug_abbrev  0x00000000000019e7      0x20c Source\Drivers\Internal\text_lcd.o
 .debug_abbrev  0x0000000000001bf3      0x165 Source\Drivers\Internal\spi.o
 .debug_abbrev  0x0000000000001d58       0xf8 Source\Drivers\Internal\segment.o
 .debug_abbrev  0x0000000000001e50      0x10a Source\Drivers\Internal\pwm.o
 .debug_abbrev  0x0000000000001f5a      0x24b c:/rapidittyde0/plugins/com.ttesystems.tte32.tools.win32_2.4.0/files/bin/../lib/gcc/mipsel-elf/4.4.5/soft-float\libsyscalls.a(syscalls.o)
 .debug_abbrev  0x00000000000021a5      0x16c c:/rapidittyde0/plugins/com.ttesystems.tte32.tools.win32_2.4.0/files/bin/../lib/gcc/mipsel-elf/4.4.5/../../../../mipsel-elf/lib/soft-float\libc.a(lib_a-errno.o)
 .debug_abbrev  0x0000000000002311      0x162 c:/rapidittyde0/plugins/com.ttesystems.tte32.tools.win32_2.4.0/files/bin/../lib/gcc/mipsel-elf/4.4.5/../../../../mipsel-elf/lib/soft-float\libc.a(lib_a-impure.o)
 .debug_abbrev  0x0000000000002473       0xa7 c:/rapidittyde0/plugins/com.ttesystems.tte32.tools.win32_2.4.0/files/bin/../lib/gcc/mipsel-elf/4.4.5/../../../../mipsel-elf/lib/soft-float\libc.a(lib_a-strcmp.o)
 .debug_abbrev  0x000000000000251a      0x1d9 c:/rapidittyde0/plugins/com.ttesystems.tte32.tools.win32_2.4.0/files/bin/../lib/gcc/mipsel-elf/4.4.5/soft-float\libgcc.a(_addsub_df.o)
 .debug_abbrev  0x00000000000026f3      0x1f7 c:/rapidittyde0/plugins/com.ttesystems.tte32.tools.win32_2.4.0/files/bin/../lib/gcc/mipsel-elf/4.4.5/soft-float\libgcc.a(_mul_df.o)
 .debug_abbrev  0x00000000000028ea      0x148 c:/rapidittyde0/plugins/com.ttesystems.tte32.tools.win32_2.4.0/files/bin/../lib/gcc/mipsel-elf/4.4.5/soft-float\libgcc.a(_si_to_df.o)
 .debug_abbrev  0x0000000000002a32      0x17f c:/rapidittyde0/plugins/com.ttesystems.tte32.tools.win32_2.4.0/files/bin/../lib/gcc/mipsel-elf/4.4.5/soft-float\libgcc.a(_df_to_si.o)
 .debug_abbrev  0x0000000000002bb1       0xc3 c:/rapidittyde0/plugins/com.ttesystems.tte32.tools.win32_2.4.0/files/bin/../lib/gcc/mipsel-elf/4.4.5/soft-float\libgcc.a(_thenan_df.o)
 .debug_abbrev  0x0000000000002c74       0xd0 c:/rapidittyde0/plugins/com.ttesystems.tte32.tools.win32_2.4.0/files/bin/../lib/gcc/mipsel-elf/4.4.5/soft-float\libgcc.a(_ucmpdi2.o)
 .debug_abbrev  0x0000000000002d44       0xb3 c:/rapidittyde0/plugins/com.ttesystems.tte32.tools.win32_2.4.0/files/bin/../lib/gcc/mipsel-elf/4.4.5/soft-float\libgcc.a(_clzsi2.o)
 .debug_abbrev  0x0000000000002df7      0x1c0 c:/rapidittyde0/plugins/com.ttesystems.tte32.tools.win32_2.4.0/files/bin/../lib/gcc/mipsel-elf/4.4.5/soft-float\libgcc.a(_pack_df.o)
 .debug_abbrev  0x0000000000002fb7      0x163 c:/rapidittyde0/plugins/com.ttesystems.tte32.tools.win32_2.4.0/files/bin/../lib/gcc/mipsel-elf/4.4.5/soft-float\libgcc.a(_unpack_df.o)
 .debug_abbrev  0x000000000000311a      0x104 c:/rapidittyde0/plugins/com.ttesystems.tte32.tools.win32_2.4.0/files/bin/../lib/gcc/mipsel-elf/4.4.5/soft-float\libgcc.a(_lshrdi3.o)
 .debug_abbrev  0x000000000000321e      0x104 c:/rapidittyde0/plugins/com.ttesystems.tte32.tools.win32_2.4.0/files/bin/../lib/gcc/mipsel-elf/4.4.5/soft-float\libgcc.a(_ashldi3.o)
 .debug_abbrev  0x0000000000003322       0x6a c:/rapidittyde0/plugins/com.ttesystems.tte32.tools.win32_2.4.0/files/bin/../lib/gcc/mipsel-elf/4.4.5/soft-float\libgcc.a(_clz.o)

.debug_info     0x0000000000000000     0xe742
 .debug_info    0x0000000000000000      0x150 Source\main.o
 .debug_info    0x0000000000000150      0x7ee Source\config.o
 .debug_info    0x000000000000093e      0x71b Source\Tasks\tasks.o
 .debug_info    0x0000000000001059      0x72c Source\Tasks\object_detection\object_detection.o
 .debug_info    0x0000000000001785      0xb91 Source\Tasks\System_Control\system_control.o
 .debug_info    0x0000000000002316      0xb16 Source\Tasks\Read_Enc\read_enc.o
 .debug_info    0x0000000000002e2c      0xbbc Source\Tasks\Motor_Right\motor_right.o
 .debug_info    0x00000000000039e8      0xb74 Source\Tasks\Motor_Left\motor_left.o
 .debug_info    0x000000000000455c     0x1047 Source\Tasks\Message_Sender\message_sender.o
 .debug_info    0x00000000000055a3      0xa94 Source\Tasks\Flashing_LED\flashing_led.o
 .debug_info    0x0000000000006037      0x9e7 Source\Tasks\Course_Corrector\course_corrector.o
 .debug_info    0x0000000000006a1e      0xa99 Source\Tasks\CAN_relay\can_relay.o
 .debug_info    0x00000000000074b7       0x62 Source\System\startup.o
 .debug_info    0x0000000000007519      0x375 Source\Scheduler\Internal\scheduler.o
 .debug_info    0x000000000000788e      0x7ce Source\Scheduler\Internal\log.o
 .debug_info    0x000000000000805c      0x3ad Source\Scheduler\Internal\interrupt.o
 .debug_info    0x0000000000008409      0xee5 Source\Drivers\Internal\uart.o
 .debug_info    0x00000000000092ee      0x5b8 Source\Drivers\Internal\timer.o
 .debug_info    0x00000000000098a6      0x6ff Source\Drivers\Internal\text_lcd.o
 .debug_info    0x0000000000009fa5      0x24d Source\Drivers\Internal\spi.o
 .debug_info    0x000000000000a1f2      0x293 Source\Drivers\Internal\segment.o
 .debug_info    0x000000000000a485      0x1f3 Source\Drivers\Internal\pwm.o
 .debug_info    0x000000000000a678     0x11b3 c:/rapidittyde0/plugins/com.ttesystems.tte32.tools.win32_2.4.0/files/bin/../lib/gcc/mipsel-elf/4.4.5/soft-float\libsyscalls.a(syscalls.o)
 .debug_info    0x000000000000b82b      0x95f c:/rapidittyde0/plugins/com.ttesystems.tte32.tools.win32_2.4.0/files/bin/../lib/gcc/mipsel-elf/4.4.5/../../../../mipsel-elf/lib/soft-float\libc.a(lib_a-errno.o)
 .debug_info    0x000000000000c18a      0x96c c:/rapidittyde0/plugins/com.ttesystems.tte32.tools.win32_2.4.0/files/bin/../lib/gcc/mipsel-elf/4.4.5/../../../../mipsel-elf/lib/soft-float\libc.a(lib_a-impure.o)
 .debug_info    0x000000000000caf6      0x12b c:/rapidittyde0/plugins/com.ttesystems.tte32.tools.win32_2.4.0/files/bin/../lib/gcc/mipsel-elf/4.4.5/../../../../mipsel-elf/lib/soft-float\libc.a(lib_a-strcmp.o)
 .debug_info    0x000000000000cc21      0x48d c:/rapidittyde0/plugins/com.ttesystems.tte32.tools.win32_2.4.0/files/bin/../lib/gcc/mipsel-elf/4.4.5/soft-float\libgcc.a(_addsub_df.o)
 .debug_info    0x000000000000d0ae      0x47a c:/rapidittyde0/plugins/com.ttesystems.tte32.tools.win32_2.4.0/files/bin/../lib/gcc/mipsel-elf/4.4.5/soft-float\libgcc.a(_mul_df.o)
 .debug_info    0x000000000000d528      0x214 c:/rapidittyde0/plugins/com.ttesystems.tte32.tools.win32_2.4.0/files/bin/../lib/gcc/mipsel-elf/4.4.5/soft-float\libgcc.a(_si_to_df.o)
 .debug_info    0x000000000000d73c      0x2c9 c:/rapidittyde0/plugins/com.ttesystems.tte32.tools.win32_2.4.0/files/bin/../lib/gcc/mipsel-elf/4.4.5/soft-float\libgcc.a(_df_to_si.o)
 .debug_info    0x000000000000da05      0x160 c:/rapidittyde0/plugins/com.ttesystems.tte32.tools.win32_2.4.0/files/bin/../lib/gcc/mipsel-elf/4.4.5/soft-float\libgcc.a(_thenan_df.o)
 .debug_info    0x000000000000db65      0x15e c:/rapidittyde0/plugins/com.ttesystems.tte32.tools.win32_2.4.0/files/bin/../lib/gcc/mipsel-elf/4.4.5/soft-float\libgcc.a(_ucmpdi2.o)
 .debug_info    0x000000000000dcc3      0x12a c:/rapidittyde0/plugins/com.ttesystems.tte32.tools.win32_2.4.0/files/bin/../lib/gcc/mipsel-elf/4.4.5/soft-float\libgcc.a(_clzsi2.o)
 .debug_info    0x000000000000dded      0x2f8 c:/rapidittyde0/plugins/com.ttesystems.tte32.tools.win32_2.4.0/files/bin/../lib/gcc/mipsel-elf/4.4.5/soft-float\libgcc.a(_pack_df.o)
 .debug_info    0x000000000000e0e5      0x266 c:/rapidittyde0/plugins/com.ttesystems.tte32.tools.win32_2.4.0/files/bin/../lib/gcc/mipsel-elf/4.4.5/soft-float\libgcc.a(_unpack_df.o)
 .debug_info    0x000000000000e34b      0x199 c:/rapidittyde0/plugins/com.ttesystems.tte32.tools.win32_2.4.0/files/bin/../lib/gcc/mipsel-elf/4.4.5/soft-float\libgcc.a(_lshrdi3.o)
 .debug_info    0x000000000000e4e4      0x199 c:/rapidittyde0/plugins/com.ttesystems.tte32.tools.win32_2.4.0/files/bin/../lib/gcc/mipsel-elf/4.4.5/soft-float\libgcc.a(_ashldi3.o)
 .debug_info    0x000000000000e67d       0xc5 c:/rapidittyde0/plugins/com.ttesystems.tte32.tools.win32_2.4.0/files/bin/../lib/gcc/mipsel-elf/4.4.5/soft-float\libgcc.a(_clz.o)

.debug_line     0x0000000000000000     0x6813
 .debug_line    0x0000000000000000      0x36a Source\main.o
 .debug_line    0x000000000000036a      0x48e Source\config.o
 .debug_line    0x00000000000007f8      0x3c6 Source\Tasks\tasks.o
 .debug_line    0x0000000000000bbe      0x1ff Source\Tasks\object_detection\object_detection.o
 .debug_line    0x0000000000000dbd      0x48e Source\Tasks\System_Control\system_control.o
 .debug_line    0x000000000000124b      0x2aa Source\Tasks\Read_Enc\read_enc.o
 .debug_line    0x00000000000014f5      0x4d0 Source\Tasks\Motor_Right\motor_right.o
 .debug_line    0x00000000000019c5      0x4a2 Source\Tasks\Motor_Left\motor_left.o
 .debug_line    0x0000000000001e67      0x706 Source\Tasks\Message_Sender\message_sender.o
 .debug_line    0x000000000000256d      0x2c9 Source\Tasks\Flashing_LED\flashing_led.o
 .debug_line    0x0000000000002836      0x49a Source\Tasks\Course_Corrector\course_corrector.o
 .debug_line    0x0000000000002cd0      0x318 Source\Tasks\CAN_relay\can_relay.o
 .debug_line    0x0000000000002fe8      0x182 Source\System\startup.o
 .debug_line    0x000000000000316a      0x444 Source\Scheduler\Internal\scheduler.o
 .debug_line    0x00000000000035ae      0x597 Source\Scheduler\Internal\log.o
 .debug_line    0x0000000000003b45      0x411 Source\Scheduler\Internal\interrupt.o
 .debug_line    0x0000000000003f56      0x573 Source\Drivers\Internal\uart.o
 .debug_line    0x00000000000044c9      0x2ca Source\Drivers\Internal\timer.o
 .debug_line    0x0000000000004793      0x2e8 Source\Drivers\Internal\text_lcd.o
 .debug_line    0x0000000000004a7b      0x1eb Source\Drivers\Internal\spi.o
 .debug_line    0x0000000000004c66      0x233 Source\Drivers\Internal\segment.o
 .debug_line    0x0000000000004e99      0x207 Source\Drivers\Internal\pwm.o
 .debug_line    0x00000000000050a0      0x65d c:/rapidittyde0/plugins/com.ttesystems.tte32.tools.win32_2.4.0/files/bin/../lib/gcc/mipsel-elf/4.4.5/soft-float\libsyscalls.a(syscalls.o)
 .debug_line    0x00000000000056fd      0x2d4 c:/rapidittyde0/plugins/com.ttesystems.tte32.tools.win32_2.4.0/files/bin/../lib/gcc/mipsel-elf/4.4.5/../../../../mipsel-elf/lib/soft-float\libc.a(lib_a-errno.o)
 .debug_line    0x00000000000059d1      0x2af c:/rapidittyde0/plugins/com.ttesystems.tte32.tools.win32_2.4.0/files/bin/../lib/gcc/mipsel-elf/4.4.5/../../../../mipsel-elf/lib/soft-float\libc.a(lib_a-impure.o)
 .debug_line    0x0000000000005c80      0x304 c:/rapidittyde0/plugins/com.ttesystems.tte32.tools.win32_2.4.0/files/bin/../lib/gcc/mipsel-elf/4.4.5/../../../../mipsel-elf/lib/soft-float\libc.a(lib_a-strcmp.o)
 .debug_line    0x0000000000005f84      0x168 c:/rapidittyde0/plugins/com.ttesystems.tte32.tools.win32_2.4.0/files/bin/../lib/gcc/mipsel-elf/4.4.5/soft-float\libgcc.a(_addsub_df.o)
 .debug_line    0x00000000000060ec      0x125 c:/rapidittyde0/plugins/com.ttesystems.tte32.tools.win32_2.4.0/files/bin/../lib/gcc/mipsel-elf/4.4.5/soft-float\libgcc.a(_mul_df.o)
 .debug_line    0x0000000000006211       0xbf c:/rapidittyde0/plugins/com.ttesystems.tte32.tools.win32_2.4.0/files/bin/../lib/gcc/mipsel-elf/4.4.5/soft-float\libgcc.a(_si_to_df.o)
 .debug_line    0x00000000000062d0       0xad c:/rapidittyde0/plugins/com.ttesystems.tte32.tools.win32_2.4.0/files/bin/../lib/gcc/mipsel-elf/4.4.5/soft-float\libgcc.a(_df_to_si.o)
 .debug_line    0x000000000000637d       0x79 c:/rapidittyde0/plugins/com.ttesystems.tte32.tools.win32_2.4.0/files/bin/../lib/gcc/mipsel-elf/4.4.5/soft-float\libgcc.a(_thenan_df.o)
 .debug_line    0x00000000000063f6       0x7b c:/rapidittyde0/plugins/com.ttesystems.tte32.tools.win32_2.4.0/files/bin/../lib/gcc/mipsel-elf/4.4.5/soft-float\libgcc.a(_ucmpdi2.o)
 .debug_line    0x0000000000006471       0x91 c:/rapidittyde0/plugins/com.ttesystems.tte32.tools.win32_2.4.0/files/bin/../lib/gcc/mipsel-elf/4.4.5/soft-float\libgcc.a(_clzsi2.o)
 .debug_line    0x0000000000006502       0xde c:/rapidittyde0/plugins/com.ttesystems.tte32.tools.win32_2.4.0/files/bin/../lib/gcc/mipsel-elf/4.4.5/soft-float\libgcc.a(_pack_df.o)
 .debug_line    0x00000000000065e0       0xc6 c:/rapidittyde0/plugins/com.ttesystems.tte32.tools.win32_2.4.0/files/bin/../lib/gcc/mipsel-elf/4.4.5/soft-float\libgcc.a(_unpack_df.o)
 .debug_line    0x00000000000066a6       0x84 c:/rapidittyde0/plugins/com.ttesystems.tte32.tools.win32_2.4.0/files/bin/../lib/gcc/mipsel-elf/4.4.5/soft-float\libgcc.a(_lshrdi3.o)
 .debug_line    0x000000000000672a       0x84 c:/rapidittyde0/plugins/com.ttesystems.tte32.tools.win32_2.4.0/files/bin/../lib/gcc/mipsel-elf/4.4.5/soft-float\libgcc.a(_ashldi3.o)
 .debug_line    0x00000000000067ae       0x65 c:/rapidittyde0/plugins/com.ttesystems.tte32.tools.win32_2.4.0/files/bin/../lib/gcc/mipsel-elf/4.4.5/soft-float\libgcc.a(_clz.o)

.debug_macinfo  0x0000000000000000    0x5300b
 .debug_macinfo
                0x0000000000000000     0x28ce Source\main.o
 .debug_macinfo
                0x00000000000028ce     0x2c9e Source\config.o
 .debug_macinfo
                0x000000000000556c     0x2b04 Source\Tasks\tasks.o
 .debug_macinfo
                0x0000000000008070     0x2937 Source\Tasks\object_detection\object_detection.o
 .debug_macinfo
                0x000000000000a9a7     0x4824 Source\Tasks\System_Control\system_control.o
 .debug_macinfo
                0x000000000000f1cb     0x2be9 Source\Tasks\Read_Enc\read_enc.o
 .debug_macinfo
                0x0000000000011db4     0x4731 Source\Tasks\Motor_Right\motor_right.o
 .debug_macinfo
                0x00000000000164e5     0x4730 Source\Tasks\Motor_Left\motor_left.o
 .debug_macinfo
                0x000000000001ac15     0x56f1 Source\Tasks\Message_Sender\message_sender.o
 .debug_macinfo
                0x0000000000020306     0x2be8 Source\Tasks\Flashing_LED\flashing_led.o
 .debug_macinfo
                0x0000000000022eee     0x4825 Source\Tasks\Course_Corrector\course_corrector.o
 .debug_macinfo
                0x0000000000027713     0x2be2 Source\Tasks\CAN_relay\can_relay.o
 .debug_macinfo
                0x000000000002a2f5     0x28f6 Source\Scheduler\Internal\scheduler.o
 .debug_macinfo
                0x000000000002cbeb     0x28da Source\Scheduler\Internal\log.o
 .debug_macinfo
                0x000000000002f4c5     0x28c8 Source\Scheduler\Internal\interrupt.o
 .debug_macinfo
                0x0000000000031d8d     0x4eee Source\Drivers\Internal\uart.o
 .debug_macinfo
                0x0000000000036c7b     0x2710 Source\Drivers\Internal\timer.o
 .debug_macinfo
                0x000000000003938b     0x29a3 Source\Drivers\Internal\text_lcd.o
 .debug_macinfo
                0x000000000003bd2e     0x270e Source\Drivers\Internal\spi.o
 .debug_macinfo
                0x000000000003e43c     0x2716 Source\Drivers\Internal\segment.o
 .debug_macinfo
                0x0000000000040b52     0x2712 Source\Drivers\Internal\pwm.o
 .debug_macinfo
                0x0000000000043264     0x4fdd c:/rapidittyde0/plugins/com.ttesystems.tte32.tools.win32_2.4.0/files/bin/../lib/gcc/mipsel-elf/4.4.5/soft-float\libsyscalls.a(syscalls.o)
 .debug_macinfo
                0x0000000000048241     0x3bf5 c:/rapidittyde0/plugins/com.ttesystems.tte32.tools.win32_2.4.0/files/bin/../lib/gcc/mipsel-elf/4.4.5/../../../../mipsel-elf/lib/soft-float\libc.a(lib_a-errno.o)
 .debug_macinfo
                0x000000000004be36     0x36c8 c:/rapidittyde0/plugins/com.ttesystems.tte32.tools.win32_2.4.0/files/bin/../lib/gcc/mipsel-elf/4.4.5/../../../../mipsel-elf/lib/soft-float\libc.a(lib_a-impure.o)
 .debug_macinfo
                0x000000000004f4fe     0x3b0d c:/rapidittyde0/plugins/com.ttesystems.tte32.tools.win32_2.4.0/files/bin/../lib/gcc/mipsel-elf/4.4.5/../../../../mipsel-elf/lib/soft-float\libc.a(lib_a-strcmp.o)

.debug_frame    0x0000000000000000      0xea0
 .debug_frame   0x0000000000000000       0x38 Source\main.o
 .debug_frame   0x0000000000000038       0x28 Source\Tasks\tasks.o
 .debug_frame   0x0000000000000060       0x30 Source\Tasks\object_detection\object_detection.o
 .debug_frame   0x0000000000000090       0x30 Source\Tasks\System_Control\system_control.o
 .debug_frame   0x00000000000000c0       0x30 Source\Tasks\Read_Enc\read_enc.o
 .debug_frame   0x00000000000000f0       0x80 Source\Tasks\Motor_Right\motor_right.o
 .debug_frame   0x0000000000000170       0x68 Source\Tasks\Motor_Left\motor_left.o
 .debug_frame   0x00000000000001d8       0xa4 Source\Tasks\Message_Sender\message_sender.o
 .debug_frame   0x000000000000027c       0x30 Source\Tasks\Flashing_LED\flashing_led.o
 .debug_frame   0x00000000000002ac       0x30 Source\Tasks\Course_Corrector\course_corrector.o
 .debug_frame   0x00000000000002dc       0x70 Source\Tasks\CAN_relay\can_relay.o
 .debug_frame   0x000000000000034c       0xb4 Source\Scheduler\Internal\scheduler.o
 .debug_frame   0x0000000000000400      0x1e8 Source\Scheduler\Internal\log.o
 .debug_frame   0x00000000000005e8       0xc8 Source\Scheduler\Internal\interrupt.o
 .debug_frame   0x00000000000006b0      0x168 Source\Drivers\Internal\uart.o
 .debug_frame   0x0000000000000818       0xcc Source\Drivers\Internal\timer.o
 .debug_frame   0x00000000000008e4       0xc0 Source\Drivers\Internal\text_lcd.o
 .debug_frame   0x00000000000009a4       0x40 Source\Drivers\Internal\spi.o
 .debug_frame   0x00000000000009e4       0xb4 Source\Drivers\Internal\segment.o
 .debug_frame   0x0000000000000a98       0x70 Source\Drivers\Internal\pwm.o
 .debug_frame   0x0000000000000b08      0x174 c:/rapidittyde0/plugins/com.ttesystems.tte32.tools.win32_2.4.0/files/bin/../lib/gcc/mipsel-elf/4.4.5/soft-float\libsyscalls.a(syscalls.o)
 .debug_frame   0x0000000000000c7c       0x20 c:/rapidittyde0/plugins/com.ttesystems.tte32.tools.win32_2.4.0/files/bin/../lib/gcc/mipsel-elf/4.4.5/../../../../mipsel-elf/lib/soft-float\libc.a(lib_a-errno.o)
 .debug_frame   0x0000000000000c9c       0x20 c:/rapidittyde0/plugins/com.ttesystems.tte32.tools.win32_2.4.0/files/bin/../lib/gcc/mipsel-elf/4.4.5/../../../../mipsel-elf/lib/soft-float\libc.a(lib_a-strcmp.o)
 .debug_frame   0x0000000000000cbc       0x84 c:/rapidittyde0/plugins/com.ttesystems.tte32.tools.win32_2.4.0/files/bin/../lib/gcc/mipsel-elf/4.4.5/soft-float\libgcc.a(_addsub_df.o)
 .debug_frame   0x0000000000000d40       0x30 c:/rapidittyde0/plugins/com.ttesystems.tte32.tools.win32_2.4.0/files/bin/../lib/gcc/mipsel-elf/4.4.5/soft-float\libgcc.a(_mul_df.o)
 .debug_frame   0x0000000000000d70       0x2c c:/rapidittyde0/plugins/com.ttesystems.tte32.tools.win32_2.4.0/files/bin/../lib/gcc/mipsel-elf/4.4.5/soft-float\libgcc.a(_si_to_df.o)
 .debug_frame   0x0000000000000d9c       0x28 c:/rapidittyde0/plugins/com.ttesystems.tte32.tools.win32_2.4.0/files/bin/../lib/gcc/mipsel-elf/4.4.5/soft-float\libgcc.a(_df_to_si.o)
 .debug_frame   0x0000000000000dc4       0x20 c:/rapidittyde0/plugins/com.ttesystems.tte32.tools.win32_2.4.0/files/bin/../lib/gcc/mipsel-elf/4.4.5/soft-float\libgcc.a(_ucmpdi2.o)
 .debug_frame   0x0000000000000de4       0x20 c:/rapidittyde0/plugins/com.ttesystems.tte32.tools.win32_2.4.0/files/bin/../lib/gcc/mipsel-elf/4.4.5/soft-float\libgcc.a(_clzsi2.o)
 .debug_frame   0x0000000000000e04       0x3c c:/rapidittyde0/plugins/com.ttesystems.tte32.tools.win32_2.4.0/files/bin/../lib/gcc/mipsel-elf/4.4.5/soft-float\libgcc.a(_pack_df.o)
 .debug_frame   0x0000000000000e40       0x20 c:/rapidittyde0/plugins/com.ttesystems.tte32.tools.win32_2.4.0/files/bin/../lib/gcc/mipsel-elf/4.4.5/soft-float\libgcc.a(_unpack_df.o)
 .debug_frame   0x0000000000000e60       0x20 c:/rapidittyde0/plugins/com.ttesystems.tte32.tools.win32_2.4.0/files/bin/../lib/gcc/mipsel-elf/4.4.5/soft-float\libgcc.a(_lshrdi3.o)
 .debug_frame   0x0000000000000e80       0x20 c:/rapidittyde0/plugins/com.ttesystems.tte32.tools.win32_2.4.0/files/bin/../lib/gcc/mipsel-elf/4.4.5/soft-float\libgcc.a(_ashldi3.o)

.debug_loc      0x0000000000000000     0x2675
 .debug_loc     0x0000000000000000       0x1f Source\main.o
 .debug_loc     0x000000000000001f       0x1f Source\Tasks\tasks.o
 .debug_loc     0x000000000000003e      0x111 Source\Tasks\Motor_Right\motor_right.o
 .debug_loc     0x000000000000014f       0xf2 Source\Tasks\Motor_Left\motor_left.o
 .debug_loc     0x0000000000000241      0x1c0 Source\Tasks\Message_Sender\message_sender.o
 .debug_loc     0x0000000000000401       0x26 Source\Tasks\Flashing_LED\flashing_led.o
 .debug_loc     0x0000000000000427       0xf2 Source\Scheduler\Internal\scheduler.o
 .debug_loc     0x0000000000000519      0x4c1 Source\Scheduler\Internal\log.o
 .debug_loc     0x00000000000009da       0xa4 Source\Scheduler\Internal\interrupt.o
 .debug_loc     0x0000000000000a7e      0x447 Source\Drivers\Internal\uart.o
 .debug_loc     0x0000000000000ec5      0x1b9 Source\Drivers\Internal\timer.o
 .debug_loc     0x000000000000107e      0x569 Source\Drivers\Internal\text_lcd.o
 .debug_loc     0x00000000000015e7       0x4c Source\Drivers\Internal\spi.o
 .debug_loc     0x0000000000001633       0xb9 Source\Drivers\Internal\segment.o
 .debug_loc     0x00000000000016ec       0x5b Source\Drivers\Internal\pwm.o
 .debug_loc     0x0000000000001747      0x2a0 c:/rapidittyde0/plugins/com.ttesystems.tte32.tools.win32_2.4.0/files/bin/../lib/gcc/mipsel-elf/4.4.5/soft-float\libsyscalls.a(syscalls.o)
 .debug_loc     0x00000000000019e7       0xbf c:/rapidittyde0/plugins/com.ttesystems.tte32.tools.win32_2.4.0/files/bin/../lib/gcc/mipsel-elf/4.4.5/../../../../mipsel-elf/lib/soft-float\libc.a(lib_a-strcmp.o)
 .debug_loc     0x0000000000001aa6      0x3cc c:/rapidittyde0/plugins/com.ttesystems.tte32.tools.win32_2.4.0/files/bin/../lib/gcc/mipsel-elf/4.4.5/soft-float\libgcc.a(_addsub_df.o)
 .debug_loc     0x0000000000001e72      0x2b7 c:/rapidittyde0/plugins/com.ttesystems.tte32.tools.win32_2.4.0/files/bin/../lib/gcc/mipsel-elf/4.4.5/soft-float\libgcc.a(_mul_df.o)
 .debug_loc     0x0000000000002129       0xa5 c:/rapidittyde0/plugins/com.ttesystems.tte32.tools.win32_2.4.0/files/bin/../lib/gcc/mipsel-elf/4.4.5/soft-float\libgcc.a(_si_to_df.o)
 .debug_loc     0x00000000000021ce       0x6b c:/rapidittyde0/plugins/com.ttesystems.tte32.tools.win32_2.4.0/files/bin/../lib/gcc/mipsel-elf/4.4.5/soft-float\libgcc.a(_df_to_si.o)
 .debug_loc     0x0000000000002239       0x50 c:/rapidittyde0/plugins/com.ttesystems.tte32.tools.win32_2.4.0/files/bin/../lib/gcc/mipsel-elf/4.4.5/soft-float\libgcc.a(_ucmpdi2.o)
 .debug_loc     0x0000000000002289       0x34 c:/rapidittyde0/plugins/com.ttesystems.tte32.tools.win32_2.4.0/files/bin/../lib/gcc/mipsel-elf/4.4.5/soft-float\libgcc.a(_clzsi2.o)
 .debug_loc     0x00000000000022bd      0x1a8 c:/rapidittyde0/plugins/com.ttesystems.tte32.tools.win32_2.4.0/files/bin/../lib/gcc/mipsel-elf/4.4.5/soft-float\libgcc.a(_pack_df.o)
 .debug_loc     0x0000000000002465       0xf4 c:/rapidittyde0/plugins/com.ttesystems.tte32.tools.win32_2.4.0/files/bin/../lib/gcc/mipsel-elf/4.4.5/soft-float\libgcc.a(_unpack_df.o)
 .debug_loc     0x0000000000002559       0x8e c:/rapidittyde0/plugins/com.ttesystems.tte32.tools.win32_2.4.0/files/bin/../lib/gcc/mipsel-elf/4.4.5/soft-float\libgcc.a(_lshrdi3.o)
 .debug_loc     0x00000000000025e7       0x8e c:/rapidittyde0/plugins/com.ttesystems.tte32.tools.win32_2.4.0/files/bin/../lib/gcc/mipsel-elf/4.4.5/soft-float\libgcc.a(_ashldi3.o)

.debug_pubnames
                0x0000000000000000     0x3767
 .debug_pubnames
                0x0000000000000000       0x33 Source\main.o
 .debug_pubnames
                0x0000000000000033      0x3db Source\config.o
 .debug_pubnames
                0x000000000000040e      0x3cb Source\Tasks\tasks.o
 .debug_pubnames
                0x00000000000007d9      0x3f2 Source\Tasks\object_detection\object_detection.o
 .debug_pubnames
                0x0000000000000bcb      0x40d Source\Tasks\System_Control\system_control.o
 .debug_pubnames
                0x0000000000000fd8      0x474 Source\Tasks\Read_Enc\read_enc.o
 .debug_pubnames
                0x000000000000144c      0x43d Source\Tasks\Motor_Right\motor_right.o
 .debug_pubnames
                0x0000000000001889      0x424 Source\Tasks\Motor_Left\motor_left.o
 .debug_pubnames
                0x0000000000001cad      0x4c4 Source\Tasks\Message_Sender\message_sender.o
 .debug_pubnames
                0x0000000000002171      0x3ea Source\Tasks\Flashing_LED\flashing_led.o
 .debug_pubnames
                0x000000000000255b      0x3f2 Source\Tasks\Course_Corrector\course_corrector.o
 .debug_pubnames
                0x000000000000294d      0x47f Source\Tasks\CAN_relay\can_relay.o
 .debug_pubnames
                0x0000000000002dcc       0x77 Source\Scheduler\Internal\scheduler.o
 .debug_pubnames
                0x0000000000002e43      0x166 Source\Scheduler\Internal\log.o
 .debug_pubnames
                0x0000000000002fa9      0x103 Source\Scheduler\Internal\interrupt.o
 .debug_pubnames
                0x00000000000030ac       0xf7 Source\Drivers\Internal\uart.o
 .debug_pubnames
                0x00000000000031a3       0xdd Source\Drivers\Internal\timer.o
 .debug_pubnames
                0x0000000000003280       0x96 Source\Drivers\Internal\text_lcd.o
 .debug_pubnames
                0x0000000000003316       0x3a Source\Drivers\Internal\spi.o
 .debug_pubnames
                0x0000000000003350       0x7d Source\Drivers\Internal\segment.o
 .debug_pubnames
                0x00000000000033cd       0x70 Source\Drivers\Internal\pwm.o
 .debug_pubnames
                0x000000000000343d      0x128 c:/rapidittyde0/plugins/com.ttesystems.tte32.tools.win32_2.4.0/files/bin/../lib/gcc/mipsel-elf/4.4.5/soft-float\libsyscalls.a(syscalls.o)
 .debug_pubnames
                0x0000000000003565       0x1e c:/rapidittyde0/plugins/com.ttesystems.tte32.tools.win32_2.4.0/files/bin/../lib/gcc/mipsel-elf/4.4.5/../../../../mipsel-elf/lib/soft-float\libc.a(lib_a-errno.o)
 .debug_pubnames
                0x0000000000003583       0x39 c:/rapidittyde0/plugins/com.ttesystems.tte32.tools.win32_2.4.0/files/bin/../lib/gcc/mipsel-elf/4.4.5/../../../../mipsel-elf/lib/soft-float\libc.a(lib_a-impure.o)
 .debug_pubnames
                0x00000000000035bc       0x1d c:/rapidittyde0/plugins/com.ttesystems.tte32.tools.win32_2.4.0/files/bin/../lib/gcc/mipsel-elf/4.4.5/../../../../mipsel-elf/lib/soft-float\libc.a(lib_a-strcmp.o)
 .debug_pubnames
                0x00000000000035d9       0x2c c:/rapidittyde0/plugins/com.ttesystems.tte32.tools.win32_2.4.0/files/bin/../lib/gcc/mipsel-elf/4.4.5/soft-float\libgcc.a(_addsub_df.o)
 .debug_pubnames
                0x0000000000003605       0x1f c:/rapidittyde0/plugins/com.ttesystems.tte32.tools.win32_2.4.0/files/bin/../lib/gcc/mipsel-elf/4.4.5/soft-float\libgcc.a(_mul_df.o)
 .debug_pubnames
                0x0000000000003624       0x22 c:/rapidittyde0/plugins/com.ttesystems.tte32.tools.win32_2.4.0/files/bin/../lib/gcc/mipsel-elf/4.4.5/soft-float\libgcc.a(_si_to_df.o)
 .debug_pubnames
                0x0000000000003646       0x20 c:/rapidittyde0/plugins/com.ttesystems.tte32.tools.win32_2.4.0/files/bin/../lib/gcc/mipsel-elf/4.4.5/soft-float\libgcc.a(_df_to_si.o)
 .debug_pubnames
                0x0000000000003666       0x22 c:/rapidittyde0/plugins/com.ttesystems.tte32.tools.win32_2.4.0/files/bin/../lib/gcc/mipsel-elf/4.4.5/soft-float\libgcc.a(_thenan_df.o)
 .debug_pubnames
                0x0000000000003688       0x20 c:/rapidittyde0/plugins/com.ttesystems.tte32.tools.win32_2.4.0/files/bin/../lib/gcc/mipsel-elf/4.4.5/soft-float\libgcc.a(_ucmpdi2.o)
 .debug_pubnames
                0x00000000000036a8       0x1f c:/rapidittyde0/plugins/com.ttesystems.tte32.tools.win32_2.4.0/files/bin/../lib/gcc/mipsel-elf/4.4.5/soft-float\libgcc.a(_clzsi2.o)
 .debug_pubnames
                0x00000000000036c7       0x1f c:/rapidittyde0/plugins/com.ttesystems.tte32.tools.win32_2.4.0/files/bin/../lib/gcc/mipsel-elf/4.4.5/soft-float\libgcc.a(_pack_df.o)
 .debug_pubnames
                0x00000000000036e6       0x21 c:/rapidittyde0/plugins/com.ttesystems.tte32.tools.win32_2.4.0/files/bin/../lib/gcc/mipsel-elf/4.4.5/soft-float\libgcc.a(_unpack_df.o)
 .debug_pubnames
                0x0000000000003707       0x20 c:/rapidittyde0/plugins/com.ttesystems.tte32.tools.win32_2.4.0/files/bin/../lib/gcc/mipsel-elf/4.4.5/soft-float\libgcc.a(_lshrdi3.o)
 .debug_pubnames
                0x0000000000003727       0x20 c:/rapidittyde0/plugins/com.ttesystems.tte32.tools.win32_2.4.0/files/bin/../lib/gcc/mipsel-elf/4.4.5/soft-float\libgcc.a(_ashldi3.o)
 .debug_pubnames
                0x0000000000003747       0x20 c:/rapidittyde0/plugins/com.ttesystems.tte32.tools.win32_2.4.0/files/bin/../lib/gcc/mipsel-elf/4.4.5/soft-float\libgcc.a(_clz.o)

.debug_aranges  0x0000000000000000      0x7e0
 .debug_aranges
                0x0000000000000000       0x28 Source\main.o
 .debug_aranges
                0x0000000000000028       0x20 Source\Tasks\tasks.o
 .debug_aranges
                0x0000000000000048       0x28 Source\Tasks\object_detection\object_detection.o
 .debug_aranges
                0x0000000000000070       0x28 Source\Tasks\System_Control\system_control.o
 .debug_aranges
                0x0000000000000098       0x28 Source\Tasks\Read_Enc\read_enc.o
 .debug_aranges
                0x00000000000000c0       0x40 Source\Tasks\Motor_Right\motor_right.o
 .debug_aranges
                0x0000000000000100       0x38 Source\Tasks\Motor_Left\motor_left.o
 .debug_aranges
                0x0000000000000138       0x40 Source\Tasks\Message_Sender\message_sender.o
 .debug_aranges
                0x0000000000000178       0x28 Source\Tasks\Flashing_LED\flashing_led.o
 .debug_aranges
                0x00000000000001a0       0x28 Source\Tasks\Course_Corrector\course_corrector.o
 .debug_aranges
                0x00000000000001c8       0x48 Source\Tasks\CAN_relay\can_relay.o
 .debug_aranges
                0x0000000000000210       0x50 Source\System\startup.o
 .debug_aranges
                0x0000000000000260       0x40 Source\Scheduler\Internal\scheduler.o
 .debug_aranges
                0x00000000000002a0       0xb0 Source\Scheduler\Internal\log.o
 .debug_aranges
                0x0000000000000350       0x70 Source\Scheduler\Internal\interrupt.o
 .debug_aranges
                0x00000000000003c0       0x78 Source\Drivers\Internal\uart.o
 .debug_aranges
                0x0000000000000438       0x70 Source\Drivers\Internal\timer.o
 .debug_aranges
                0x00000000000004a8       0x50 Source\Drivers\Internal\text_lcd.o
 .debug_aranges
                0x00000000000004f8       0x30 Source\Drivers\Internal\spi.o
 .debug_aranges
                0x0000000000000528       0x40 Source\Drivers\Internal\segment.o
 .debug_aranges
                0x0000000000000568       0x40 Source\Drivers\Internal\pwm.o
 .debug_aranges
                0x00000000000005a8       0xb8 c:/rapidittyde0/plugins/com.ttesystems.tte32.tools.win32_2.4.0/files/bin/../lib/gcc/mipsel-elf/4.4.5/soft-float\libsyscalls.a(syscalls.o)
 .debug_aranges
                0x0000000000000660       0x20 c:/rapidittyde0/plugins/com.ttesystems.tte32.tools.win32_2.4.0/files/bin/../lib/gcc/mipsel-elf/4.4.5/../../../../mipsel-elf/lib/soft-float\libc.a(lib_a-errno.o)
 .debug_aranges
                0x0000000000000680       0x20 c:/rapidittyde0/plugins/com.ttesystems.tte32.tools.win32_2.4.0/files/bin/../lib/gcc/mipsel-elf/4.4.5/../../../../mipsel-elf/lib/soft-float\libc.a(lib_a-strcmp.o)
 .debug_aranges
                0x00000000000006a0       0x20 c:/rapidittyde0/plugins/com.ttesystems.tte32.tools.win32_2.4.0/files/bin/../lib/gcc/mipsel-elf/4.4.5/soft-float\libgcc.a(_addsub_df.o)
 .debug_aranges
                0x00000000000006c0       0x20 c:/rapidittyde0/plugins/com.ttesystems.tte32.tools.win32_2.4.0/files/bin/../lib/gcc/mipsel-elf/4.4.5/soft-float\libgcc.a(_mul_df.o)
 .debug_aranges
                0x00000000000006e0       0x20 c:/rapidittyde0/plugins/com.ttesystems.tte32.tools.win32_2.4.0/files/bin/../lib/gcc/mipsel-elf/4.4.5/soft-float\libgcc.a(_si_to_df.o)
 .debug_aranges
                0x0000000000000700       0x20 c:/rapidittyde0/plugins/com.ttesystems.tte32.tools.win32_2.4.0/files/bin/../lib/gcc/mipsel-elf/4.4.5/soft-float\libgcc.a(_df_to_si.o)
 .debug_aranges
                0x0000000000000720       0x20 c:/rapidittyde0/plugins/com.ttesystems.tte32.tools.win32_2.4.0/files/bin/../lib/gcc/mipsel-elf/4.4.5/soft-float\libgcc.a(_ucmpdi2.o)
 .debug_aranges
                0x0000000000000740       0x20 c:/rapidittyde0/plugins/com.ttesystems.tte32.tools.win32_2.4.0/files/bin/../lib/gcc/mipsel-elf/4.4.5/soft-float\libgcc.a(_clzsi2.o)
 .debug_aranges
                0x0000000000000760       0x20 c:/rapidittyde0/plugins/com.ttesystems.tte32.tools.win32_2.4.0/files/bin/../lib/gcc/mipsel-elf/4.4.5/soft-float\libgcc.a(_pack_df.o)
 .debug_aranges
                0x0000000000000780       0x20 c:/rapidittyde0/plugins/com.ttesystems.tte32.tools.win32_2.4.0/files/bin/../lib/gcc/mipsel-elf/4.4.5/soft-float\libgcc.a(_unpack_df.o)
 .debug_aranges
                0x00000000000007a0       0x20 c:/rapidittyde0/plugins/com.ttesystems.tte32.tools.win32_2.4.0/files/bin/../lib/gcc/mipsel-elf/4.4.5/soft-float\libgcc.a(_lshrdi3.o)
 .debug_aranges
                0x00000000000007c0       0x20 c:/rapidittyde0/plugins/com.ttesystems.tte32.tools.win32_2.4.0/files/bin/../lib/gcc/mipsel-elf/4.4.5/soft-float\libgcc.a(_ashldi3.o)

.debug_ranges   0x0000000000000000      0xf30
 .debug_ranges  0x0000000000000000       0x20 Source\main.o
 .debug_ranges  0x0000000000000020       0x18 Source\Tasks\tasks.o
 .debug_ranges  0x0000000000000038       0x20 Source\Tasks\object_detection\object_detection.o
 .debug_ranges  0x0000000000000058       0xe8 Source\Tasks\System_Control\system_control.o
 .debug_ranges  0x0000000000000140       0x20 Source\Tasks\Read_Enc\read_enc.o
 .debug_ranges  0x0000000000000160       0x90 Source\Tasks\Motor_Right\motor_right.o
 .debug_ranges  0x00000000000001f0       0x88 Source\Tasks\Motor_Left\motor_left.o
 .debug_ranges  0x0000000000000278      0x398 Source\Tasks\Message_Sender\message_sender.o
 .debug_ranges  0x0000000000000610       0x68 Source\Tasks\Flashing_LED\flashing_led.o
 .debug_ranges  0x0000000000000678       0x20 Source\Tasks\Course_Corrector\course_corrector.o
 .debug_ranges  0x0000000000000698       0xc0 Source\Tasks\CAN_relay\can_relay.o
 .debug_ranges  0x0000000000000758       0x48 Source\System\startup.o
 .debug_ranges  0x00000000000007a0      0x108 Source\Scheduler\Internal\scheduler.o
 .debug_ranges  0x00000000000008a8      0x1c8 Source\Scheduler\Internal\log.o
 .debug_ranges  0x0000000000000a70       0x68 Source\Scheduler\Internal\interrupt.o
 .debug_ranges  0x0000000000000ad8       0x70 Source\Drivers\Internal\uart.o
 .debug_ranges  0x0000000000000b48       0xe0 Source\Drivers\Internal\timer.o
 .debug_ranges  0x0000000000000c28       0xa8 Source\Drivers\Internal\text_lcd.o
 .debug_ranges  0x0000000000000cd0       0x40 Source\Drivers\Internal\spi.o
 .debug_ranges  0x0000000000000d10       0x38 Source\Drivers\Internal\segment.o
 .debug_ranges  0x0000000000000d48       0x38 Source\Drivers\Internal\pwm.o
 .debug_ranges  0x0000000000000d80       0xb0 c:/rapidittyde0/plugins/com.ttesystems.tte32.tools.win32_2.4.0/files/bin/../lib/gcc/mipsel-elf/4.4.5/soft-float\libsyscalls.a(syscalls.o)
 .debug_ranges  0x0000000000000e30       0x18 c:/rapidittyde0/plugins/com.ttesystems.tte32.tools.win32_2.4.0/files/bin/../lib/gcc/mipsel-elf/4.4.5/../../../../mipsel-elf/lib/soft-float\libc.a(lib_a-errno.o)
 .debug_ranges  0x0000000000000e48       0x18 c:/rapidittyde0/plugins/com.ttesystems.tte32.tools.win32_2.4.0/files/bin/../lib/gcc/mipsel-elf/4.4.5/../../../../mipsel-elf/lib/soft-float\libc.a(lib_a-strcmp.o)
 .debug_ranges  0x0000000000000e60       0x38 c:/rapidittyde0/plugins/com.ttesystems.tte32.tools.win32_2.4.0/files/bin/../lib/gcc/mipsel-elf/4.4.5/soft-float\libgcc.a(_addsub_df.o)
 .debug_ranges  0x0000000000000e98       0x58 c:/rapidittyde0/plugins/com.ttesystems.tte32.tools.win32_2.4.0/files/bin/../lib/gcc/mipsel-elf/4.4.5/soft-float\libgcc.a(_mul_df.o)
 .debug_ranges  0x0000000000000ef0       0x18 c:/rapidittyde0/plugins/com.ttesystems.tte32.tools.win32_2.4.0/files/bin/../lib/gcc/mipsel-elf/4.4.5/soft-float\libgcc.a(_si_to_df.o)
 .debug_ranges  0x0000000000000f08       0x28 c:/rapidittyde0/plugins/com.ttesystems.tte32.tools.win32_2.4.0/files/bin/../lib/gcc/mipsel-elf/4.4.5/soft-float\libgcc.a(_clzsi2.o)

.debug_str      0x0000000000000000     0x23db
 .debug_str     0x0000000000000000      0x137 Source\main.o
                                        0x175 (size before relaxing)
 .debug_str     0x0000000000000137      0x50e Source\config.o
                                        0x66a (size before relaxing)
 .debug_str     0x0000000000000645       0x23 Source\Tasks\tasks.o
                                        0x5aa (size before relaxing)
 .debug_str     0x0000000000000668       0x62 Source\Tasks\object_detection\object_detection.o
                                        0x5e9 (size before relaxing)
 .debug_str     0x00000000000006ca      0x261 Source\Tasks\System_Control\system_control.o
                                        0x7f4 (size before relaxing)
 .debug_str     0x000000000000092b       0xbb Source\Tasks\Read_Enc\read_enc.o
                                        0x82c (size before relaxing)
 .debug_str     0x00000000000009e6       0xda Source\Tasks\Motor_Right\motor_right.o
                                        0x881 (size before relaxing)
 .debug_str     0x0000000000000ac0       0x78 Source\Tasks\Motor_Left\motor_left.o
                                        0x852 (size before relaxing)
 .debug_str     0x0000000000000b38      0x138 Source\Tasks\Message_Sender\message_sender.o
                                        0x912 (size before relaxing)
 .debug_str     0x0000000000000c70       0x5c Source\Tasks\Flashing_LED\flashing_led.o
                                        0x7ed (size before relaxing)
 .debug_str     0x0000000000000ccc       0x62 Source\Tasks\Course_Corrector\course_corrector.o
                                        0x7bc (size before relaxing)
 .debug_str     0x0000000000000d2e       0xc1 Source\Tasks\CAN_relay\can_relay.o
                                        0x7f1 (size before relaxing)
 .debug_str     0x0000000000000def       0xf4 Source\Scheduler\Internal\scheduler.o
                                        0x2c2 (size before relaxing)
 .debug_str     0x0000000000000ee3      0x237 Source\Scheduler\Internal\log.o
                                        0x42c (size before relaxing)
 .debug_str     0x000000000000111a      0x11a Source\Scheduler\Internal\interrupt.o
                                        0x24d (size before relaxing)
 .debug_str     0x0000000000001234      0x56f Source\Drivers\Internal\uart.o
                                        0x6de (size before relaxing)
 .debug_str     0x00000000000017a3      0x15a Source\Drivers\Internal\timer.o
                                        0x2b4 (size before relaxing)
 .debug_str     0x00000000000018fd       0xfd Source\Drivers\Internal\text_lcd.o
                                        0x281 (size before relaxing)
 .debug_str     0x00000000000019fa       0x8d Source\Drivers\Internal\spi.o
                                        0x1a8 (size before relaxing)
 .debug_str     0x0000000000001a87       0xe2 Source\Drivers\Internal\segment.o
                                        0x1ff (size before relaxing)
 .debug_str     0x0000000000001b69       0xd5 Source\Drivers\Internal\pwm.o
                                        0x1df (size before relaxing)
 .debug_str     0x0000000000001c3e      0x25a c:/rapidittyde0/plugins/com.ttesystems.tte32.tools.win32_2.4.0/files/bin/../lib/gcc/mipsel-elf/4.4.5/soft-float\libsyscalls.a(syscalls.o)
                                        0x74d (size before relaxing)
 .debug_str     0x0000000000001e98       0xae c:/rapidittyde0/plugins/com.ttesystems.tte32.tools.win32_2.4.0/files/bin/../lib/gcc/mipsel-elf/4.4.5/../../../../mipsel-elf/lib/soft-float\libc.a(lib_a-errno.o)
                                        0x4fe (size before relaxing)
 .debug_str     0x0000000000001f46       0xc6 c:/rapidittyde0/plugins/com.ttesystems.tte32.tools.win32_2.4.0/files/bin/../lib/gcc/mipsel-elf/4.4.5/../../../../mipsel-elf/lib/soft-float\libc.a(lib_a-impure.o)
                                        0x516 (size before relaxing)
 .debug_str     0x000000000000200c       0xc4 c:/rapidittyde0/plugins/com.ttesystems.tte32.tools.win32_2.4.0/files/bin/../lib/gcc/mipsel-elf/4.4.5/../../../../mipsel-elf/lib/soft-float\libc.a(lib_a-strcmp.o)
                                        0x159 (size before relaxing)
 .debug_str     0x00000000000020d0      0x1b6 c:/rapidittyde0/plugins/com.ttesystems.tte32.tools.win32_2.4.0/files/bin/../lib/gcc/mipsel-elf/4.4.5/soft-float\libgcc.a(_addsub_df.o)
                                        0x257 (size before relaxing)
 .debug_str     0x0000000000002286       0x45 c:/rapidittyde0/plugins/com.ttesystems.tte32.tools.win32_2.4.0/files/bin/../lib/gcc/mipsel-elf/4.4.5/soft-float\libgcc.a(_mul_df.o)
                                        0x229 (size before relaxing)
 .debug_str     0x00000000000022cb       0x1e c:/rapidittyde0/plugins/com.ttesystems.tte32.tools.win32_2.4.0/files/bin/../lib/gcc/mipsel-elf/4.4.5/soft-float\libgcc.a(_si_to_df.o)
                                        0x1be (size before relaxing)
 .debug_str     0x00000000000022e9        0xa c:/rapidittyde0/plugins/com.ttesystems.tte32.tools.win32_2.4.0/files/bin/../lib/gcc/mipsel-elf/4.4.5/soft-float\libgcc.a(_df_to_si.o)
                                        0x1e7 (size before relaxing)
 .debug_str     0x0000000000000000      0x183 c:/rapidittyde0/plugins/com.ttesystems.tte32.tools.win32_2.4.0/files/bin/../lib/gcc/mipsel-elf/4.4.5/soft-float\libgcc.a(_thenan_df.o)
 .debug_str     0x00000000000022f3       0x80 c:/rapidittyde0/plugins/com.ttesystems.tte32.tools.win32_2.4.0/files/bin/../lib/gcc/mipsel-elf/4.4.5/soft-float\libgcc.a(_ucmpdi2.o)
                                        0x188 (size before relaxing)
 .debug_str     0x0000000000002373       0x20 c:/rapidittyde0/plugins/com.ttesystems.tte32.tools.win32_2.4.0/files/bin/../lib/gcc/mipsel-elf/4.4.5/soft-float\libgcc.a(_clzsi2.o)
                                        0x179 (size before relaxing)
 .debug_str     0x0000000000002393       0x10 c:/rapidittyde0/plugins/com.ttesystems.tte32.tools.win32_2.4.0/files/bin/../lib/gcc/mipsel-elf/4.4.5/soft-float\libgcc.a(_pack_df.o)
                                        0x1e6 (size before relaxing)
 .debug_str     0x00000000000023a3        0xb c:/rapidittyde0/plugins/com.ttesystems.tte32.tools.win32_2.4.0/files/bin/../lib/gcc/mipsel-elf/4.4.5/soft-float\libgcc.a(_unpack_df.o)
                                        0x1c8 (size before relaxing)
 .debug_str     0x00000000000023ae       0x23 c:/rapidittyde0/plugins/com.ttesystems.tte32.tools.win32_2.4.0/files/bin/../lib/gcc/mipsel-elf/4.4.5/soft-float\libgcc.a(_lshrdi3.o)
                                        0x199 (size before relaxing)
 .debug_str     0x00000000000023d1        0xa c:/rapidittyde0/plugins/com.ttesystems.tte32.tools.win32_2.4.0/files/bin/../lib/gcc/mipsel-elf/4.4.5/soft-float\libgcc.a(_ashldi3.o)
                                        0x199 (size before relaxing)
 .debug_str     0x0000000000000000      0x15c c:/rapidittyde0/plugins/com.ttesystems.tte32.tools.win32_2.4.0/files/bin/../lib/gcc/mipsel-elf/4.4.5/soft-float\libgcc.a(_clz.o)
