Archive member included because of file (symbol)

c:/rapidittyde0/plugins/com.ttesystems.tte32.tools.win32_2.4.0/files/bin/../lib/gcc/mipsel-elf/4.4.5/soft-float\libsyscalls.a(syscalls.o)
                              Source\main.o (Device_Add)
c:/rapidittyde0/plugins/com.ttesystems.tte32.tools.win32_2.4.0/files/bin/../lib/gcc/mipsel-elf/4.4.5/../../../../mipsel-elf/lib/soft-float\libc.a(lib_a-errno.o)
                              c:/rapidittyde0/plugins/com.ttesystems.tte32.tools.win32_2.4.0/files/bin/../lib/gcc/mipsel-elf/4.4.5/soft-float\libsyscalls.a(syscalls.o) (__errno)
c:/rapidittyde0/plugins/com.ttesystems.tte32.tools.win32_2.4.0/files/bin/../lib/gcc/mipsel-elf/4.4.5/../../../../mipsel-elf/lib/soft-float\libc.a(lib_a-impure.o)
                              c:/rapidittyde0/plugins/com.ttesystems.tte32.tools.win32_2.4.0/files/bin/../lib/gcc/mipsel-elf/4.4.5/../../../../mipsel-elf/lib/soft-float\libc.a(lib_a-errno.o) (_impure_ptr)
c:/rapidittyde0/plugins/com.ttesystems.tte32.tools.win32_2.4.0/files/bin/../lib/gcc/mipsel-elf/4.4.5/../../../../mipsel-elf/lib/soft-float\libc.a(lib_a-strcmp.o)
                              c:/rapidittyde0/plugins/com.ttesystems.tte32.tools.win32_2.4.0/files/bin/../lib/gcc/mipsel-elf/4.4.5/soft-float\libsyscalls.a(syscalls.o) (strcmp)
c:/rapidittyde0/plugins/com.ttesystems.tte32.tools.win32_2.4.0/files/bin/../lib/gcc/mipsel-elf/4.4.5/soft-float\libgcc.a(_addsub_df.o)
                              Source\Tasks\Motor_Right\motor_right.o (__adddf3)
c:/rapidittyde0/plugins/com.ttesystems.tte32.tools.win32_2.4.0/files/bin/../lib/gcc/mipsel-elf/4.4.5/soft-float\libgcc.a(_mul_df.o)
                              Source\Tasks\Motor_Right\motor_right.o (__muldf3)
c:/rapidittyde0/plugins/com.ttesystems.tte32.tools.win32_2.4.0/files/bin/../lib/gcc/mipsel-elf/4.4.5/soft-float\libgcc.a(_si_to_df.o)
                              Source\Tasks\Motor_Right\motor_right.o (__floatsidf)
c:/rapidittyde0/plugins/com.ttesystems.tte32.tools.win32_2.4.0/files/bin/../lib/gcc/mipsel-elf/4.4.5/soft-float\libgcc.a(_df_to_si.o)
                              Source\Tasks\Motor_Right\motor_right.o (__fixdfsi)
c:/rapidittyde0/plugins/com.ttesystems.tte32.tools.win32_2.4.0/files/bin/../lib/gcc/mipsel-elf/4.4.5/soft-float\libgcc.a(_thenan_df.o)
                              c:/rapidittyde0/plugins/com.ttesystems.tte32.tools.win32_2.4.0/files/bin/../lib/gcc/mipsel-elf/4.4.5/soft-float\libgcc.a(_addsub_df.o) (__thenan_df)
c:/rapidittyde0/plugins/com.ttesystems.tte32.tools.win32_2.4.0/files/bin/../lib/gcc/mipsel-elf/4.4.5/soft-float\libgcc.a(_ucmpdi2.o)
                              c:/rapidittyde0/plugins/com.ttesystems.tte32.tools.win32_2.4.0/files/bin/../lib/gcc/mipsel-elf/4.4.5/soft-float\libgcc.a(_addsub_df.o) (__ucmpdi2)
c:/rapidittyde0/plugins/com.ttesystems.tte32.tools.win32_2.4.0/files/bin/../lib/gcc/mipsel-elf/4.4.5/soft-float\libgcc.a(_clzsi2.o)
                              c:/rapidittyde0/plugins/com.ttesystems.tte32.tools.win32_2.4.0/files/bin/../lib/gcc/mipsel-elf/4.4.5/soft-float\libgcc.a(_si_to_df.o) (__clzsi2)
c:/rapidittyde0/plugins/com.ttesystems.tte32.tools.win32_2.4.0/files/bin/../lib/gcc/mipsel-elf/4.4.5/soft-float\libgcc.a(_pack_df.o)
                              c:/rapidittyde0/plugins/com.ttesystems.tte32.tools.win32_2.4.0/files/bin/../lib/gcc/mipsel-elf/4.4.5/soft-float\libgcc.a(_addsub_df.o) (__pack_d)
c:/rapidittyde0/plugins/com.ttesystems.tte32.tools.win32_2.4.0/files/bin/../lib/gcc/mipsel-elf/4.4.5/soft-float\libgcc.a(_unpack_df.o)
                              c:/rapidittyde0/plugins/com.ttesystems.tte32.tools.win32_2.4.0/files/bin/../lib/gcc/mipsel-elf/4.4.5/soft-float\libgcc.a(_addsub_df.o) (__unpack_d)
c:/rapidittyde0/plugins/com.ttesystems.tte32.tools.win32_2.4.0/files/bin/../lib/gcc/mipsel-elf/4.4.5/soft-float\libgcc.a(_lshrdi3.o)
                              c:/rapidittyde0/plugins/com.ttesystems.tte32.tools.win32_2.4.0/files/bin/../lib/gcc/mipsel-elf/4.4.5/soft-float\libgcc.a(_pack_df.o) (__lshrdi3)
c:/rapidittyde0/plugins/com.ttesystems.tte32.tools.win32_2.4.0/files/bin/../lib/gcc/mipsel-elf/4.4.5/soft-float\libgcc.a(_ashldi3.o)
                              c:/rapidittyde0/plugins/com.ttesystems.tte32.tools.win32_2.4.0/files/bin/../lib/gcc/mipsel-elf/4.4.5/soft-float\libgcc.a(_pack_df.o) (__ashldi3)
c:/rapidittyde0/plugins/com.ttesystems.tte32.tools.win32_2.4.0/files/bin/../lib/gcc/mipsel-elf/4.4.5/soft-float\libgcc.a(_clz.o)
                              c:/rapidittyde0/plugins/com.ttesystems.tte32.tools.win32_2.4.0/files/bin/../lib/gcc/mipsel-elf/4.4.5/soft-float\libgcc.a(_clzsi2.o) (__clz_tab)

Allocating common symbols
Common symbol       size              file

Target_counts_Left_G
                    0x4               Source\config.o
Motor_Lf_Enc_Track  0x4               Source\config.o
Opponent_detected   0x4               Source\config.o
RX0_ID_Bytes        0x5               Source\Tasks\Message_Sender\message_sender.o
[...]
Memory Configuration

Name             Origin             Length             Attributes
Flash            0x0000000000000000 0x0000000000400000 xr
Code             0x0000000020000000 0x0000000000008000 rw
Data             0x0000000040000000 0x0000000000004000 rw
*default*        0x0000000000000000 0xffffffffffffffff

Linker script and memory map

LOAD Source\main.o
LOAD Source\config.o
LOAD Source\Tasks\tasks.o
LOAD Source\Tasks\object_detection\object_detection.o
LOAD Source\Tasks\System_Control\system_control.o
LOAD Source\Tasks\Read_Enc\read_enc.o
LOAD Source\Tasks\Motor_Right\motor_right.o
LOAD Source\Tasks\Motor_Left\motor_left.o
LOAD Source\Tasks\Message_Sender\message_sender.o
LOAD Source\Tasks\Flashing_LED\flashing_led.o
LOAD Source\Tasks\Course_Corrector\course_corrector.o
LOAD Source\Tasks\CAN_relay\can_relay.o
LOAD Source\System\startup.o
LOAD Source\Scheduler\Internal\scheduler.o
LOAD Source\Scheduler\Internal\log.o
LOAD Source\Scheduler\Internal\interrupt.o
LOAD Source\Drivers\Internal\uart.o
LOAD Source\Drivers\Internal\timer.o
LOAD Source\Drivers\Internal\text_lcd.o
LOAD Source\Drivers\Internal\spi.o
LOAD Source\Drivers\Internal\segment.o
LOAD Source\Drivers\Internal\pwm.o
LOAD c:/rapidittyde0/plugins/com.ttesystems.tte32.tools.win32_2.4.0/files/bin/../lib/gcc/mipsel-elf/4.4.5/soft-float\libsyscalls.a
LOAD c:/rapidittyde0/plugins/com.ttesystems.tte32.tools.win32_2.4.0/files/bin/../lib/gcc/mipsel-elf/4.4.5/../../../../mipsel-elf/lib/soft-float\libc.a
LOAD c:/rapidittyde0/plugins/com.ttesystems.tte32.tools.win32_2.4.0/files/bin/../lib/gcc/mipsel-elf/4.4.5/../../../../mipsel-elf/lib/soft-float\libm.a
                0x0000000000000000                _stext = .
                0x0000000000000000                PROVIDE (stext, .)

.text           0x0000000020000000     0x2e18 load address 0x0000000000000000
                0x0000000020000000                _text = .
 *(.startup)
 .startup       0x0000000020000000      0x158 Source\System\startup.o
                0x0000000020000154                _exit
 *(.text .text.* .gnu.linkonce.t.*)
 .text.DEBUG_Assert_Failed
                0x0000000020000158        0x8 Source\main.o
                0x0000000020000158                DEBUG_Assert_Failed
 .text.main     0x0000000020000160       0x38 Source\main.o
                0x0000000020000160                main
 .text.Tasks_Init
                0x0000000020000198       0x54 Source\Tasks\tasks.o
                0x0000000020000198                Tasks_Init
 .text.object_detection_Init
                0x00000000200001ec        0xc Source\Tasks\object_detection\object_detection.o
                0x00000000200001ec                object_detection_Init
 .text.object_detection_Update
                0x00000000200001f8      0x190 Source\Tasks\object_detection\object_detection.o
                0x00000000200001f8                object_detection_Update
 .text.System_Control_Init
                0x0000000020000388      0x13c Source\Tasks\System_Control\system_control.o
                0x0000000020000388                System_Control_Init
 .text.System_Control_Update
                0x00000000200004c4      0x208 Source\Tasks\System_Control\system_control.o
                0x00000000200004c4                System_Control_Update
 .text.Read_Enc_Init
                0x00000000200006cc       0xa8 Source\Tasks\Read_Enc\read_enc.o
                0x00000000200006cc                Read_Enc_Init
 .text.Read_Enc_Update
                0x0000000020000774      0x18c Source\Tasks\Read_Enc\read_enc.o
                0x0000000020000774                Read_Enc_Update
 .text.speedControlRight
                0x0000000020000900       0x8c Source\Tasks\Motor_Right\motor_right.o
                0x0000000020000900                speedControlRight
 .text.visualsRt
                0x000000002000098c      0x18c Source\Tasks\Motor_Right\motor_right.o
                0x000000002000098c                visualsRt
 .text.Motor_Right_Update
                0x0000000020000b18      0x108 Source\Tasks\Motor_Right\motor_right.o
                0x0000000020000b18                Motor_Right_Update
 .text.Motor_Right_Init
                0x0000000020000c20       0xe4 Source\Tasks\Motor_Right\motor_right.o
                0x0000000020000c20                Motor_Right_Init
 .text.visualsLf
                0x0000000020000d04      0x124 Source\Tasks\Motor_Left\motor_left.o
                0x0000000020000d04                visualsLf
 .text.Motor_Left_Update
                0x0000000020000e28       0xc8 Source\Tasks\Motor_Left\motor_left.o
                0x0000000020000e28                Motor_Left_Update
 .text.Motor_Left_Init
                0x0000000020000ef0       0xe4 Source\Tasks\Motor_Left\motor_left.o
                0x0000000020000ef0                Motor_Left_Init
 .text.spi_receive_CAN
                0x0000000020000fd4       0xe0 Source\Tasks\Message_Sender\message_sender.o
                0x0000000020000fd4                spi_receive_CAN
 .text.spi_buffer_CAN
                0x00000000200010b4       0xc8 Source\Tasks\Message_Sender\message_sender.o
                0x00000000200010b4                spi_buffer_CAN
 .text.Message_Sender_Update
                0x000000002000117c      0x6bc Source\Tasks\Message_Sender\message_sender.o
                0x000000002000117c                Message_Sender_Update
 .text.Message_Sender_Init
                0x0000000020001838       0xcc Source\Tasks\Message_Sender\message_sender.o
                0x0000000020001838                Message_Sender_Init
 .text.Flashing_LED_Init
                0x0000000020001904       0x58 Source\Tasks\Flashing_LED\flashing_led.o
                0x0000000020001904                Flashing_LED_Init
 .text.Flashing_LED_Toggle
                0x000000002000195c       0x8c Source\Tasks\Flashing_LED\flashing_led.o
                0x000000002000195c                Flashing_LED_Toggle
 .text.Course_Corrector_Init
                0x00000000200019e8        0xc Source\Tasks\Course_Corrector\course_corrector.o
                0x00000000200019e8                Course_Corrector_Init
 .text.Course_Corrector_Update
                0x00000000200019f4       0x5c Source\Tasks\Course_Corrector\course_corrector.o
                0x00000000200019f4                Course_Corrector_Update
 .text.CAN_relay_Init
                0x0000000020001a50       0x5c Source\Tasks\CAN_relay\can_relay.o
                0x0000000020001a50                CAN_relay_Init
 .text.CAN_relay_Update
                0x0000000020001aac      0x10c Source\Tasks\CAN_relay\can_relay.o
                0x0000000020001aac                CAN_relay_Update
 .text.Handler  0x0000000020001bb8       0x7c Source\System\startup.o
                0x0000000020001bb8                Handler
                0x0000000020001be0                End_Handler
                0x0000000020001bf0                Excpt_Unused
                0x0000000020001bf8                Excpt_IAbort
                0x0000000020001c04                Excpt_DAbort
                0x0000000020001c0c                Excpt_Syscall
                0x0000000020001c14                Excpt_UndefInst
                0x0000000020001c1c                Excpt_Overflow
                0x0000000020001c24                Excpt_CoPro
                0x0000000020001c2c                Excpt_Break
 .text.InterruptHandler
                0x0000000020001c34      0x134 Source\System\startup.o
                0x0000000020001c34                InterruptHandler
                0x0000000020001d64                End_IRQ_Ptr
 .text.Enable_Interrupts
                0x0000000020001d68       0x30 Source\System\startup.o
                0x0000000020001d68                Enable_Interrupts
 .text.Disable_Interrupts
                0x0000000020001d98       0x38 Source\System\startup.o
                0x0000000020001d98                Disable_Interrupts
 .text.Enter_Sleep_Mode
                0x0000000020001dd0       0x28 Source\System\startup.o
                0x0000000020001dd0                Enter_Sleep_Mode
                0x0000000020001de0                Sleep_Ptr
 .text.LOG_Trigger_Breakpoint
                0x0000000020001df8        0x8 Source\System\startup.o
                0x0000000020001df8                LOG_Trigger_Breakpoint
 .text.Scheduler_Tick
                0x0000000020001e00      0x128 Source\Scheduler\Internal\scheduler.o
                0x0000000020001e00                Scheduler_Tick
                0x0000000020001ed4                Hybrid_End_Label
 .text.Scheduler_Dispatch
                0x0000000020001f28      0x15c Source\Scheduler\Internal\scheduler.o
                0x0000000020001f28                Scheduler_Dispatch
                0x0000000020001fe8                Task_End_Label
 .text.Shutdown_System
                0x0000000020002084       0x1c Source\Scheduler\Internal\scheduler.o
                0x0000000020002084                Shutdown_System
 .text.Scheduler_Start
                0x00000000200020a0       0x28 Source\Scheduler\Internal\scheduler.o
                0x00000000200020a0                Scheduler_Start
 .text.Scheduler_Init
                0x00000000200020c8       0x84 Source\Scheduler\Internal\scheduler.o
                0x00000000200020c8                Scheduler_Init
 .text.Write_32
                0x000000002000214c       0x78 Source\Scheduler\Internal\log.o
                0x000000002000214c                Write_32
 .text.Set_Watch
                0x00000000200021c4       0x98 Source\Scheduler\Internal\log.o
                0x00000000200021c4                Set_Watch
 .text.Get_Watch
                0x000000002000225c       0xa8 Source\Scheduler\Internal\log.o
                0x000000002000225c                Get_Watch
 .text.Log_Reset_Addresses
                0x0000000020002304       0x40 Source\Scheduler\Internal\log.o
                0x0000000020002304                Log_Reset_Addresses
 .text.Log_Idle
                0x0000000020002344       0x28 Source\Scheduler\Internal\log.o
                0x0000000020002344                Log_Idle
 .text.Log_Set_Address
                0x000000002000236c       0x80 Source\Scheduler\Internal\log.o
                0x000000002000236c                Log_Set_Address
 .text.Check_Buffer
                0x00000000200023ec       0x54 Source\Scheduler\Internal\log.o
                0x00000000200023ec                Check_Buffer
 .text.Log_Task_Address
                0x0000000020002440       0x98 Source\Scheduler\Internal\log.o
                0x0000000020002440                Log_Task_Address
 .text.Log_ISR_Time
                0x00000000200024d8       0xe8 Source\Scheduler\Internal\log.o
                0x00000000200024d8                Log_ISR_Time
 .text.Log_Tick_Start
                0x00000000200025c0       0x78 Source\Scheduler\Internal\log.o
                0x00000000200025c0                Log_Tick_Start
 .text.Log_Hybrid_End
                0x0000000020002638       0x30 Source\Scheduler\Internal\log.o
                0x0000000020002638                Log_Hybrid_End
 .text.Log_Hybrid_Start
                0x0000000020002668       0x30 Source\Scheduler\Internal\log.o
                0x0000000020002668                Log_Hybrid_Start
 .text.Log_Time
                0x0000000020002698       0xc0 Source\Scheduler\Internal\log.o
                0x0000000020002698                Log_Time
 .text.Log_Task_End
                0x0000000020002758       0x30 Source\Scheduler\Internal\log.o
                0x0000000020002758                Log_Task_End
 .text.Log_Task_Start
                0x0000000020002788       0x30 Source\Scheduler\Internal\log.o
                0x0000000020002788                Log_Task_Start
 .text.Log_Init
                0x00000000200027b8       0xf4 Source\Scheduler\Internal\log.o
                0x00000000200027b8                Log_Init
 .text.Log_Tick_End
                0x00000000200028ac       0x7c Source\Scheduler\Internal\log.o
                0x00000000200028ac                Log_Tick_End
 .text.Init_Interrupt
                0x0000000020002928       0x24 Source\Scheduler\Internal\interrupt.o
                0x0000000020002928                Init_Interrupt
 .text.Handle_Interrupts
                0x000000002000294c        0x8 Source\Scheduler\Internal\interrupt.o
                0x000000002000294c                Handle_Interrupts
 .text.Enable_Interrupt
                0x0000000020002954       0x38 Source\Scheduler\Internal\interrupt.o
                0x0000000020002954                Enable_Interrupt
 .text.Disable_Interrupt
                0x000000002000298c       0x28 Source\Scheduler\Internal\interrupt.o
                0x000000002000298c                Disable_Interrupt
 .text.Timer_Init
                0x00000000200029b4       0xc0 Source\Drivers\Internal\timer.o
                0x00000000200029b4                Timer_Init
 .text.Timer_Start
                0x0000000020002a74       0x28 Source\Drivers\Internal\timer.o
                0x0000000020002a74                Timer_Start
 .text.SPI_Init
                0x0000000020002a9c       0x34 Source\Drivers\Internal\spi.o
                0x0000000020002a9c                SPI_Init
 .text.SPI_Swap
                0x0000000020002ad0       0x50 Source\Drivers\Internal\spi.o
                0x0000000020002ad0                SPI_Swap
 .text.Segment_Clear_Decimal
                0x0000000020002b20       0x98 Source\Drivers\Internal\segment.o
                0x0000000020002b20                Segment_Clear_Decimal
 .text.Segment_Set_Decimal
                0x0000000020002bb8       0x94 Source\Drivers\Internal\segment.o
                0x0000000020002bb8                Segment_Set_Decimal
 .text.Segment_Write
                0x0000000020002c4c       0xb4 Source\Drivers\Internal\segment.o
                0x0000000020002c4c                Segment_Write
 .text.Segment_Enable
                0x0000000020002d00       0x94 Source\Drivers\Internal\segment.o
                0x0000000020002d00                Segment_Enable
 .text.Device_Add
                0x0000000020002d94       0x84 c:/rapidittyde0/plugins/com.ttesystems.tte32.tools.win32_2.4.0/files/bin/../lib/gcc/mipsel-elf/4.4.5/soft-float\libsyscalls.a(syscalls.o)
                0x0000000020002d94                Device_Add
 *(.init .init.*)
 *(.fini .fini.*)

.rel.dyn        0x0000000020002e18        0x0 load address 0x0000000000002e18
 .rel.dyn       0x0000000000000000        0x0 Source\config.o
                0x0000000020002e18                . = ALIGN (0x4)
                0x0000000020002e18                _etext = .
                0x0000000020002e18                PROVIDE (etext, .)

.data           0x0000000040000000      0x1a0 load address 0x0000000000002e18
                0x0000000040000000                _data = .
                0x0000000040000000                PROVIDE (data, .)
 *(.sdata.config* .data.config*)
 *(.rodata .rodata.*)
 .rodata.str1.4
                0x0000000040000000       0x28 Source\Drivers\Internal\segment.o
 .rodata.segment_decimal
                0x0000000040000028       0x10 Source\Drivers\Internal\segment.o
 .rodata.segment_value
                0x0000000040000038       0x10 Source\Drivers\Internal\segment.o
 .rodata.segment_enabled
                0x0000000040000048       0x10 Source\Drivers\Internal\segment.o
 *(.data .data.* .gnu.linkonce.d.*)
 .data.Tasks    0x0000000040000058       0xd8 Source\config.o
                0x0000000040000058                Tasks
 .data.USR_Stk_Val
                0x0000000040000130        0x4 Source\System\startup.o
                0x0000000040000130                USR_Stk_Val
 .data.INT_Stk_Val
                0x0000000040000134        0x4 Source\System\startup.o
                0x0000000040000134                INT_Stk_Val
 .data.TableBase
                0x0000000040000138       0x40 Source\System\startup.o
                0x0000000040000138                TableBase
 *(.eh_frame .eh_frame.*)
 *(.rdata .rdata.*)
 *(.jcr .jcr.*)
 *(.sdata .sdata.*)
 .sdata.Config_Num_Tasks
                0x0000000040000178        0x4 Source\config.o
                0x0000000040000178                Config_Num_Tasks
 .sdata.displayA
                0x000000004000017c        0x4 Source\Tasks\Motor_Right\motor_right.o
 .sdata.displayB
                0x0000000040000180        0x4 Source\Tasks\Motor_Right\motor_right.o
 .sdata.displayC
                0x0000000040000184        0x4 Source\Tasks\Motor_Right\motor_right.o
 .sdata.displayD
                0x0000000040000188        0x4 Source\Tasks\Motor_Right\motor_right.o
 .sdata.displayC
                0x000000004000018c        0x4 Source\Tasks\Motor_Left\motor_left.o
 .sdata.displayD
                0x0000000040000190        0x4 Source\Tasks\Motor_Left\motor_left.o
 .sdata.idle_index
                0x0000000040000194        0x4 Source\Scheduler\Internal\log.o
 .sdata.log_char
                0x0000000040000198        0x8 Source\Scheduler\Internal\log.o
                0x00000000400001a0                . = ALIGN (0x4)
                0x00000000400001a0                _edata = .
                0x00000000400001a0                PROVIDE (edata, .)
                0x00000000400001a0                _gp = ABSOLUTE (.)

.bss            0x00000000400001a0      0x820 load address 0x0000000000002fb8
                0x00000000400001a0                _bss = .
                0x00000000400001a0                PROVIDE (bss, .)
 *(.sbss .sbss.*)
 .sbss.led_state
                0x00000000400001a0        0x4 Source\Tasks\Flashing_LED\flashing_led.o
 .sbss.current_task
                0x00000000400001a4        0x4 Source\Scheduler\Internal\scheduler.o
 .sbss.system_time
                0x00000000400001a8        0x4 Source\Scheduler\Internal\scheduler.o
 .sbss.single_tick_time
                0x00000000400001ac        0x4 Source\Scheduler\Internal\scheduler.o
 .sbss.last_index
                0x00000000400001b0        0x4 Source\Scheduler\Internal\log.o
 .sbss.previous_time
                0x00000000400001b4        0x4 Source\Scheduler\Internal\log.o
 .sbss.previous_isr_time
                0x00000000400001b8        0x4 Source\Scheduler\Internal\log.o
 .sbss.current_tick
                0x00000000400001bc        0x4 Source\Scheduler\Internal\log.o
 .sbss.buffer_index
                0x00000000400001c0        0x4 Source\Scheduler\Internal\log.o
 .sbss.nesting_level
                0x00000000400001c4        0x4 Source\Scheduler\Internal\interrupt.o
 *(.bss .bss.* .gnu.linkonce.b.*)
 .bss.device_list
                0x00000000400001c8       0x10 c:/rapidittyde0/plugins/com.ttesystems.tte32.tools.win32_2.4.0/files/bin/../lib/gcc/mipsel-elf/4.4.5/soft-float\libsyscalls.a(syscalls.o)
 *(.scommon .scommon.*)
 .scommon       0x00000000400001d8       0xb5 Source\config.o
                0x00000000400001d8                Target_counts_Left_G
                0x00000000400001dc                Motor_Lf_Enc_Track
                0x00000000400001e0                Opponent_detected
                0x00000000400001e4                next_x_map_pos_G
                0x00000000400001e8                robot_x_map_pos_G
                0x00000000400001ec                next_y_map_pos_G
                0x00000000400001f0                Orientation_G
                0x00000000400001f4                next_distance_G
                0x00000000400001f8                next_x_coord_G
                0x00000000400001fc                robot_x_coord_G
                0x0000000040000200                Course_correction_Rt
                0x0000000040000204                canIDRt
                0x0000000040000208                candataLf
                0x0000000040000210                Course_correction_Lf
                0x0000000040000214                canIDSensors
                0x0000000040000218                robot_y_map_pos_G
                0x000000004000021c                delta_x
                0x0000000040000220                Right_motor_direction_G
                0x0000000040000224                WheelCounts_Left_G
                0x0000000040000228                robot_y_coord_G
                0x000000004000022c                opp_x_coord_G
                0x0000000040000230                Left_motor_direction_G
                0x0000000040000234                candataRt
                0x000000004000023c                heading_radians_G
                0x0000000040000240                Pathdriver_Control_G
                0x0000000040000244                servo
                0x000000004000024c                Left_motor_speed_G
                0x000000004000024e                Right_motor_speed_G
                0x0000000040000250                next_wheel_counts_G
                0x0000000040000254                next_y_coord_G
                0x0000000040000258                delta_y
                0x000000004000025c                Team_Colour
                0x0000000040000260                Target_counts_Right_G
                0x0000000040000264                WheelCounts_Right_G
                0x0000000040000268                Pathfinder_Control_G
                0x000000004000026c                Strategy_G
                0x0000000040000270                opp_y_coord_G
                0x0000000040000274                Motor_Rt_Enc_Track
                0x0000000040000278                Script_update
                0x000000004000027c                Script_no_G
                0x0000000040000280                End_Of_MoveRt
                0x0000000040000284                canIDLf
                0x0000000040000288                movement_G
                0x000000004000028c                Path_no_G
 .scommon       0x000000004000028d        0x0 Source\Tasks\tasks.o
 *fill*         0x000000004000028d        0x3 00
 .scommon       0x0000000040000290        0x4 Source\Tasks\object_detection\object_detection.o
                0x0000000040000290                objectFollower
 .scommon       0x0000000040000294        0x5 Source\Tasks\System_Control\system_control.o
                0x0000000040000294                System_Mode_G
                0x0000000040000298                debounce
 *fill*         0x0000000040000299        0x3 00
 .scommon       0x000000004000029c       0x44 Source\Tasks\Read_Enc\read_enc.o
                0x000000004000029c                WheelCount
                0x00000000400002a4                EncSignal_A
                0x00000000400002ac                RevCount
                0x00000000400002b4                EncSignal_B
                0x00000000400002bc                EncoderCount
                0x00000000400002c4                bufferTime
                0x00000000400002c8                WheelDirection
                0x00000000400002d0                Pulse_Flag
                0x00000000400002d8                CountError_Flag
 .scommon       0x00000000400002e0        0x8 Source\Tasks\Motor_Right\motor_right.o
                0x00000000400002e0                Enc_Rt_Old
                0x00000000400002e4                Enc_Rt_Diff
 .scommon       0x00000000400002e8        0x8 Source\Tasks\Motor_Left\motor_left.o
                0x00000000400002e8                Enc_Lf_Diff
                0x00000000400002ec                Enc_Lf_Old
 .scommon       0x00000000400002f0       0x32 Source\Tasks\Message_Sender\message_sender.o
                0x00000000400002f0                RX0_ID_Bytes
                0x00000000400002f8                EXT_ID_Bytes
                0x00000000400002fd                speedPin
                0x0000000040000300                init
                0x0000000040000304                RX1_ID_Bytes
                0x000000004000030c                RX_Buffer_ID_Bytes
                0x0000000040000314                PAD_ID
                0x0000000040000318                RX_Buffer_Data_array
                0x0000000040000320                ticked
 .scommon       0x0000000040000322        0x0 Source\Tasks\Flashing_LED\flashing_led.o
 .scommon       0x0000000040000322        0x0 Source\Tasks\Course_Corrector\course_corrector.o
 .scommon       0x0000000040000322        0x7 Source\Tasks\CAN_relay\can_relay.o
                0x0000000040000322                motor_direction_Rt
                0x0000000040000324                motor_speed_Rt
                0x0000000040000326                motor_speed_Lf
                0x0000000040000328                motor_direction_Lf
 *(COMMON)
 *fill*         0x0000000040000329        0x3 00
 COMMON         0x000000004000032c      0x2ac Source\config.o
                0x000000004000032c                Path_G
                0x00000000400003ac                bufferRX0
                0x00000000400003bc                bufferRX1
                0x00000000400003cc                sensorReadings
                0x00000000400003d8                Script_G
 COMMON         0x00000000400005d8      0x3e8 Source\Scheduler\Internal\log.o
                0x00000000400005d8                Log_Buffer
                0x00000000400009c0                _ebss = .
                0x00000000400009c0                PROVIDE (ebss, .)

.log
 *(.log)
                0x00000000400009c0                _end = .
                0x00000000400009c0                PROVIDE (end, .)
                0x00000000400009c0                PROVIDE (_heap_start, .)

.stack          0x0000000040003600      0xa00
                0x0000000040003600                PROVIDE (_heap_end, .)
 *(.stack .stack.*)
 .stack.Stack_G
                0x0000000040003600      0xa00 Source\System\startup.o
                0x0000000040003600                Stack_G
LOAD c:/rapidittyde0/plugins/com.ttesystems.tte32.tools.win32_2.4.0/files/bin/../lib/gcc/mipsel-elf/4.4.5/soft-float\libgcc.a
LOAD c:/rapidittyde0/plugins/com.ttesystems.tte32.tools.win32_2.4.0/files/bin/../lib/gcc/mipsel-elf/4.4.5/soft-float\libgcc.a
OUTPUT(Telemetrons_CloudRobotics2013.elf elf32-littlemips)

.reginfo        0x0000000000000000       0x18
 .reginfo       0x0000000000000000       0x18 Source\main.o

.mdebug.abi32   0x0000000000000000        0x0
 .mdebug.abi32  0x0000000000000000        0x0 Source\main.o
 .mdebug.abi32  0x0000000000000000        0x0 Source\config.o
 .mdebug.abi32  0x0000000000000000        0x0 Source\Tasks\tasks.o
 .mdebug.abi32  0x0000000000000000        0x0 Source\Tasks\object_detection\object_detection.o
 .mdebug.abi32  0x0000000000000000        0x0 Source\Tasks\System_Control\system_control.o
 .mdebug.abi32  0x0000000000000000        0x0 Source\Tasks\Read_Enc\read_enc.o
 .mdebug.abi32  0x0000000000000000        0x0 Source\Tasks\Motor_Right\motor_right.o
 .mdebug.abi32  0x0000000000000000        0x0 Source\Tasks\Motor_Left\motor_left.o
 .mdebug.abi32  0x0000000000000000        0x0 Source\Tasks\Message_Sender\message_sender.o
 .mdebug.abi32  0x0000000000000000        0x0 Source\Tasks\Flashing_LED\flashing_led.o
 .mdebug.abi32  0x0000000000000000        0x0 Source\Tasks\Course_Corrector\course_corrector.o
 .mdebug.abi32  0x0000000000000000        0x0 Source\Tasks\CAN_relay\can_relay.o
 .mdebug.abi32  0x0000000000000000        0x0 Source\Scheduler\Internal\scheduler.o
 .mdebug.abi32  0x0000000000000000        0x0 Source\Scheduler\Internal\log.o
 .mdebug.abi32  0x0000000000000000        0x0 Source\Scheduler\Internal\interrupt.o
 .mdebug.abi32  0x0000000000000000        0x0 Source\Drivers\Internal\uart.o
 .mdebug.abi32  0x0000000000000000        0x0 Source\Drivers\Internal\timer.o
 .mdebug.abi32  0x0000000000000000        0x0 Source\Drivers\Internal\text_lcd.o
 .mdebug.abi32  0x0000000000000000        0x0 Source\Drivers\Internal\spi.o
 .mdebug.abi32  0x0000000000000000        0x0 Source\Drivers\Internal\segment.o
 .mdebug.abi32  0x0000000000000000        0x0 Source\Drivers\Internal\pwm.o
 .mdebug.abi32  0x0000000000000000        0x0 c:/rapidittyde0/plugins/com.ttesystems.tte32.tools.win32_2.4.0/files/bin/../lib/gcc/mipsel-elf/4.4.5/soft-float\libsyscalls.a(syscalls.o)
 .mdebug.abi32  0x0000000000000000        0x0 c:/rapidittyde0/plugins/com.ttesystems.tte32.tools.win32_2.4.0/files/bin/../lib/gcc/mipsel-elf/4.4.5/../../../../mipsel-elf/lib/soft-float\libc.a(lib_a-errno.o)
 .mdebug.abi32  0x0000000000000000        0x0 c:/rapidittyde0/plugins/com.ttesystems.tte32.tools.win32_2.4.0/files/bin/../lib/gcc/mipsel-elf/4.4.5/../../../../mipsel-elf/lib/soft-float\libc.a(lib_a-impure.o)
 .mdebug.abi32  0x0000000000000000        0x0 c:/rapidittyde0/plugins/com.ttesystems.tte32.tools.win32_2.4.0/files/bin/../lib/gcc/mipsel-elf/4.4.5/../../../../mipsel-elf/lib/soft-float\libc.a(lib_a-strcmp.o)
 .mdebug.abi32  0x0000000000000000        0x0 c:/rapidittyde0/plugins/com.ttesystems.tte32.tools.win32_2.4.0/files/bin/../lib/gcc/mipsel-elf/4.4.5/soft-float\libgcc.a(_addsub_df.o)
 .mdebug.abi32  0x0000000000000000        0x0 c:/rapidittyde0/plugins/com.ttesystems.tte32.tools.win32_2.4.0/files/bin/../lib/gcc/mipsel-elf/4.4.5/soft-float\libgcc.a(_mul_df.o)
 .mdebug.abi32  0x0000000000000000        0x0 c:/rapidittyde0/plugins/com.ttesystems.tte32.tools.win32_2.4.0/files/bin/../lib/gcc/mipsel-elf/4.4.5/soft-float\libgcc.a(_si_to_df.o)
 .mdebug.abi32  0x0000000000000000        0x0 c:/rapidittyde0/plugins/com.ttesystems.tte32.tools.win32_2.4.0/files/bin/../lib/gcc/mipsel-elf/4.4.5/soft-float\libgcc.a(_df_to_si.o)
 .mdebug.abi32  0x0000000000000000        0x0 c:/rapidittyde0/plugins/com.ttesystems.tte32.tools.win32_2.4.0/files/bin/../lib/gcc/mipsel-elf/4.4.5/soft-float\libgcc.a(_thenan_df.o)
 .mdebug.abi32  0x0000000000000000        0x0 c:/rapidittyde0/plugins/com.ttesystems.tte32.tools.win32_2.4.0/files/bin/../lib/gcc/mipsel-elf/4.4.5/soft-float\libgcc.a(_ucmpdi2.o)
 .mdebug.abi32  0x0000000000000000        0x0 c:/rapidittyde0/plugins/com.ttesystems.tte32.tools.win32_2.4.0/files/bin/../lib/gcc/mipsel-elf/4.4.5/soft-float\libgcc.a(_clzsi2.o)
 .mdebug.abi32  0x0000000000000000        0x0 c:/rapidittyde0/plugins/com.ttesystems.tte32.tools.win32_2.4.0/files/bin/../lib/gcc/mipsel-elf/4.4.5/soft-float\libgcc.a(_pack_df.o)
 .mdebug.abi32  0x0000000000000000        0x0 c:/rapidittyde0/plugins/com.ttesystems.tte32.tools.win32_2.4.0/files/bin/../lib/gcc/mipsel-elf/4.4.5/soft-float\libgcc.a(_unpack_df.o)
 .mdebug.abi32  0x0000000000000000        0x0 c:/rapidittyde0/plugins/com.ttesystems.tte32.tools.win32_2.4.0/files/bin/../lib/gcc/mipsel-elf/4.4.5/soft-float\libgcc.a(_lshrdi3.o)
 .mdebug.abi32  0x0000000000000000        0x0 c:/rapidittyde0/plugins/com.ttesystems.tte32.tools.win32_2.4.0/files/bin/../lib/gcc/mipsel-elf/4.4.5/soft-float\libgcc.a(_ashldi3.o)
 .mdebug.abi32  0x0000000000000000        0x0 c:/rapidittyde0/plugins/com.ttesystems.tte32.tools.win32_2.4.0/files/bin/../lib/gcc/mipsel-elf/4.4.5/soft-float\libgcc.a(_clz.o)

.comment        0x0000000000000000       0x23
 .comment       0x0000000000000000       0x11 Source\main.o
                                         0x12 (size before relaxing)
 .comment       0x0000000000000000       0x12 Source\config.o
 .comment       0x0000000000000000       0x12 Source\Tasks\tasks.o
 .comment       0x0000000000000000       0x12 Source\Tasks\object_detection\object_detection.o
 .comment       0x0000000000000000       0x12 Source\Tasks\System_Control\system_control.o
 .comment       0x0000000000000000       0x12 Source\Tasks\Read_Enc\read_enc.o
 .comment       0x0000000000000000       0x12 Source\Tasks\Motor_Right\motor_right.o
 .comment       0x0000000000000000       0x12 Source\Tasks\Motor_Left\motor_left.o
 .comment       0x0000000000000000       0x12 Source\Tasks\Message_Sender\message_sender.o
 .comment       0x0000000000000000       0x12 Source\Tasks\Flashing_LED\flashing_led.o
 .comment       0x0000000000000000       0x12 Source\Tasks\Course_Corrector\course_corrector.o
 .comment       0x0000000000000000       0x12 Source\Tasks\CAN_relay\can_relay.o
 .comment       0x0000000000000000       0x12 Source\Scheduler\Internal\scheduler.o
 .comment       0x0000000000000000       0x12 Source\Scheduler\Internal\log.o
 .comment       0x0000000000000000       0x12 Source\Scheduler\Internal\interrupt.o
 .comment       0x0000000000000000       0x12 Source\Drivers\Internal\uart.o
 .comment       0x0000000000000000       0x12 Source\Drivers\Internal\timer.o
 .comment       0x0000000000000000       0x12 Source\Drivers\Internal\text_lcd.o
 .comment       0x0000000000000000       0x12 Source\Drivers\Internal\spi.o
 .comment       0x0000000000000000       0x12 Source\Drivers\Internal\segment.o
 .comment       0x0000000000000000       0x12 Source\Drivers\Internal\pwm.o
 .comment       0x0000000000000011       0x12 c:/rapidittyde0/plugins/com.ttesystems.tte32.tools.win32_2.4.0/files/bin/../lib/gcc/mipsel-elf/4.4.5/soft-float\libsyscalls.a(syscalls.o)
 .comment       0x0000000000000000       0x12 c:/rapidittyde0/plugins/com.ttesystems.tte32.tools.win32_2.4.0/files/bin/../lib/gcc/mipsel-elf/4.4.5/../../../../mipsel-elf/lib/soft-float\libc.a(lib_a-errno.o)
 .comment       0x0000000000000000       0x12 c:/rapidittyde0/plugins/com.ttesystems.tte32.tools.win32_2.4.0/files/bin/../lib/gcc/mipsel-elf/4.4.5/../../../../mipsel-elf/lib/soft-float\libc.a(lib_a-impure.o)
 .comment       0x0000000000000000       0x12 c:/rapidittyde0/plugins/com.ttesystems.tte32.tools.win32_2.4.0/files/bin/../lib/gcc/mipsel-elf/4.4.5/../../../../mipsel-elf/lib/soft-float\libc.a(lib_a-strcmp.o)
 .comment       0x0000000000000000       0x12 c:/rapidittyde0/plugins/com.ttesystems.tte32.tools.win32_2.4.0/files/bin/../lib/gcc/mipsel-elf/4.4.5/soft-float\libgcc.a(_addsub_df.o)
 .comment       0x0000000000000000       0x12 c:/rapidittyde0/plugins/com.ttesystems.tte32.tools.win32_2.4.0/files/bin/../lib/gcc/mipsel-elf/4.4.5/soft-float\libgcc.a(_mul_df.o)
 .comment       0x0000000000000000       0x12 c:/rapidittyde0/plugins/com.ttesystems.tte32.tools.win32_2.4.0/files/bin/../lib/gcc/mipsel-elf/4.4.5/soft-float\libgcc.a(_si_to_df.o)
 .comment       0x0000000000000000       0x12 c:/rapidittyde0/plugins/com.ttesystems.tte32.tools.win32_2.4.0/files/bin/../lib/gcc/mipsel-elf/4.4.5/soft-float\libgcc.a(_df_to_si.o)
 .comment       0x0000000000000000       0x12 c:/rapidittyde0/plugins/com.ttesystems.tte32.tools.win32_2.4.0/files/bin/../lib/gcc/mipsel-elf/4.4.5/soft-float\libgcc.a(_thenan_df.o)
 .comment       0x0000000000000000       0x12 c:/rapidittyde0/plugins/com.ttesystems.tte32.tools.win32_2.4.0/files/bin/../lib/gcc/mipsel-elf/4.4.5/soft-float\libgcc.a(_ucmpdi2.o)
 .comment       0x0000000000000000       0x12 c:/rapidittyde0/plugins/com.ttesystems.tte32.tools.win32_2.4.0/files/bin/../lib/gcc/mipsel-elf/4.4.5/soft-float\libgcc.a(_clzsi2.o)
 .comment       0x0000000000000000       0x12 c:/rapidittyde0/plugins/com.ttesystems.tte32.tools.win32_2.4.0/files/bin/../lib/gcc/mipsel-elf/4.4.5/soft-float\libgcc.a(_pack_df.o)
 .comment       0x0000000000000000       0x12 c:/rapidittyde0/plugins/com.ttesystems.tte32.tools.win32_2.4.0/files/bin/../lib/gcc/mipsel-elf/4.4.5/soft-float\libgcc.a(_unpack_df.o)
 .comment       0x0000000000000000       0x12 c:/rapidittyde0/plugins/com.ttesystems.tte32.tools.win32_2.4.0/files/bin/../lib/gcc/mipsel-elf/4.4.5/soft-float\libgcc.a(_lshrdi3.o)
 .comment       0x0000000000000000       0x12 c:/rapidittyde0/plugins/com.ttesystems.tte32.tools.win32_2.4.0/files/bin/../lib/gcc/mipsel-elf/4.4.5/soft-float\libgcc.a(_ashldi3.o)
 .comment       0x0000000000000000       0x12 c:/rapidittyde0/plugins/com.ttesystems.tte32.tools.win32_2.4.0/files/bin/../lib/gcc/mipsel-elf/4.4.5/soft-float\libgcc.a(_clz.o)

.gnu.attributes
                0x0000000000000000       0x10
 .gnu.attributes
                0x0000000000000000       0x10 Source\main.o
 .gnu.attributes
                0x0000000000000010       0x10 Source\config.o
 .gnu.attributes
                0x0000000000000020       0x10 Source\Tasks\tasks.o
 .gnu.attributes
                0x0000000000000030       0x10 Source\Tasks\object_detection\object_detection.o
 .gnu.attributes
                0x0000000000000040       0x10 Source\Tasks\System_Control\system_control.o
 .gnu.attributes
                0x0000000000000050       0x10 Source\Tasks\Read_Enc\read_enc.o
 .gnu.attributes
                0x0000000000000060       0x10 Source\Tasks\Motor_Right\motor_right.o
 .gnu.attributes
                0x0000000000000070       0x10 Source\Tasks\Motor_Left\motor_left.o
 .gnu.attributes
                0x0000000000000080       0x10 Source\Tasks\Message_Sender\message_sender.o
 .gnu.attributes
                0x0000000000000090       0x10 Source\Tasks\Flashing_LED\flashing_led.o
 .gnu.attributes
                0x00000000000000a0       0x10 Source\Tasks\Course_Corrector\course_corrector.o
 .gnu.attributes
                0x00000000000000b0       0x10 Source\Tasks\CAN_relay\can_relay.o
 .gnu.attributes
                0x00000000000000c0       0x10 Source\Scheduler\Internal\scheduler.o
 .gnu.attributes
                0x00000000000000d0       0x10 Source\Scheduler\Internal\log.o
 .gnu.attributes
                0x00000000000000e0       0x10 Source\Scheduler\Internal\interrupt.o
 .gnu.attributes
                0x00000000000000f0       0x10 Source\Drivers\Internal\uart.o
 .gnu.attributes
                0x0000000000000100       0x10 Source\Drivers\Internal\timer.o
 .gnu.attributes
                0x0000000000000110       0x10 Source\Drivers\Internal\text_lcd.o
 .gnu.attributes
                0x0000000000000120       0x10 Source\Drivers\Internal\spi.o
 .gnu.attributes
                0x0000000000000130       0x10 Source\Drivers\Internal\segment.o
 .gnu.attributes
                0x0000000000000140       0x10 Source\Drivers\Internal\pwm.o
 .gnu.attributes
                0x0000000000000150       0x10 c:/rapidittyde0/plugins/com.ttesystems.tte32.tools.win32_2.4.0/files/bin/../lib/gcc/mipsel-elf/4.4.5/soft-float\libsyscalls.a(syscalls.o)
 .gnu.attributes
                0x0000000000000160       0x10 c:/rapidittyde0/plugins/com.ttesystems.tte32.tools.win32_2.4.0/files/bin/../lib/gcc/mipsel-elf/4.4.5/../../../../mipsel-elf/lib/soft-float\libc.a(lib_a-errno.o)
 .gnu.attributes
                0x0000000000000170       0x10 c:/rapidittyde0/plugins/com.ttesystems.tte32.tools.win32_2.4.0/files/bin/../lib/gcc/mipsel-elf/4.4.5/../../../../mipsel-elf/lib/soft-float\libc.a(lib_a-impure.o)
 .gnu.attributes
                0x0000000000000180       0x10 c:/rapidittyde0/plugins/com.ttesystems.tte32.tools.win32_2.4.0/files/bin/../lib/gcc/mipsel-elf/4.4.5/../../../../mipsel-elf/lib/soft-float\libc.a(lib_a-strcmp.o)
 .gnu.attributes
                0x0000000000000190       0x10 c:/rapidittyde0/plugins/com.ttesystems.tte32.tools.win32_2.4.0/files/bin/../lib/gcc/mipsel-elf/4.4.5/soft-float\libgcc.a(_addsub_df.o)
 .gnu.attributes
                0x00000000000001a0       0x10 c:/rapidittyde0/plugins/com.ttesystems.tte32.tools.win32_2.4.0/files/bin/../lib/gcc/mipsel-elf/4.4.5/soft-float\libgcc.a(_mul_df.o)
 .gnu.attributes
                0x00000000000001b0       0x10 c:/rapidittyde0/plugins/com.ttesystems.tte32.tools.win32_2.4.0/files/bin/../lib/gcc/mipsel-elf/4.4.5/soft-float\libgcc.a(_si_to_df.o)
 .gnu.attributes
                0x00000000000001c0       0x10 c:/rapidittyde0/plugins/com.ttesystems.tte32.tools.win32_2.4.0/files/bin/../lib/gcc/mipsel-elf/4.4.5/soft-float\libgcc.a(_df_to_si.o)
 .gnu.attributes
                0x00000000000001d0       0x10 c:/rapidittyde0/plugins/com.ttesystems.tte32.tools.win32_2.4.0/files/bin/../lib/gcc/mipsel-elf/4.4.5/soft-float\libgcc.a(_thenan_df.o)
 .gnu.attributes
                0x00000000000001e0       0x10 c:/rapidittyde0/plugins/com.ttesystems.tte32.tools.win32_2.4.0/files/bin/../lib/gcc/mipsel-elf/4.4.5/soft-float\libgcc.a(_ucmpdi2.o)
 .gnu.attributes
                0x00000000000001f0       0x10 c:/rapidittyde0/plugins/com.ttesystems.tte32.tools.win32_2.4.0/files/bin/../lib/gcc/mipsel-elf/4.4.5/soft-float\libgcc.a(_clzsi2.o)
 .gnu.attributes
                0x0000000000000200       0x10 c:/rapidittyde0/plugins/com.ttesystems.tte32.tools.win32_2.4.0/files/bin/../lib/gcc/mipsel-elf/4.4.5/soft-float\libgcc.a(_pack_df.o)
 .gnu.attributes
                0x0000000000000210       0x10 c:/rapidittyde0/plugins/com.ttesystems.tte32.tools.win32_2.4.0/files/bin/../lib/gcc/mipsel-elf/4.4.5/soft-float\libgcc.a(_unpack_df.o)
 .gnu.attributes
                0x0000000000000220       0x10 c:/rapidittyde0/plugins/com.ttesystems.tte32.tools.win32_2.4.0/files/bin/../lib/gcc/mipsel-elf/4.4.5/soft-float\libgcc.a(_lshrdi3.o)
 .gnu.attributes
                0x0000000000000230       0x10 c:/rapidittyde0/plugins/com.ttesystems.tte32.tools.win32_2.4.0/files/bin/../lib/gcc/mipsel-elf/4.4.5/soft-float\libgcc.a(_ashldi3.o)
 .gnu.attributes
                0x0000000000000240       0x10 c:/rapidittyde0/plugins/com.ttesystems.tte32.tools.win32_2.4.0/files/bin/../lib/gcc/mipsel-elf/4.4.5/soft-float\libgcc.a(_clz.o)

.pdr            0x0000000000000000        0x0
 .pdr           0x0000000000000000        0x0 Source\config.o
 .pdr           0x0000000000000000        0x0 c:/rapidittyde0/plugins/com.ttesystems.tte32.tools.win32_2.4.0/files/bin/../lib/gcc/mipsel-elf/4.4.5/../../../../mipsel-elf/lib/soft-float\libc.a(lib_a-impure.o)
 .pdr           0x0000000000000000        0x0 c:/rapidittyde0/plugins/com.ttesystems.tte32.tools.win32_2.4.0/files/bin/../lib/gcc/mipsel-elf/4.4.5/soft-float\libgcc.a(_thenan_df.o)
 .pdr           0x0000000000000000        0x0 c:/rapidittyde0/plugins/com.ttesystems.tte32.tools.win32_2.4.0/files/bin/../lib/gcc/mipsel-elf/4.4.5/soft-float\libgcc.a(_clz.o)

.debug_abbrev   0x0000000000000000     0x33b2
 .debug_abbrev  0x0000000000000000       0xd5 Source\main.o
 .debug_abbrev  0x00000000000000d5      0x107 Source\config.o
 .debug_abbrev  0x00000000000001dc       0xe9 Source\Tasks\tasks.o
 .debug_abbrev  0x00000000000002c5      0x10f Source\Tasks\object_detection\object_detection.o
 .debug_abbrev  0x00000000000003d4      0x14a Source\Tasks\System_Control\system_control.o
 .debug_abbrev  0x000000000000051e      0x155 Source\Tasks\Read_Enc\read_enc.o
 .debug_abbrev  0x0000000000000673      0x1d5 Source\Tasks\Motor_Right\motor_right.o
 .debug_abbrev  0x0000000000000848      0x1ad Source\Tasks\Motor_Left\motor_left.o
 .debug_abbrev  0x00000000000009f5      0x247 Source\Tasks\Message_Sender\message_sender.o
 .debug_abbrev  0x0000000000000c3c      0x170 Source\Tasks\Flashing_LED\flashing_led.o
 .debug_abbrev  0x0000000000000dac      0x128 Source\Tasks\Course_Corrector\course_corrector.o
 .debug_abbrev  0x0000000000000ed4      0x171 Source\Tasks\CAN_relay\can_relay.o
 .debug_abbrev  0x0000000000001045       0x12 Source\System\startup.o
 .debug_abbrev  0x0000000000001057      0x1a4 Source\Scheduler\Internal\scheduler.o
 .debug_abbrev  0x00000000000011fb      0x292 Source\Scheduler\Internal\log.o
 .debug_abbrev  0x000000000000148d      0x19b Source\Scheduler\Internal\interrupt.o
 .debug_abbrev  0x0000000000001628      0x23e Source\Drivers\Internal\uart.o
 .debug_abbrev  0x0000000000001866      0x1a7 Source\Drivers\Internal\timer.o
 .debug_abbrev  0x0000000000001a0d      0x20c Source\Drivers\Internal\text_lcd.o
 .debug_abbrev  0x0000000000001c19      0x165 Source\Drivers\Internal\spi.o
 .debug_abbrev  0x0000000000001d7e       0xf8 Source\Drivers\Internal\segment.o
 .debug_abbrev  0x0000000000001e76      0x10a Source\Drivers\Internal\pwm.o
 .debug_abbrev  0x0000000000001f80      0x24b c:/rapidittyde0/plugins/com.ttesystems.tte32.tools.win32_2.4.0/files/bin/../lib/gcc/mipsel-elf/4.4.5/soft-float\libsyscalls.a(syscalls.o)
 .debug_abbrev  0x00000000000021cb      0x16c c:/rapidittyde0/plugins/com.ttesystems.tte32.tools.win32_2.4.0/files/bin/../lib/gcc/mipsel-elf/4.4.5/../../../../mipsel-elf/lib/soft-float\libc.a(lib_a-errno.o)
 .debug_abbrev  0x0000000000002337      0x162 c:/rapidittyde0/plugins/com.ttesystems.tte32.tools.win32_2.4.0/files/bin/../lib/gcc/mipsel-elf/4.4.5/../../../../mipsel-elf/lib/soft-float\libc.a(lib_a-impure.o)
 .debug_abbrev  0x0000000000002499       0xa7 c:/rapidittyde0/plugins/com.ttesystems.tte32.tools.win32_2.4.0/files/bin/../lib/gcc/mipsel-elf/4.4.5/../../../../mipsel-elf/lib/soft-float\libc.a(lib_a-strcmp.o)
 .debug_abbrev  0x0000000000002540      0x1d9 c:/rapidittyde0/plugins/com.ttesystems.tte32.tools.win32_2.4.0/files/bin/../lib/gcc/mipsel-elf/4.4.5/soft-float\libgcc.a(_addsub_df.o)
 .debug_abbrev  0x0000000000002719      0x1f7 c:/rapidittyde0/plugins/com.ttesystems.tte32.tools.win32_2.4.0/files/bin/../lib/gcc/mipsel-elf/4.4.5/soft-float\libgcc.a(_mul_df.o)
 .debug_abbrev  0x0000000000002910      0x148 c:/rapidittyde0/plugins/com.ttesystems.tte32.tools.win32_2.4.0/files/bin/../lib/gcc/mipsel-elf/4.4.5/soft-float\libgcc.a(_si_to_df.o)
 .debug_abbrev  0x0000000000002a58      0x17f c:/rapidittyde0/plugins/com.ttesystems.tte32.tools.win32_2.4.0/files/bin/../lib/gcc/mipsel-elf/4.4.5/soft-float\libgcc.a(_df_to_si.o)
 .debug_abbrev  0x0000000000002bd7       0xc3 c:/rapidittyde0/plugins/com.ttesystems.tte32.tools.win32_2.4.0/files/bin/../lib/gcc/mipsel-elf/4.4.5/soft-float\libgcc.a(_thenan_df.o)
 .debug_abbrev  0x0000000000002c9a       0xd0 c:/rapidittyde0/plugins/com.ttesystems.tte32.tools.win32_2.4.0/files/bin/../lib/gcc/mipsel-elf/4.4.5/soft-float\libgcc.a(_ucmpdi2.o)
 .debug_abbrev  0x0000000000002d6a       0xb3 c:/rapidittyde0/plugins/com.ttesystems.tte32.tools.win32_2.4.0/files/bin/../lib/gcc/mipsel-elf/4.4.5/soft-float\libgcc.a(_clzsi2.o)
 .debug_abbrev  0x0000000000002e1d      0x1c0 c:/rapidittyde0/plugins/com.ttesystems.tte32.tools.win32_2.4.0/files/bin/../lib/gcc/mipsel-elf/4.4.5/soft-float\libgcc.a(_pack_df.o)
 .debug_abbrev  0x0000000000002fdd      0x163 c:/rapidittyde0/plugins/com.ttesystems.tte32.tools.win32_2.4.0/files/bin/../lib/gcc/mipsel-elf/4.4.5/soft-float\libgcc.a(_unpack_df.o)
 .debug_abbrev  0x0000000000003140      0x104 c:/rapidittyde0/plugins/com.ttesystems.tte32.tools.win32_2.4.0/files/bin/../lib/gcc/mipsel-elf/4.4.5/soft-float\libgcc.a(_lshrdi3.o)
 .debug_abbrev  0x0000000000003244      0x104 c:/rapidittyde0/plugins/com.ttesystems.tte32.tools.win32_2.4.0/files/bin/../lib/gcc/mipsel-elf/4.4.5/soft-float\libgcc.a(_ashldi3.o)
 .debug_abbrev  0x0000000000003348       0x6a c:/rapidittyde0/plugins/com.ttesystems.tte32.tools.win32_2.4.0/files/bin/../lib/gcc/mipsel-elf/4.4.5/soft-float\libgcc.a(_clz.o)

.debug_info     0x0000000000000000     0xe6a8
 .debug_info    0x0000000000000000      0x150 Source\main.o
 .debug_info    0x0000000000000150      0x7dc Source\config.o
 .debug_info    0x000000000000092c      0x709 Source\Tasks\tasks.o
 .debug_info    0x0000000000001035      0x740 Source\Tasks\object_detection\object_detection.o
 .debug_info    0x0000000000001775      0xb7f Source\Tasks\System_Control\system_control.o
 .debug_info    0x00000000000022f4      0xb04 Source\Tasks\Read_Enc\read_enc.o
 .debug_info    0x0000000000002df8      0xbb0 Source\Tasks\Motor_Right\motor_right.o
 .debug_info    0x00000000000039a8      0xb62 Source\Tasks\Motor_Left\motor_left.o
 .debug_info    0x000000000000450a     0x1035 Source\Tasks\Message_Sender\message_sender.o
 .debug_info    0x000000000000553f      0xa82 Source\Tasks\Flashing_LED\flashing_led.o
 .debug_info    0x0000000000005fc1      0x9d5 Source\Tasks\Course_Corrector\course_corrector.o
 .debug_info    0x0000000000006996      0xa87 Source\Tasks\CAN_relay\can_relay.o
 .debug_info    0x000000000000741d       0x62 Source\System\startup.o
 .debug_info    0x000000000000747f      0x375 Source\Scheduler\Internal\scheduler.o
 .debug_info    0x00000000000077f4      0x7ce Source\Scheduler\Internal\log.o
 .debug_info    0x0000000000007fc2      0x3ad Source\Scheduler\Internal\interrupt.o
 .debug_info    0x000000000000836f      0xee5 Source\Drivers\Internal\uart.o
 .debug_info    0x0000000000009254      0x5b8 Source\Drivers\Internal\timer.o
 .debug_info    0x000000000000980c      0x6ff Source\Drivers\Internal\text_lcd.o
 .debug_info    0x0000000000009f0b      0x24d Source\Drivers\Internal\spi.o
 .debug_info    0x000000000000a158      0x293 Source\Drivers\Internal\segment.o
 .debug_info    0x000000000000a3eb      0x1f3 Source\Drivers\Internal\pwm.o
 .debug_info    0x000000000000a5de     0x11b3 c:/rapidittyde0/plugins/com.ttesystems.tte32.tools.win32_2.4.0/files/bin/../lib/gcc/mipsel-elf/4.4.5/soft-float\libsyscalls.a(syscalls.o)
 .debug_info    0x000000000000b791      0x95f c:/rapidittyde0/plugins/com.ttesystems.tte32.tools.win32_2.4.0/files/bin/../lib/gcc/mipsel-elf/4.4.5/../../../../mipsel-elf/lib/soft-float\libc.a(lib_a-errno.o)
 .debug_info    0x000000000000c0f0      0x96c c:/rapidittyde0/plugins/com.ttesystems.tte32.tools.win32_2.4.0/files/bin/../lib/gcc/mipsel-elf/4.4.5/../../../../mipsel-elf/lib/soft-float\libc.a(lib_a-impure.o)
 .debug_info    0x000000000000ca5c      0x12b c:/rapidittyde0/plugins/com.ttesystems.tte32.tools.win32_2.4.0/files/bin/../lib/gcc/mipsel-elf/4.4.5/../../../../mipsel-elf/lib/soft-float\libc.a(lib_a-strcmp.o)
 .debug_info    0x000000000000cb87      0x48d c:/rapidittyde0/plugins/com.ttesystems.tte32.tools.win32_2.4.0/files/bin/../lib/gcc/mipsel-elf/4.4.5/soft-float\libgcc.a(_addsub_df.o)
 .debug_info    0x000000000000d014      0x47a c:/rapidittyde0/plugins/com.ttesystems.tte32.tools.win32_2.4.0/files/bin/../lib/gcc/mipsel-elf/4.4.5/soft-float\libgcc.a(_mul_df.o)
 .debug_info    0x000000000000d48e      0x214 c:/rapidittyde0/plugins/com.ttesystems.tte32.tools.win32_2.4.0/files/bin/../lib/gcc/mipsel-elf/4.4.5/soft-float\libgcc.a(_si_to_df.o)
 .debug_info    0x000000000000d6a2      0x2c9 c:/rapidittyde0/plugins/com.ttesystems.tte32.tools.win32_2.4.0/files/bin/../lib/gcc/mipsel-elf/4.4.5/soft-float\libgcc.a(_df_to_si.o)
 .debug_info    0x000000000000d96b      0x160 c:/rapidittyde0/plugins/com.ttesystems.tte32.tools.win32_2.4.0/files/bin/../lib/gcc/mipsel-elf/4.4.5/soft-float\libgcc.a(_thenan_df.o)
 .debug_info    0x000000000000dacb      0x15e c:/rapidittyde0/plugins/com.ttesystems.tte32.tools.win32_2.4.0/files/bin/../lib/gcc/mipsel-elf/4.4.5/soft-float\libgcc.a(_ucmpdi2.o)
 .debug_info    0x000000000000dc29      0x12a c:/rapidittyde0/plugins/com.ttesystems.tte32.tools.win32_2.4.0/files/bin/../lib/gcc/mipsel-elf/4.4.5/soft-float\libgcc.a(_clzsi2.o)
 .debug_info    0x000000000000dd53      0x2f8 c:/rapidittyde0/plugins/com.ttesystems.tte32.tools.win32_2.4.0/files/bin/../lib/gcc/mipsel-elf/4.4.5/soft-float\libgcc.a(_pack_df.o)
 .debug_info    0x000000000000e04b      0x266 c:/rapidittyde0/plugins/com.ttesystems.tte32.tools.win32_2.4.0/files/bin/../lib/gcc/mipsel-elf/4.4.5/soft-float\libgcc.a(_unpack_df.o)
 .debug_info    0x000000000000e2b1      0x199 c:/rapidittyde0/plugins/com.ttesystems.tte32.tools.win32_2.4.0/files/bin/../lib/gcc/mipsel-elf/4.4.5/soft-float\libgcc.a(_lshrdi3.o)
 .debug_info    0x000000000000e44a      0x199 c:/rapidittyde0/plugins/com.ttesystems.tte32.tools.win32_2.4.0/files/bin/../lib/gcc/mipsel-elf/4.4.5/soft-float\libgcc.a(_ashldi3.o)
 .debug_info    0x000000000000e5e3       0xc5 c:/rapidittyde0/plugins/com.ttesystems.tte32.tools.win32_2.4.0/files/bin/../lib/gcc/mipsel-elf/4.4.5/soft-float\libgcc.a(_clz.o)

.debug_line     0x0000000000000000     0x683d
 .debug_line    0x0000000000000000      0x36a Source\main.o
 .debug_line    0x000000000000036a      0x48e Source\config.o
 .debug_line    0x00000000000007f8      0x3c6 Source\Tasks\tasks.o
 .debug_line    0x0000000000000bbe      0x21d Source\Tasks\object_detection\object_detection.o
 .debug_line    0x0000000000000ddb      0x48e Source\Tasks\System_Control\system_control.o
 .debug_line    0x0000000000001269      0x2aa Source\Tasks\Read_Enc\read_enc.o
 .debug_line    0x0000000000001513      0x4d8 Source\Tasks\Motor_Right\motor_right.o
 .debug_line    0x00000000000019eb      0x4a1 Source\Tasks\Motor_Left\motor_left.o
 .debug_line    0x0000000000001e8c      0x706 Source\Tasks\Message_Sender\message_sender.o
 .debug_line    0x0000000000002592      0x2c9 Source\Tasks\Flashing_LED\flashing_led.o
 .debug_line    0x000000000000285b      0x49a Source\Tasks\Course_Corrector\course_corrector.o
 .debug_line    0x0000000000002cf5      0x31d Source\Tasks\CAN_relay\can_relay.o
 .debug_line    0x0000000000003012      0x182 Source\System\startup.o
 .debug_line    0x0000000000003194      0x444 Source\Scheduler\Internal\scheduler.o
 .debug_line    0x00000000000035d8      0x597 Source\Scheduler\Internal\log.o
 .debug_line    0x0000000000003b6f      0x411 Source\Scheduler\Internal\interrupt.o
 .debug_line    0x0000000000003f80      0x573 Source\Drivers\Internal\uart.o
 .debug_line    0x00000000000044f3      0x2ca Source\Drivers\Internal\timer.o
 .debug_line    0x00000000000047bd      0x2e8 Source\Drivers\Internal\text_lcd.o
 .debug_line    0x0000000000004aa5      0x1eb Source\Drivers\Internal\spi.o
 .debug_line    0x0000000000004c90      0x233 Source\Drivers\Internal\segment.o
 .debug_line    0x0000000000004ec3      0x207 Source\Drivers\Internal\pwm.o
 .debug_line    0x00000000000050ca      0x65d c:/rapidittyde0/plugins/com.ttesystems.tte32.tools.win32_2.4.0/files/bin/../lib/gcc/mipsel-elf/4.4.5/soft-float\libsyscalls.a(syscalls.o)
 .debug_line    0x0000000000005727      0x2d4 c:/rapidittyde0/plugins/com.ttesystems.tte32.tools.win32_2.4.0/files/bin/../lib/gcc/mipsel-elf/4.4.5/../../../../mipsel-elf/lib/soft-float\libc.a(lib_a-errno.o)
 .debug_line    0x00000000000059fb      0x2af c:/rapidittyde0/plugins/com.ttesystems.tte32.tools.win32_2.4.0/files/bin/../lib/gcc/mipsel-elf/4.4.5/../../../../mipsel-elf/lib/soft-float\libc.a(lib_a-impure.o)
 .debug_line    0x0000000000005caa      0x304 c:/rapidittyde0/plugins/com.ttesystems.tte32.tools.win32_2.4.0/files/bin/../lib/gcc/mipsel-elf/4.4.5/../../../../mipsel-elf/lib/soft-float\libc.a(lib_a-strcmp.o)
 .debug_line    0x0000000000005fae      0x168 c:/rapidittyde0/plugins/com.ttesystems.tte32.tools.win32_2.4.0/files/bin/../lib/gcc/mipsel-elf/4.4.5/soft-float\libgcc.a(_addsub_df.o)
 .debug_line    0x0000000000006116      0x125 c:/rapidittyde0/plugins/com.ttesystems.tte32.tools.win32_2.4.0/files/bin/../lib/gcc/mipsel-elf/4.4.5/soft-float\libgcc.a(_mul_df.o)
 .debug_line    0x000000000000623b       0xbf c:/rapidittyde0/plugins/com.ttesystems.tte32.tools.win32_2.4.0/files/bin/../lib/gcc/mipsel-elf/4.4.5/soft-float\libgcc.a(_si_to_df.o)
 .debug_line    0x00000000000062fa       0xad c:/rapidittyde0/plugins/com.ttesystems.tte32.tools.win32_2.4.0/files/bin/../lib/gcc/mipsel-elf/4.4.5/soft-float\libgcc.a(_df_to_si.o)
 .debug_line    0x00000000000063a7       0x79 c:/rapidittyde0/plugins/com.ttesystems.tte32.tools.win32_2.4.0/files/bin/../lib/gcc/mipsel-elf/4.4.5/soft-float\libgcc.a(_thenan_df.o)
 .debug_line    0x0000000000006420       0x7b c:/rapidittyde0/plugins/com.ttesystems.tte32.tools.win32_2.4.0/files/bin/../lib/gcc/mipsel-elf/4.4.5/soft-float\libgcc.a(_ucmpdi2.o)
 .debug_line    0x000000000000649b       0x91 c:/rapidittyde0/plugins/com.ttesystems.tte32.tools.win32_2.4.0/files/bin/../lib/gcc/mipsel-elf/4.4.5/soft-float\libgcc.a(_clzsi2.o)
 .debug_line    0x000000000000652c       0xde c:/rapidittyde0/plugins/com.ttesystems.tte32.tools.win32_2.4.0/files/bin/../lib/gcc/mipsel-elf/4.4.5/soft-float\libgcc.a(_pack_df.o)
 .debug_line    0x000000000000660a       0xc6 c:/rapidittyde0/plugins/com.ttesystems.tte32.tools.win32_2.4.0/files/bin/../lib/gcc/mipsel-elf/4.4.5/soft-float\libgcc.a(_unpack_df.o)
 .debug_line    0x00000000000066d0       0x84 c:/rapidittyde0/plugins/com.ttesystems.tte32.tools.win32_2.4.0/files/bin/../lib/gcc/mipsel-elf/4.4.5/soft-float\libgcc.a(_lshrdi3.o)
 .debug_line    0x0000000000006754       0x84 c:/rapidittyde0/plugins/com.ttesystems.tte32.tools.win32_2.4.0/files/bin/../lib/gcc/mipsel-elf/4.4.5/soft-float\libgcc.a(_ashldi3.o)
 .debug_line    0x00000000000067d8       0x65 c:/rapidittyde0/plugins/com.ttesystems.tte32.tools.win32_2.4.0/files/bin/../lib/gcc/mipsel-elf/4.4.5/soft-float\libgcc.a(_clz.o)

.debug_macinfo  0x0000000000000000    0x532e1
 .debug_macinfo
                0x0000000000000000     0x28ce Source\main.o
 .debug_macinfo
                0x00000000000028ce     0x2ce0 Source\config.o
 .debug_macinfo
                0x00000000000055ae     0x2b46 Source\Tasks\tasks.o
 .debug_macinfo
                0x00000000000080f4     0x2979 Source\Tasks\object_detection\object_detection.o
 .debug_macinfo
                0x000000000000aa6d     0x4866 Source\Tasks\System_Control\system_control.o
 .debug_macinfo
                0x000000000000f2d3     0x2c2b Source\Tasks\Read_Enc\read_enc.o
 .debug_macinfo
                0x0000000000011efe     0x4773 Source\Tasks\Motor_Right\motor_right.o
 .debug_macinfo
                0x0000000000016671     0x4772 Source\Tasks\Motor_Left\motor_left.o
 .debug_macinfo
                0x000000000001ade3     0x5733 Source\Tasks\Message_Sender\message_sender.o
 .debug_macinfo
                0x0000000000020516     0x2c2a Source\Tasks\Flashing_LED\flashing_led.o
 .debug_macinfo
                0x0000000000023140     0x4867 Source\Tasks\Course_Corrector\course_corrector.o
 .debug_macinfo
                0x00000000000279a7     0x2c24 Source\Tasks\CAN_relay\can_relay.o
 .debug_macinfo
                0x000000000002a5cb     0x28f6 Source\Scheduler\Internal\scheduler.o
 .debug_macinfo
                0x000000000002cec1     0x28da Source\Scheduler\Internal\log.o
 .debug_macinfo
                0x000000000002f79b     0x28c8 Source\Scheduler\Internal\interrupt.o
 .debug_macinfo
                0x0000000000032063     0x4eee Source\Drivers\Internal\uart.o
 .debug_macinfo
                0x0000000000036f51     0x2710 Source\Drivers\Internal\timer.o
 .debug_macinfo
                0x0000000000039661     0x29a3 Source\Drivers\Internal\text_lcd.o
 .debug_macinfo
                0x000000000003c004     0x270e Source\Drivers\Internal\spi.o
 .debug_macinfo
                0x000000000003e712     0x2716 Source\Drivers\Internal\segment.o
 .debug_macinfo
                0x0000000000040e28     0x2712 Source\Drivers\Internal\pwm.o
 .debug_macinfo
                0x000000000004353a     0x4fdd c:/rapidittyde0/plugins/com.ttesystems.tte32.tools.win32_2.4.0/files/bin/../lib/gcc/mipsel-elf/4.4.5/soft-float\libsyscalls.a(syscalls.o)
 .debug_macinfo
                0x0000000000048517     0x3bf5 c:/rapidittyde0/plugins/com.ttesystems.tte32.tools.win32_2.4.0/files/bin/../lib/gcc/mipsel-elf/4.4.5/../../../../mipsel-elf/lib/soft-float\libc.a(lib_a-errno.o)
 .debug_macinfo
                0x000000000004c10c     0x36c8 c:/rapidittyde0/plugins/com.ttesystems.tte32.tools.win32_2.4.0/files/bin/../lib/gcc/mipsel-elf/4.4.5/../../../../mipsel-elf/lib/soft-float\libc.a(lib_a-impure.o)
 .debug_macinfo
                0x000000000004f7d4     0x3b0d c:/rapidittyde0/plugins/com.ttesystems.tte32.tools.win32_2.4.0/files/bin/../lib/gcc/mipsel-elf/4.4.5/../../../../mipsel-elf/lib/soft-float\libc.a(lib_a-strcmp.o)

.debug_frame    0x0000000000000000      0xea8
 .debug_frame   0x0000000000000000       0x38 Source\main.o
 .debug_frame   0x0000000000000038       0x28 Source\Tasks\tasks.o
 .debug_frame   0x0000000000000060       0x30 Source\Tasks\object_detection\object_detection.o
 .debug_frame   0x0000000000000090       0x30 Source\Tasks\System_Control\system_control.o
 .debug_frame   0x00000000000000c0       0x30 Source\Tasks\Read_Enc\read_enc.o
 .debug_frame   0x00000000000000f0       0x88 Source\Tasks\Motor_Right\motor_right.o
 .debug_frame   0x0000000000000178       0x68 Source\Tasks\Motor_Left\motor_left.o
 .debug_frame   0x00000000000001e0       0xa4 Source\Tasks\Message_Sender\message_sender.o
 .debug_frame   0x0000000000000284       0x30 Source\Tasks\Flashing_LED\flashing_led.o
 .debug_frame   0x00000000000002b4       0x30 Source\Tasks\Course_Corrector\course_corrector.o
 .debug_frame   0x00000000000002e4       0x70 Source\Tasks\CAN_relay\can_relay.o
 .debug_frame   0x0000000000000354       0xb4 Source\Scheduler\Internal\scheduler.o
 .debug_frame   0x0000000000000408      0x1e8 Source\Scheduler\Internal\log.o
 .debug_frame   0x00000000000005f0       0xc8 Source\Scheduler\Internal\interrupt.o
 .debug_frame   0x00000000000006b8      0x168 Source\Drivers\Internal\uart.o
 .debug_frame   0x0000000000000820       0xcc Source\Drivers\Internal\timer.o
 .debug_frame   0x00000000000008ec       0xc0 Source\Drivers\Internal\text_lcd.o
 .debug_frame   0x00000000000009ac       0x40 Source\Drivers\Internal\spi.o
 .debug_frame   0x00000000000009ec       0xb4 Source\Drivers\Internal\segment.o
 .debug_frame   0x0000000000000aa0       0x70 Source\Drivers\Internal\pwm.o
 .debug_frame   0x0000000000000b10      0x174 c:/rapidittyde0/plugins/com.ttesystems.tte32.tools.win32_2.4.0/files/bin/../lib/gcc/mipsel-elf/4.4.5/soft-float\libsyscalls.a(syscalls.o)
 .debug_frame   0x0000000000000c84       0x20 c:/rapidittyde0/plugins/com.ttesystems.tte32.tools.win32_2.4.0/files/bin/../lib/gcc/mipsel-elf/4.4.5/../../../../mipsel-elf/lib/soft-float\libc.a(lib_a-errno.o)
 .debug_frame   0x0000000000000ca4       0x20 c:/rapidittyde0/plugins/com.ttesystems.tte32.tools.win32_2.4.0/files/bin/../lib/gcc/mipsel-elf/4.4.5/../../../../mipsel-elf/lib/soft-float\libc.a(lib_a-strcmp.o)
 .debug_frame   0x0000000000000cc4       0x84 c:/rapidittyde0/plugins/com.ttesystems.tte32.tools.win32_2.4.0/files/bin/../lib/gcc/mipsel-elf/4.4.5/soft-float\libgcc.a(_addsub_df.o)
 .debug_frame   0x0000000000000d48       0x30 c:/rapidittyde0/plugins/com.ttesystems.tte32.tools.win32_2.4.0/files/bin/../lib/gcc/mipsel-elf/4.4.5/soft-float\libgcc.a(_mul_df.o)
 .debug_frame   0x0000000000000d78       0x2c c:/rapidittyde0/plugins/com.ttesystems.tte32.tools.win32_2.4.0/files/bin/../lib/gcc/mipsel-elf/4.4.5/soft-float\libgcc.a(_si_to_df.o)
 .debug_frame   0x0000000000000da4       0x28 c:/rapidittyde0/plugins/com.ttesystems.tte32.tools.win32_2.4.0/files/bin/../lib/gcc/mipsel-elf/4.4.5/soft-float\libgcc.a(_df_to_si.o)
 .debug_frame   0x0000000000000dcc       0x20 c:/rapidittyde0/plugins/com.ttesystems.tte32.tools.win32_2.4.0/files/bin/../lib/gcc/mipsel-elf/4.4.5/soft-float\libgcc.a(_ucmpdi2.o)
 .debug_frame   0x0000000000000dec       0x20 c:/rapidittyde0/plugins/com.ttesystems.tte32.tools.win32_2.4.0/files/bin/../lib/gcc/mipsel-elf/4.4.5/soft-float\libgcc.a(_clzsi2.o)
 .debug_frame   0x0000000000000e0c       0x3c c:/rapidittyde0/plugins/com.ttesystems.tte32.tools.win32_2.4.0/files/bin/../lib/gcc/mipsel-elf/4.4.5/soft-float\libgcc.a(_pack_df.o)
 .debug_frame   0x0000000000000e48       0x20 c:/rapidittyde0/plugins/com.ttesystems.tte32.tools.win32_2.4.0/files/bin/../lib/gcc/mipsel-elf/4.4.5/soft-float\libgcc.a(_unpack_df.o)
 .debug_frame   0x0000000000000e68       0x20 c:/rapidittyde0/plugins/com.ttesystems.tte32.tools.win32_2.4.0/files/bin/../lib/gcc/mipsel-elf/4.4.5/soft-float\libgcc.a(_lshrdi3.o)
 .debug_frame   0x0000000000000e88       0x20 c:/rapidittyde0/plugins/com.ttesystems.tte32.tools.win32_2.4.0/files/bin/../lib/gcc/mipsel-elf/4.4.5/soft-float\libgcc.a(_ashldi3.o)

.debug_loc      0x0000000000000000     0x269e
 .debug_loc     0x0000000000000000       0x1f Source\main.o
 .debug_loc     0x000000000000001f       0x1f Source\Tasks\tasks.o
 .debug_loc     0x000000000000003e       0x29 Source\Tasks\object_detection\object_detection.o
 .debug_loc     0x0000000000000067      0x111 Source\Tasks\Motor_Right\motor_right.o
 .debug_loc     0x0000000000000178       0xf2 Source\Tasks\Motor_Left\motor_left.o
 .debug_loc     0x000000000000026a      0x1c0 Source\Tasks\Message_Sender\message_sender.o
 .debug_loc     0x000000000000042a       0x26 Source\Tasks\Flashing_LED\flashing_led.o
 .debug_loc     0x0000000000000450       0xf2 Source\Scheduler\Internal\scheduler.o
 .debug_loc     0x0000000000000542      0x4c1 Source\Scheduler\Internal\log.o
 .debug_loc     0x0000000000000a03       0xa4 Source\Scheduler\Internal\interrupt.o
 .debug_loc     0x0000000000000aa7      0x447 Source\Drivers\Internal\uart.o
 .debug_loc     0x0000000000000eee      0x1b9 Source\Drivers\Internal\timer.o
 .debug_loc     0x00000000000010a7      0x569 Source\Drivers\Internal\text_lcd.o
 .debug_loc     0x0000000000001610       0x4c Source\Drivers\Internal\spi.o
 .debug_loc     0x000000000000165c       0xb9 Source\Drivers\Internal\segment.o
 .debug_loc     0x0000000000001715       0x5b Source\Drivers\Internal\pwm.o
 .debug_loc     0x0000000000001770      0x2a0 c:/rapidittyde0/plugins/com.ttesystems.tte32.tools.win32_2.4.0/files/bin/../lib/gcc/mipsel-elf/4.4.5/soft-float\libsyscalls.a(syscalls.o)
 .debug_loc     0x0000000000001a10       0xbf c:/rapidittyde0/plugins/com.ttesystems.tte32.tools.win32_2.4.0/files/bin/../lib/gcc/mipsel-elf/4.4.5/../../../../mipsel-elf/lib/soft-float\libc.a(lib_a-strcmp.o)
 .debug_loc     0x0000000000001acf      0x3cc c:/rapidittyde0/plugins/com.ttesystems.tte32.tools.win32_2.4.0/files/bin/../lib/gcc/mipsel-elf/4.4.5/soft-float\libgcc.a(_addsub_df.o)
 .debug_loc     0x0000000000001e9b      0x2b7 c:/rapidittyde0/plugins/com.ttesystems.tte32.tools.win32_2.4.0/files/bin/../lib/gcc/mipsel-elf/4.4.5/soft-float\libgcc.a(_mul_df.o)
 .debug_loc     0x0000000000002152       0xa5 c:/rapidittyde0/plugins/com.ttesystems.tte32.tools.win32_2.4.0/files/bin/../lib/gcc/mipsel-elf/4.4.5/soft-float\libgcc.a(_si_to_df.o)
 .debug_loc     0x00000000000021f7       0x6b c:/rapidittyde0/plugins/com.ttesystems.tte32.tools.win32_2.4.0/files/bin/../lib/gcc/mipsel-elf/4.4.5/soft-float\libgcc.a(_df_to_si.o)
 .debug_loc     0x0000000000002262       0x50 c:/rapidittyde0/plugins/com.ttesystems.tte32.tools.win32_2.4.0/files/bin/../lib/gcc/mipsel-elf/4.4.5/soft-float\libgcc.a(_ucmpdi2.o)
 .debug_loc     0x00000000000022b2       0x34 c:/rapidittyde0/plugins/com.ttesystems.tte32.tools.win32_2.4.0/files/bin/../lib/gcc/mipsel-elf/4.4.5/soft-float\libgcc.a(_clzsi2.o)
 .debug_loc     0x00000000000022e6      0x1a8 c:/rapidittyde0/plugins/com.ttesystems.tte32.tools.win32_2.4.0/files/bin/../lib/gcc/mipsel-elf/4.4.5/soft-float\libgcc.a(_pack_df.o)
 .debug_loc     0x000000000000248e       0xf4 c:/rapidittyde0/plugins/com.ttesystems.tte32.tools.win32_2.4.0/files/bin/../lib/gcc/mipsel-elf/4.4.5/soft-float\libgcc.a(_unpack_df.o)
 .debug_loc     0x0000000000002582       0x8e c:/rapidittyde0/plugins/com.ttesystems.tte32.tools.win32_2.4.0/files/bin/../lib/gcc/mipsel-elf/4.4.5/soft-float\libgcc.a(_lshrdi3.o)
 .debug_loc     0x0000000000002610       0x8e c:/rapidittyde0/plugins/com.ttesystems.tte32.tools.win32_2.4.0/files/bin/../lib/gcc/mipsel-elf/4.4.5/soft-float\libgcc.a(_ashldi3.o)

.debug_pubnames
                0x0000000000000000     0x377a
 .debug_pubnames
                0x0000000000000000       0x33 Source\main.o
 .debug_pubnames
                0x0000000000000033      0x3db Source\config.o
 .debug_pubnames
                0x000000000000040e      0x3cb Source\Tasks\tasks.o
 .debug_pubnames
                0x00000000000007d9      0x405 Source\Tasks\object_detection\object_detection.o
 .debug_pubnames
                0x0000000000000bde      0x40d Source\Tasks\System_Control\system_control.o
 .debug_pubnames
                0x0000000000000feb      0x474 Source\Tasks\Read_Enc\read_enc.o
 .debug_pubnames
                0x000000000000145f      0x43d Source\Tasks\Motor_Right\motor_right.o
 .debug_pubnames
                0x000000000000189c      0x424 Source\Tasks\Motor_Left\motor_left.o
 .debug_pubnames
                0x0000000000001cc0      0x4c4 Source\Tasks\Message_Sender\message_sender.o
 .debug_pubnames
                0x0000000000002184      0x3ea Source\Tasks\Flashing_LED\flashing_led.o
 .debug_pubnames
                0x000000000000256e      0x3f2 Source\Tasks\Course_Corrector\course_corrector.o
 .debug_pubnames
                0x0000000000002960      0x47f Source\Tasks\CAN_relay\can_relay.o
 .debug_pubnames
                0x0000000000002ddf       0x77 Source\Scheduler\Internal\scheduler.o
 .debug_pubnames
                0x0000000000002e56      0x166 Source\Scheduler\Internal\log.o
 .debug_pubnames
                0x0000000000002fbc      0x103 Source\Scheduler\Internal\interrupt.o
 .debug_pubnames
                0x00000000000030bf       0xf7 Source\Drivers\Internal\uart.o
 .debug_pubnames
                0x00000000000031b6       0xdd Source\Drivers\Internal\timer.o
 .debug_pubnames
                0x0000000000003293       0x96 Source\Drivers\Internal\text_lcd.o
 .debug_pubnames
                0x0000000000003329       0x3a Source\Drivers\Internal\spi.o
 .debug_pubnames
                0x0000000000003363       0x7d Source\Drivers\Internal\segment.o
 .debug_pubnames
                0x00000000000033e0       0x70 Source\Drivers\Internal\pwm.o
 .debug_pubnames
                0x0000000000003450      0x128 c:/rapidittyde0/plugins/com.ttesystems.tte32.tools.win32_2.4.0/files/bin/../lib/gcc/mipsel-elf/4.4.5/soft-float\libsyscalls.a(syscalls.o)
 .debug_pubnames
                0x0000000000003578       0x1e c:/rapidittyde0/plugins/com.ttesystems.tte32.tools.win32_2.4.0/files/bin/../lib/gcc/mipsel-elf/4.4.5/../../../../mipsel-elf/lib/soft-float\libc.a(lib_a-errno.o)
 .debug_pubnames
                0x0000000000003596       0x39 c:/rapidittyde0/plugins/com.ttesystems.tte32.tools.win32_2.4.0/files/bin/../lib/gcc/mipsel-elf/4.4.5/../../../../mipsel-elf/lib/soft-float\libc.a(lib_a-impure.o)
 .debug_pubnames
                0x00000000000035cf       0x1d c:/rapidittyde0/plugins/com.ttesystems.tte32.tools.win32_2.4.0/files/bin/../lib/gcc/mipsel-elf/4.4.5/../../../../mipsel-elf/lib/soft-float\libc.a(lib_a-strcmp.o)
 .debug_pubnames
                0x00000000000035ec       0x2c c:/rapidittyde0/plugins/com.ttesystems.tte32.tools.win32_2.4.0/files/bin/../lib/gcc/mipsel-elf/4.4.5/soft-float\libgcc.a(_addsub_df.o)
 .debug_pubnames
                0x0000000000003618       0x1f c:/rapidittyde0/plugins/com.ttesystems.tte32.tools.win32_2.4.0/files/bin/../lib/gcc/mipsel-elf/4.4.5/soft-float\libgcc.a(_mul_df.o)
 .debug_pubnames
                0x0000000000003637       0x22 c:/rapidittyde0/plugins/com.ttesystems.tte32.tools.win32_2.4.0/files/bin/../lib/gcc/mipsel-elf/4.4.5/soft-float\libgcc.a(_si_to_df.o)
 .debug_pubnames
                0x0000000000003659       0x20 c:/rapidittyde0/plugins/com.ttesystems.tte32.tools.win32_2.4.0/files/bin/../lib/gcc/mipsel-elf/4.4.5/soft-float\libgcc.a(_df_to_si.o)
 .debug_pubnames
                0x0000000000003679       0x22 c:/rapidittyde0/plugins/com.ttesystems.tte32.tools.win32_2.4.0/files/bin/../lib/gcc/mipsel-elf/4.4.5/soft-float\libgcc.a(_thenan_df.o)
 .debug_pubnames
                0x000000000000369b       0x20 c:/rapidittyde0/plugins/com.ttesystems.tte32.tools.win32_2.4.0/files/bin/../lib/gcc/mipsel-elf/4.4.5/soft-float\libgcc.a(_ucmpdi2.o)
 .debug_pubnames
                0x00000000000036bb       0x1f c:/rapidittyde0/plugins/com.ttesystems.tte32.tools.win32_2.4.0/files/bin/../lib/gcc/mipsel-elf/4.4.5/soft-float\libgcc.a(_clzsi2.o)
 .debug_pubnames
                0x00000000000036da       0x1f c:/rapidittyde0/plugins/com.ttesystems.tte32.tools.win32_2.4.0/files/bin/../lib/gcc/mipsel-elf/4.4.5/soft-float\libgcc.a(_pack_df.o)
 .debug_pubnames
                0x00000000000036f9       0x21 c:/rapidittyde0/plugins/com.ttesystems.tte32.tools.win32_2.4.0/files/bin/../lib/gcc/mipsel-elf/4.4.5/soft-float\libgcc.a(_unpack_df.o)
 .debug_pubnames
                0x000000000000371a       0x20 c:/rapidittyde0/plugins/com.ttesystems.tte32.tools.win32_2.4.0/files/bin/../lib/gcc/mipsel-elf/4.4.5/soft-float\libgcc.a(_lshrdi3.o)
 .debug_pubnames
                0x000000000000373a       0x20 c:/rapidittyde0/plugins/com.ttesystems.tte32.tools.win32_2.4.0/files/bin/../lib/gcc/mipsel-elf/4.4.5/soft-float\libgcc.a(_ashldi3.o)
 .debug_pubnames
                0x000000000000375a       0x20 c:/rapidittyde0/plugins/com.ttesystems.tte32.tools.win32_2.4.0/files/bin/../lib/gcc/mipsel-elf/4.4.5/soft-float\libgcc.a(_clz.o)

.debug_aranges  0x0000000000000000      0x7e0
 .debug_aranges
                0x0000000000000000       0x28 Source\main.o
 .debug_aranges
                0x0000000000000028       0x20 Source\Tasks\tasks.o
 .debug_aranges
                0x0000000000000048       0x28 Source\Tasks\object_detection\object_detection.o
 .debug_aranges
                0x0000000000000070       0x28 Source\Tasks\System_Control\system_control.o
 .debug_aranges
                0x0000000000000098       0x28 Source\Tasks\Read_Enc\read_enc.o
 .debug_aranges
                0x00000000000000c0       0x40 Source\Tasks\Motor_Right\motor_right.o
 .debug_aranges
                0x0000000000000100       0x38 Source\Tasks\Motor_Left\motor_left.o
 .debug_aranges
                0x0000000000000138       0x40 Source\Tasks\Message_Sender\message_sender.o
 .debug_aranges
                0x0000000000000178       0x28 Source\Tasks\Flashing_LED\flashing_led.o
 .debug_aranges
                0x00000000000001a0       0x28 Source\Tasks\Course_Corrector\course_corrector.o
 .debug_aranges
                0x00000000000001c8       0x48 Source\Tasks\CAN_relay\can_relay.o
 .debug_aranges
                0x0000000000000210       0x50 Source\System\startup.o
 .debug_aranges
                0x0000000000000260       0x40 Source\Scheduler\Internal\scheduler.o
 .debug_aranges
                0x00000000000002a0       0xb0 Source\Scheduler\Internal\log.o
 .debug_aranges
                0x0000000000000350       0x70 Source\Scheduler\Internal\interrupt.o
 .debug_aranges
                0x00000000000003c0       0x78 Source\Drivers\Internal\uart.o
 .debug_aranges
                0x0000000000000438       0x70 Source\Drivers\Internal\timer.o
 .debug_aranges
                0x00000000000004a8       0x50 Source\Drivers\Internal\text_lcd.o
 .debug_aranges
                0x00000000000004f8       0x30 Source\Drivers\Internal\spi.o
 .debug_aranges
                0x0000000000000528       0x40 Source\Drivers\Internal\segment.o
 .debug_aranges
                0x0000000000000568       0x40 Source\Drivers\Internal\pwm.o
 .debug_aranges
                0x00000000000005a8       0xb8 c:/rapidittyde0/plugins/com.ttesystems.tte32.tools.win32_2.4.0/files/bin/../lib/gcc/mipsel-elf/4.4.5/soft-float\libsyscalls.a(syscalls.o)
 .debug_aranges
                0x0000000000000660       0x20 c:/rapidittyde0/plugins/com.ttesystems.tte32.tools.win32_2.4.0/files/bin/../lib/gcc/mipsel-elf/4.4.5/../../../../mipsel-elf/lib/soft-float\libc.a(lib_a-errno.o)
 .debug_aranges
                0x0000000000000680       0x20 c:/rapidittyde0/plugins/com.ttesystems.tte32.tools.win32_2.4.0/files/bin/../lib/gcc/mipsel-elf/4.4.5/../../../../mipsel-elf/lib/soft-float\libc.a(lib_a-strcmp.o)
 .debug_aranges
                0x00000000000006a0       0x20 c:/rapidittyde0/plugins/com.ttesystems.tte32.tools.win32_2.4.0/files/bin/../lib/gcc/mipsel-elf/4.4.5/soft-float\libgcc.a(_addsub_df.o)
 .debug_aranges
                0x00000000000006c0       0x20 c:/rapidittyde0/plugins/com.ttesystems.tte32.tools.win32_2.4.0/files/bin/../lib/gcc/mipsel-elf/4.4.5/soft-float\libgcc.a(_mul_df.o)
 .debug_aranges
                0x00000000000006e0       0x20 c:/rapidittyde0/plugins/com.ttesystems.tte32.tools.win32_2.4.0/files/bin/../lib/gcc/mipsel-elf/4.4.5/soft-float\libgcc.a(_si_to_df.o)
 .debug_aranges
                0x0000000000000700       0x20 c:/rapidittyde0/plugins/com.ttesystems.tte32.tools.win32_2.4.0/files/bin/../lib/gcc/mipsel-elf/4.4.5/soft-float\libgcc.a(_df_to_si.o)
 .debug_aranges
                0x0000000000000720       0x20 c:/rapidittyde0/plugins/com.ttesystems.tte32.tools.win32_2.4.0/files/bin/../lib/gcc/mipsel-elf/4.4.5/soft-float\libgcc.a(_ucmpdi2.o)
 .debug_aranges
                0x0000000000000740       0x20 c:/rapidittyde0/plugins/com.ttesystems.tte32.tools.win32_2.4.0/files/bin/../lib/gcc/mipsel-elf/4.4.5/soft-float\libgcc.a(_clzsi2.o)
 .debug_aranges
                0x0000000000000760       0x20 c:/rapidittyde0/plugins/com.ttesystems.tte32.tools.win32_2.4.0/files/bin/../lib/gcc/mipsel-elf/4.4.5/soft-float\libgcc.a(_pack_df.o)
 .debug_aranges
                0x0000000000000780       0x20 c:/rapidittyde0/plugins/com.ttesystems.tte32.tools.win32_2.4.0/files/bin/../lib/gcc/mipsel-elf/4.4.5/soft-float\libgcc.a(_unpack_df.o)
 .debug_aranges
                0x00000000000007a0       0x20 c:/rapidittyde0/plugins/com.ttesystems.tte32.tools.win32_2.4.0/files/bin/../lib/gcc/mipsel-elf/4.4.5/soft-float\libgcc.a(_lshrdi3.o)
 .debug_aranges
                0x00000000000007c0       0x20 c:/rapidittyde0/plugins/com.ttesystems.tte32.tools.win32_2.4.0/files/bin/../lib/gcc/mipsel-elf/4.4.5/soft-float\libgcc.a(_ashldi3.o)

.debug_ranges   0x0000000000000000      0xf30
 .debug_ranges  0x0000000000000000       0x20 Source\main.o
 .debug_ranges  0x0000000000000020       0x18 Source\Tasks\tasks.o
 .debug_ranges  0x0000000000000038       0x20 Source\Tasks\object_detection\object_detection.o
 .debug_ranges  0x0000000000000058       0xe8 Source\Tasks\System_Control\system_control.o
 .debug_ranges  0x0000000000000140       0x20 Source\Tasks\Read_Enc\read_enc.o
 .debug_ranges  0x0000000000000160       0x90 Source\Tasks\Motor_Right\motor_right.o
 .debug_ranges  0x00000000000001f0       0x88 Source\Tasks\Motor_Left\motor_left.o
 .debug_ranges  0x0000000000000278      0x398 Source\Tasks\Message_Sender\message_sender.o
 .debug_ranges  0x0000000000000610       0x68 Source\Tasks\Flashing_LED\flashing_led.o
 .debug_ranges  0x0000000000000678       0x20 Source\Tasks\Course_Corrector\course_corrector.o
 .debug_ranges  0x0000000000000698       0xc0 Source\Tasks\CAN_relay\can_relay.o
 .debug_ranges  0x0000000000000758       0x48 Source\System\startup.o
 .debug_ranges  0x00000000000007a0      0x108 Source\Scheduler\Internal\scheduler.o
 .debug_ranges  0x00000000000008a8      0x1c8 Source\Scheduler\Internal\log.o
 .debug_ranges  0x0000000000000a70       0x68 Source\Scheduler\Internal\interrupt.o
 .debug_ranges  0x0000000000000ad8       0x70 Source\Drivers\Internal\uart.o
 .debug_ranges  0x0000000000000b48       0xe0 Source\Drivers\Internal\timer.o
 .debug_ranges  0x0000000000000c28       0xa8 Source\Drivers\Internal\text_lcd.o
 .debug_ranges  0x0000000000000cd0       0x40 Source\Drivers\Internal\spi.o
 .debug_ranges  0x0000000000000d10       0x38 Source\Drivers\Internal\segment.o
 .debug_ranges  0x0000000000000d48       0x38 Source\Drivers\Internal\pwm.o
 .debug_ranges  0x0000000000000d80       0xb0 c:/rapidittyde0/plugins/com.ttesystems.tte32.tools.win32_2.4.0/files/bin/../lib/gcc/mipsel-elf/4.4.5/soft-float\libsyscalls.a(syscalls.o)
 .debug_ranges  0x0000000000000e30       0x18 c:/rapidittyde0/plugins/com.ttesystems.tte32.tools.win32_2.4.0/files/bin/../lib/gcc/mipsel-elf/4.4.5/../../../../mipsel-elf/lib/soft-float\libc.a(lib_a-errno.o)
 .debug_ranges  0x0000000000000e48       0x18 c:/rapidittyde0/plugins/com.ttesystems.tte32.tools.win32_2.4.0/files/bin/../lib/gcc/mipsel-elf/4.4.5/../../../../mipsel-elf/lib/soft-float\libc.a(lib_a-strcmp.o)
 .debug_ranges  0x0000000000000e60       0x38 c:/rapidittyde0/plugins/com.ttesystems.tte32.tools.win32_2.4.0/files/bin/../lib/gcc/mipsel-elf/4.4.5/soft-float\libgcc.a(_addsub_df.o)
 .debug_ranges  0x0000000000000e98       0x58 c:/rapidittyde0/plugins/com.ttesystems.tte32.tools.win32_2.4.0/files/bin/../lib/gcc/mipsel-elf/4.4.5/soft-float\libgcc.a(_mul_df.o)
 .debug_ranges  0x0000000000000ef0       0x18 c:/rapidittyde0/plugins/com.ttesystems.tte32.tools.win32_2.4.0/files/bin/../lib/gcc/mipsel-elf/4.4.5/soft-float\libgcc.a(_si_to_df.o)
 .debug_ranges  0x0000000000000f08       0x28 c:/rapidittyde0/plugins/com.ttesystems.tte32.tools.win32_2.4.0/files/bin/../lib/gcc/mipsel-elf/4.4.5/soft-float\libgcc.a(_clzsi2.o)

.debug_str      0x0000000000000000     0x23dc
 .debug_str     0x0000000000000000      0x137 Source\main.o
                                        0x175 (size before relaxing)
 .debug_str     0x0000000000000137      0x4f6 Source\config.o
                                        0x652 (size before relaxing)
 .debug_str     0x000000000000062d       0x23 Source\Tasks\tasks.o
                                        0x592 (size before relaxing)
 .debug_str     0x0000000000000650       0x7b Source\Tasks\object_detection\object_detection.o
                                        0x5ea (size before relaxing)
 .debug_str     0x00000000000006cb      0x261 Source\Tasks\System_Control\system_control.o
                                        0x7dc (size before relaxing)
 .debug_str     0x000000000000092c       0xbb Source\Tasks\Read_Enc\read_enc.o
                                        0x814 (size before relaxing)
 .debug_str     0x00000000000009e7       0xda Source\Tasks\Motor_Right\motor_right.o
                                        0x869 (size before relaxing)
 .debug_str     0x0000000000000ac1       0x78 Source\Tasks\Motor_Left\motor_left.o
                                        0x83a (size before relaxing)
 .debug_str     0x0000000000000b39      0x138 Source\Tasks\Message_Sender\message_sender.o
                                        0x8fa (size before relaxing)
 .debug_str     0x0000000000000c71       0x5c Source\Tasks\Flashing_LED\flashing_led.o
                                        0x7d5 (size before relaxing)
 .debug_str     0x0000000000000ccd       0x62 Source\Tasks\Course_Corrector\course_corrector.o
                                        0x7a4 (size before relaxing)
 .debug_str     0x0000000000000d2f       0xc1 Source\Tasks\CAN_relay\can_relay.o
                                        0x7d9 (size before relaxing)
 .debug_str     0x0000000000000df0       0xf4 Source\Scheduler\Internal\scheduler.o
                                        0x2c2 (size before relaxing)
 .debug_str     0x0000000000000ee4      0x237 Source\Scheduler\Internal\log.o
                                        0x42c (size before relaxing)
 .debug_str     0x000000000000111b      0x11a Source\Scheduler\Internal\interrupt.o
                                        0x24d (size before relaxing)
 .debug_str     0x0000000000001235      0x56f Source\Drivers\Internal\uart.o
                                        0x6de (size before relaxing)
 .debug_str     0x00000000000017a4      0x15a Source\Drivers\Internal\timer.o
                                        0x2b4 (size before relaxing)
 .debug_str     0x00000000000018fe       0xfd Source\Drivers\Internal\text_lcd.o
                                        0x281 (size before relaxing)
 .debug_str     0x00000000000019fb       0x8d Source\Drivers\Internal\spi.o
                                        0x1a8 (size before relaxing)
 .debug_str     0x0000000000001a88       0xe2 Source\Drivers\Internal\segment.o
                                        0x1ff (size before relaxing)
 .debug_str     0x0000000000001b6a       0xd5 Source\Drivers\Internal\pwm.o
                                        0x1df (size before relaxing)
 .debug_str     0x0000000000001c3f      0x25a c:/rapidittyde0/plugins/com.ttesystems.tte32.tools.win32_2.4.0/files/bin/../lib/gcc/mipsel-elf/4.4.5/soft-float\libsyscalls.a(syscalls.o)
                                        0x74d (size before relaxing)
 .debug_str     0x0000000000001e99       0xae c:/rapidittyde0/plugins/com.ttesystems.tte32.tools.win32_2.4.0/files/bin/../lib/gcc/mipsel-elf/4.4.5/../../../../mipsel-elf/lib/soft-float\libc.a(lib_a-errno.o)
                                        0x4fe (size before relaxing)
 .debug_str     0x0000000000001f47       0xc6 c:/rapidittyde0/plugins/com.ttesystems.tte32.tools.win32_2.4.0/files/bin/../lib/gcc/mipsel-elf/4.4.5/../../../../mipsel-elf/lib/soft-float\libc.a(lib_a-impure.o)
                                        0x516 (size before relaxing)
 .debug_str     0x000000000000200d       0xc4 c:/rapidittyde0/plugins/com.ttesystems.tte32.tools.win32_2.4.0/files/bin/../lib/gcc/mipsel-elf/4.4.5/../../../../mipsel-elf/lib/soft-float\libc.a(lib_a-strcmp.o)
                                        0x159 (size before relaxing)
 .debug_str     0x00000000000020d1      0x1b6 c:/rapidittyde0/plugins/com.ttesystems.tte32.tools.win32_2.4.0/files/bin/../lib/gcc/mipsel-elf/4.4.5/soft-float\libgcc.a(_addsub_df.o)
                                        0x257 (size before relaxing)
 .debug_str     0x0000000000002287       0x45 c:/rapidittyde0/plugins/com.ttesystems.tte32.tools.win32_2.4.0/files/bin/../lib/gcc/mipsel-elf/4.4.5/soft-float\libgcc.a(_mul_df.o)
                                        0x229 (size before relaxing)
 .debug_str     0x00000000000022cc       0x1e c:/rapidittyde0/plugins/com.ttesystems.tte32.tools.win32_2.4.0/files/bin/../lib/gcc/mipsel-elf/4.4.5/soft-float\libgcc.a(_si_to_df.o)
                                        0x1be (size before relaxing)
 .debug_str     0x00000000000022ea        0xa c:/rapidittyde0/plugins/com.ttesystems.tte32.tools.win32_2.4.0/files/bin/../lib/gcc/mipsel-elf/4.4.5/soft-float\libgcc.a(_df_to_si.o)
                                        0x1e7 (size before relaxing)
 .debug_str     0x0000000000000000      0x183 c:/rapidittyde0/plugins/com.ttesystems.tte32.tools.win32_2.4.0/files/bin/../lib/gcc/mipsel-elf/4.4.5/soft-float\libgcc.a(_thenan_df.o)
 .debug_str     0x00000000000022f4       0x80 c:/rapidittyde0/plugins/com.ttesystems.tte32.tools.win32_2.4.0/files/bin/../lib/gcc/mipsel-elf/4.4.5/soft-float\libgcc.a(_ucmpdi2.o)
                                        0x188 (size before relaxing)
 .debug_str     0x0000000000002374       0x20 c:/rapidittyde0/plugins/com.ttesystems.tte32.tools.win32_2.4.0/files/bin/../lib/gcc/mipsel-elf/4.4.5/soft-float\libgcc.a(_clzsi2.o)
                                        0x179 (size before relaxing)
 .debug_str     0x0000000000002394       0x10 c:/rapidittyde0/plugins/com.ttesystems.tte32.tools.win32_2.4.0/files/bin/../lib/gcc/mipsel-elf/4.4.5/soft-float\libgcc.a(_pack_df.o)
                                        0x1e6 (size before relaxing)
 .debug_str     0x00000000000023a4        0xb c:/rapidittyde0/plugins/com.ttesystems.tte32.tools.win32_2.4.0/files/bin/../lib/gcc/mipsel-elf/4.4.5/soft-float\libgcc.a(_unpack_df.o)
                                        0x1c8 (size before relaxing)
 .debug_str     0x00000000000023af       0x23 c:/rapidittyde0/plugins/com.ttesystems.tte32.tools.win32_2.4.0/files/bin/../lib/gcc/mipsel-elf/4.4.5/soft-float\libgcc.a(_lshrdi3.o)
                                        0x199 (size before relaxing)
 .debug_str     0x00000000000023d2        0xa c:/rapidittyde0/plugins/com.ttesystems.tte32.tools.win32_2.4.0/files/bin/../lib/gcc/mipsel-elf/4.4.5/soft-float\libgcc.a(_ashldi3.o)
                                        0x199 (size before relaxing)
 .debug_str     0x0000000000000000      0x15c c:/rapidittyde0/plugins/com.ttesystems.tte32.tools.win32_2.4.0/files/bin/../lib/gcc/mipsel-elf/4.4.5/soft-float\libgcc.a(_clz.o)
